<?xml version="1.0"?>
<link_info>
   <banner>TMS320C2000 Linker PC v6.2.0</banner>
   <copyright>Copyright (c) 1996-2013 Texas Instruments Incorporated</copyright>
   <link_time>0x5ad17c2f</link_time>
   <link_errors>0x0</link_errors>
   <output_file>Example31_DSP2833x_LCD1602.out</output_file>
   <entry_point>
      <name>_c_int00</name>
      <address>0xa390</address>
   </entry_point>
   <input_file_list>
      <input_file id="fl-2">
         <path>.\APP\24cxx\</path>
         <kind>object</kind>
         <file>24cxx.obj</file>
         <name>24cxx.obj</name>
      </input_file>
      <input_file id="fl-3">
         <path>.\APP\adc\</path>
         <kind>object</kind>
         <file>adc.obj</file>
         <name>adc.obj</name>
      </input_file>
      <input_file id="fl-4">
         <path>.\APP\beep\</path>
         <kind>object</kind>
         <file>beep.obj</file>
         <name>beep.obj</name>
      </input_file>
      <input_file id="fl-5">
         <path>.\APP\dc_motor\</path>
         <kind>object</kind>
         <file>dc_motor.obj</file>
         <name>dc_motor.obj</name>
      </input_file>
      <input_file id="fl-6">
         <path>.\APP\epwm\</path>
         <kind>object</kind>
         <file>epwm.obj</file>
         <name>epwm.obj</name>
      </input_file>
      <input_file id="fl-7">
         <path>.\APP\exti\</path>
         <kind>object</kind>
         <file>exti.obj</file>
         <name>exti.obj</name>
      </input_file>
      <input_file id="fl-8">
         <path>.\APP\iic\</path>
         <kind>object</kind>
         <file>iic.obj</file>
         <name>iic.obj</name>
      </input_file>
      <input_file id="fl-9">
         <path>.\APP\key\</path>
         <kind>object</kind>
         <file>key.obj</file>
         <name>key.obj</name>
      </input_file>
      <input_file id="fl-a">
         <path>.\APP\lcd1602\</path>
         <kind>object</kind>
         <file>lcd1602.obj</file>
         <name>lcd1602.obj</name>
      </input_file>
      <input_file id="fl-b">
         <path>.\APP\leds\</path>
         <kind>object</kind>
         <file>leds.obj</file>
         <name>leds.obj</name>
      </input_file>
      <input_file id="fl-c">
         <path>.\APP\relay\</path>
         <kind>object</kind>
         <file>relay.obj</file>
         <name>relay.obj</name>
      </input_file>
      <input_file id="fl-d">
         <path>.\APP\secwatch\</path>
         <kind>object</kind>
         <file>secwatch.obj</file>
         <name>secwatch.obj</name>
      </input_file>
      <input_file id="fl-e">
         <path>.\APP\smg\</path>
         <kind>object</kind>
         <file>smg.obj</file>
         <name>smg.obj</name>
      </input_file>
      <input_file id="fl-f">
         <path>.\APP\spi\</path>
         <kind>object</kind>
         <file>spi.obj</file>
         <name>spi.obj</name>
      </input_file>
      <input_file id="fl-10">
         <path>.\APP\step_motor\</path>
         <kind>object</kind>
         <file>step_motor.obj</file>
         <name>step_motor.obj</name>
      </input_file>
      <input_file id="fl-11">
         <path>.\APP\time\</path>
         <kind>object</kind>
         <file>time.obj</file>
         <name>time.obj</name>
      </input_file>
      <input_file id="fl-12">
         <path>.\APP\uart\</path>
         <kind>object</kind>
         <file>uart.obj</file>
         <name>uart.obj</name>
      </input_file>
      <input_file id="fl-13">
         <path>.\DSP2833x_Libraries\</path>
         <kind>object</kind>
         <file>DSP2833x_usDelay.obj</file>
         <name>DSP2833x_usDelay.obj</name>
      </input_file>
      <input_file id="fl-14">
         <path>.\DSP2833x_Libraries\</path>
         <kind>object</kind>
         <file>DSP2833x_SysCtrl.obj</file>
         <name>DSP2833x_SysCtrl.obj</name>
      </input_file>
      <input_file id="fl-15">
         <path>.\DSP2833x_Libraries\</path>
         <kind>object</kind>
         <file>DSP2833x_Spi.obj</file>
         <name>DSP2833x_Spi.obj</name>
      </input_file>
      <input_file id="fl-16">
         <path>.\DSP2833x_Libraries\</path>
         <kind>object</kind>
         <file>DSP2833x_Sci.obj</file>
         <name>DSP2833x_Sci.obj</name>
      </input_file>
      <input_file id="fl-17">
         <path>.\DSP2833x_Libraries\</path>
         <kind>object</kind>
         <file>DSP2833x_PieVect.obj</file>
         <name>DSP2833x_PieVect.obj</name>
      </input_file>
      <input_file id="fl-18">
         <path>.\DSP2833x_Libraries\</path>
         <kind>object</kind>
         <file>DSP2833x_PieCtrl.obj</file>
         <name>DSP2833x_PieCtrl.obj</name>
      </input_file>
      <input_file id="fl-19">
         <path>.\DSP2833x_Libraries\</path>
         <kind>object</kind>
         <file>DSP2833x_Gpio.obj</file>
         <name>DSP2833x_Gpio.obj</name>
      </input_file>
      <input_file id="fl-1a">
         <path>.\DSP2833x_Libraries\</path>
         <kind>object</kind>
         <file>DSP2833x_GlobalVariableDefs.obj</file>
         <name>DSP2833x_GlobalVariableDefs.obj</name>
      </input_file>
      <input_file id="fl-1b">
         <path>.\DSP2833x_Libraries\</path>
         <kind>object</kind>
         <file>DSP2833x_EPwm.obj</file>
         <name>DSP2833x_EPwm.obj</name>
      </input_file>
      <input_file id="fl-1c">
         <path>.\DSP2833x_Libraries\</path>
         <kind>object</kind>
         <file>DSP2833x_DefaultIsr.obj</file>
         <name>DSP2833x_DefaultIsr.obj</name>
      </input_file>
      <input_file id="fl-1d">
         <path>.\DSP2833x_Libraries\</path>
         <kind>object</kind>
         <file>DSP2833x_CpuTimers.obj</file>
         <name>DSP2833x_CpuTimers.obj</name>
      </input_file>
      <input_file id="fl-1e">
         <path>.\DSP2833x_Libraries\</path>
         <kind>object</kind>
         <file>DSP2833x_CodeStartBranch.obj</file>
         <name>DSP2833x_CodeStartBranch.obj</name>
      </input_file>
      <input_file id="fl-1f">
         <path>.\DSP2833x_Libraries\</path>
         <kind>object</kind>
         <file>DSP2833x_Adc.obj</file>
         <name>DSP2833x_Adc.obj</name>
      </input_file>
      <input_file id="fl-20">
         <path>.\DSP2833x_Libraries\</path>
         <kind>object</kind>
         <file>DSP2833x_ADC_cal.obj</file>
         <name>DSP2833x_ADC_cal.obj</name>
      </input_file>
      <input_file id="fl-21">
         <path>.\User\</path>
         <kind>object</kind>
         <file>main.obj</file>
         <name>main.obj</name>
      </input_file>
      <input_file id="fl-32">
         <path>C:\ti\ccsv5\tools\compiler\c2000_6.2.0\lib\</path>
         <kind>archive</kind>
         <file>rts2800_fpu32.lib</file>
         <name>boot.obj</name>
      </input_file>
      <input_file id="fl-33">
         <path>C:\ti\ccsv5\tools\compiler\c2000_6.2.0\lib\</path>
         <kind>archive</kind>
         <file>rts2800_fpu32.lib</file>
         <name>exit.obj</name>
      </input_file>
      <input_file id="fl-34">
         <path>C:\ti\ccsv5\tools\compiler\c2000_6.2.0\lib\</path>
         <kind>archive</kind>
         <file>rts2800_fpu32.lib</file>
         <name>_lock.obj</name>
      </input_file>
      <input_file id="fl-35">
         <path>C:\ti\ccsv5\tools\compiler\c2000_6.2.0\lib\</path>
         <kind>archive</kind>
         <file>rts2800_fpu32.lib</file>
         <name>u_div.obj</name>
      </input_file>
      <input_file id="fl-36">
         <path>C:\ti\ccsv5\tools\compiler\c2000_6.2.0\lib\</path>
         <kind>archive</kind>
         <file>rts2800_fpu32.lib</file>
         <name>args_main.obj</name>
      </input_file>
   </input_file_list>
   <object_component_list>
      <object_component id="oc-119">
         <name>codestart</name>
         <load_address>0x0</load_address>
         <run_address>0x0</run_address>
         <size>0x2</size>
         <input_file_ref idref="fl-1e"/>
      </object_component>
      <object_component id="oc-b7">
         <name>ramfuncs</name>
         <load_address>0x8056</load_address>
         <run_address>0x8056</run_address>
         <size>0x1b</size>
         <input_file_ref idref="fl-14"/>
      </object_component>
      <object_component id="oc-b1">
         <name>ramfuncs</name>
         <load_address>0x8071</load_address>
         <run_address>0x8071</run_address>
         <size>0x4</size>
         <input_file_ref idref="fl-13"/>
      </object_component>
      <object_component id="oc-90">
         <name>.text</name>
         <load_address>0x9000</load_address>
         <run_address>0x9000</run_address>
         <size>0x348</size>
         <input_file_ref idref="fl-e"/>
      </object_component>
      <object_component id="oc-10e">
         <name>.text:retain</name>
         <load_address>0x9348</load_address>
         <run_address>0x9348</run_address>
         <size>0x323</size>
         <input_file_ref idref="fl-1c"/>
      </object_component>
      <object_component id="oc-a9">
         <name>.text</name>
         <load_address>0x966b</load_address>
         <run_address>0x966b</run_address>
         <size>0x132</size>
         <input_file_ref idref="fl-12"/>
      </object_component>
      <object_component id="oc-75">
         <name>.text</name>
         <load_address>0x979d</load_address>
         <run_address>0x979d</run_address>
         <size>0x126</size>
         <input_file_ref idref="fl-9"/>
      </object_component>
      <object_component id="oc-70">
         <name>.text</name>
         <load_address>0x98c3</load_address>
         <run_address>0x98c3</run_address>
         <size>0x104</size>
         <input_file_ref idref="fl-8"/>
      </object_component>
      <object_component id="oc-64">
         <name>.text</name>
         <load_address>0x99c7</load_address>
         <run_address>0x99c7</run_address>
         <size>0xfc</size>
         <input_file_ref idref="fl-6"/>
      </object_component>
      <object_component id="oc-b5">
         <name>.text</name>
         <load_address>0x9ac3</load_address>
         <run_address>0x9ac3</run_address>
         <size>0xf3</size>
         <input_file_ref idref="fl-14"/>
      </object_component>
      <object_component id="oc-4f">
         <name>.text</name>
         <load_address>0x9bb6</load_address>
         <run_address>0x9bb6</run_address>
         <size>0xcd</size>
         <input_file_ref idref="fl-3"/>
      </object_component>
      <object_component id="oc-4a">
         <name>.text</name>
         <load_address>0x9c83</load_address>
         <run_address>0x9c83</run_address>
         <size>0xc3</size>
         <input_file_ref idref="fl-2"/>
      </object_component>
      <object_component id="oc-7c">
         <name>.text</name>
         <load_address>0x9d46</load_address>
         <run_address>0x9d46</run_address>
         <size>0xbe</size>
         <input_file_ref idref="fl-a"/>
      </object_component>
      <object_component id="oc-9a">
         <name>.text:retain</name>
         <load_address>0x9e04</load_address>
         <run_address>0x9e04</run_address>
         <size>0xab</size>
         <input_file_ref idref="fl-f"/>
      </object_component>
      <object_component id="oc-108">
         <name>.text</name>
         <load_address>0x9eaf</load_address>
         <run_address>0x9eaf</run_address>
         <size>0xaa</size>
         <input_file_ref idref="fl-1b"/>
      </object_component>
      <object_component id="oc-a3">
         <name>.text</name>
         <load_address>0x9f59</load_address>
         <run_address>0x9f59</run_address>
         <size>0xa6</size>
         <input_file_ref idref="fl-11"/>
      </object_component>
      <object_component id="oc-60">
         <name>.text:retain</name>
         <load_address>0x9fff</load_address>
         <run_address>0x9fff</run_address>
         <size>0x8b</size>
         <input_file_ref idref="fl-5"/>
      </object_component>
      <object_component id="oc-5c">
         <name>.text</name>
         <load_address>0xa08a</load_address>
         <run_address>0xa08a</run_address>
         <size>0x7e</size>
         <input_file_ref idref="fl-5"/>
      </object_component>
      <object_component id="oc-112">
         <name>.text</name>
         <load_address>0xa108</load_address>
         <run_address>0xa108</run_address>
         <size>0x7c</size>
         <input_file_ref idref="fl-1d"/>
      </object_component>
      <object_component id="oc-97">
         <name>.text</name>
         <load_address>0xa184</load_address>
         <run_address>0xa184</run_address>
         <size>0x7a</size>
         <input_file_ref idref="fl-f"/>
      </object_component>
      <object_component id="oc-6a">
         <name>.text</name>
         <load_address>0xa1fe</load_address>
         <run_address>0xa1fe</run_address>
         <size>0x6f</size>
         <input_file_ref idref="fl-7"/>
      </object_component>
      <object_component id="oc-8b">
         <name>.text</name>
         <load_address>0xa26d</load_address>
         <run_address>0xa26d</run_address>
         <size>0x6d</size>
         <input_file_ref idref="fl-d"/>
      </object_component>
      <object_component id="oc-ad">
         <name>.text:retain</name>
         <load_address>0xa2da</load_address>
         <run_address>0xa2da</run_address>
         <size>0x66</size>
         <input_file_ref idref="fl-12"/>
      </object_component>
      <object_component id="oc-6c">
         <name>.text:retain</name>
         <load_address>0xa340</load_address>
         <run_address>0xa340</run_address>
         <size>0x50</size>
         <input_file_ref idref="fl-7"/>
      </object_component>
      <object_component id="oc-49">
         <name>.text</name>
         <load_address>0xa390</load_address>
         <run_address>0xa390</run_address>
         <size>0x46</size>
         <input_file_ref idref="fl-32"/>
      </object_component>
      <object_component id="oc-81">
         <name>.text</name>
         <load_address>0xa3d6</load_address>
         <run_address>0xa3d6</run_address>
         <size>0x40</size>
         <input_file_ref idref="fl-b"/>
      </object_component>
      <object_component id="oc-a5">
         <name>.text:retain</name>
         <load_address>0xa416</load_address>
         <run_address>0xa416</run_address>
         <size>0x3d</size>
         <input_file_ref idref="fl-11"/>
      </object_component>
      <object_component id="oc-126">
         <name>.text</name>
         <load_address>0xa453</load_address>
         <run_address>0xa453</run_address>
         <size>0x37</size>
         <input_file_ref idref="fl-21"/>
      </object_component>
      <object_component id="oc-53">
         <name>.text:retain</name>
         <load_address>0xa48a</load_address>
         <run_address>0xa48a</run_address>
         <size>0x30</size>
         <input_file_ref idref="fl-3"/>
      </object_component>
      <object_component id="oc-c0">
         <name>.text</name>
         <load_address>0xa4ba</load_address>
         <run_address>0xa4ba</run_address>
         <size>0x2f</size>
         <input_file_ref idref="fl-16"/>
      </object_component>
      <object_component id="oc-bb">
         <name>.text</name>
         <load_address>0xa4e9</load_address>
         <run_address>0xa4e9</run_address>
         <size>0x2c</size>
         <input_file_ref idref="fl-15"/>
      </object_component>
      <object_component id="oc-cb">
         <name>.text</name>
         <load_address>0xa515</load_address>
         <run_address>0xa515</run_address>
         <size>0x28</size>
         <input_file_ref idref="fl-18"/>
      </object_component>
      <object_component id="oc-c5">
         <name>.text</name>
         <load_address>0xa53d</load_address>
         <run_address>0xa53d</run_address>
         <size>0x20</size>
         <input_file_ref idref="fl-17"/>
      </object_component>
      <object_component id="oc-9e">
         <name>.text</name>
         <load_address>0xa55d</load_address>
         <run_address>0xa55d</run_address>
         <size>0x20</size>
         <input_file_ref idref="fl-10"/>
      </object_component>
      <object_component id="oc-d0">
         <name>.text</name>
         <load_address>0xa57d</load_address>
         <run_address>0xa57d</run_address>
         <size>0x19</size>
         <input_file_ref idref="fl-19"/>
      </object_component>
      <object_component id="oc-66">
         <name>.text:retain</name>
         <load_address>0xa596</load_address>
         <run_address>0xa596</run_address>
         <size>0x19</size>
         <input_file_ref idref="fl-6"/>
      </object_component>
      <object_component id="oc-143">
         <name>.text</name>
         <load_address>0xa5af</load_address>
         <run_address>0xa5af</run_address>
         <size>0x19</size>
         <input_file_ref idref="fl-36"/>
      </object_component>
      <object_component id="oc-131">
         <name>.text</name>
         <load_address>0xa5c8</load_address>
         <run_address>0xa5c8</run_address>
         <size>0x19</size>
         <input_file_ref idref="fl-33"/>
      </object_component>
      <object_component id="oc-11d">
         <name>.text</name>
         <load_address>0xa5e1</load_address>
         <run_address>0xa5e1</run_address>
         <size>0x14</size>
         <input_file_ref idref="fl-1f"/>
      </object_component>
      <object_component id="oc-57">
         <name>.text</name>
         <load_address>0xa5f5</load_address>
         <run_address>0xa5f5</run_address>
         <size>0x10</size>
         <input_file_ref idref="fl-4"/>
      </object_component>
      <object_component id="oc-86">
         <name>.text</name>
         <load_address>0xa605</load_address>
         <run_address>0xa605</run_address>
         <size>0x10</size>
         <input_file_ref idref="fl-c"/>
      </object_component>
      <object_component id="oc-13f">
         <name>.text</name>
         <load_address>0xa615</load_address>
         <run_address>0xa615</run_address>
         <size>0xb</size>
         <input_file_ref idref="fl-35"/>
      </object_component>
      <object_component id="oc-138">
         <name>.text</name>
         <load_address>0xa620</load_address>
         <run_address>0xa620</run_address>
         <size>0x9</size>
         <input_file_ref idref="fl-34"/>
      </object_component>
      <object_component id="oc-118">
         <name>.text</name>
         <load_address>0xa629</load_address>
         <run_address>0xa629</run_address>
         <size>0x8</size>
         <input_file_ref idref="fl-1e"/>
      </object_component>
      <object_component id="oc-92">
         <name>.cinit</name>
         <load_address>0x8000</load_address>
         <run_address>0x8000</run_address>
         <size>0x13</size>
         <input_file_ref idref="fl-e"/>
      </object_component>
      <object_component id="oc-ab">
         <name>.cinit</name>
         <load_address>0x8013</load_address>
         <run_address>0x8013</run_address>
         <size>0xd</size>
         <input_file_ref idref="fl-12"/>
      </object_component>
      <object_component id="oc-5e">
         <name>.cinit</name>
         <load_address>0x8020</load_address>
         <run_address>0x8020</run_address>
         <size>0xc</size>
         <input_file_ref idref="fl-5"/>
      </object_component>
      <object_component id="oc-77">
         <name>.cinit</name>
         <load_address>0x802c</load_address>
         <run_address>0x802c</run_address>
         <size>0xc</size>
         <input_file_ref idref="fl-9"/>
      </object_component>
      <object_component id="oc-13a">
         <name>.cinit</name>
         <load_address>0x8038</load_address>
         <run_address>0x8038</run_address>
         <size>0xa</size>
         <input_file_ref idref="fl-34"/>
      </object_component>
      <object_component id="oc-133">
         <name>.cinit</name>
         <load_address>0x8042</load_address>
         <run_address>0x8042</run_address>
         <size>0xa</size>
         <input_file_ref idref="fl-33"/>
      </object_component>
      <object_component id="oc-51">
         <name>.cinit</name>
         <load_address>0x804c</load_address>
         <run_address>0x804c</run_address>
         <size>0x8</size>
         <input_file_ref idref="fl-3"/>
      </object_component>
      <object_component id="oc-12c">
         <name>.stack</name>
         <uninitialized>true</uninitialized>
         <run_address>0x400</run_address>
         <size>0x0</size>
         <input_file_ref idref="fl-32"/>
      </object_component>
      <object_component id="oc-198">
         <name>.stack</name>
         <uninitialized>true</uninitialized>
         <run_address>0x400</run_address>
         <size>0x0</size>
      </object_component>
      <object_component id="oc-52">
         <name>.ebss</name>
         <uninitialized>true</uninitialized>
         <run_address>0xc02a</run_address>
         <size>0x11</size>
         <input_file_ref idref="fl-3"/>
      </object_component>
      <object_component id="oc-5f">
         <name>.ebss</name>
         <uninitialized>true</uninitialized>
         <run_address>0xc064</run_address>
         <size>0x3</size>
         <input_file_ref idref="fl-5"/>
      </object_component>
      <object_component id="oc-78">
         <name>.ebss</name>
         <uninitialized>true</uninitialized>
         <run_address>0xc067</run_address>
         <size>0x3</size>
         <input_file_ref idref="fl-9"/>
      </object_component>
      <object_component id="oc-93">
         <name>.ebss</name>
         <uninitialized>true</uninitialized>
         <run_address>0xc040</run_address>
         <size>0x10</size>
         <input_file_ref idref="fl-e"/>
      </object_component>
      <object_component id="oc-99">
         <name>.ebss</name>
         <uninitialized>true</uninitialized>
         <run_address>0xc018</run_address>
         <size>0x12</size>
         <input_file_ref idref="fl-f"/>
      </object_component>
      <object_component id="oc-ac">
         <name>.ebss</name>
         <uninitialized>true</uninitialized>
         <run_address>0xc050</run_address>
         <size>0x10</size>
         <input_file_ref idref="fl-12"/>
      </object_component>
      <object_component id="oc-114">
         <name>.ebss</name>
         <uninitialized>true</uninitialized>
         <run_address>0xc000</run_address>
         <size>0x18</size>
         <input_file_ref idref="fl-1d"/>
      </object_component>
      <object_component id="oc-134">
         <name>.ebss</name>
         <uninitialized>true</uninitialized>
         <run_address>0xc060</run_address>
         <size>0x4</size>
         <input_file_ref idref="fl-33"/>
      </object_component>
      <object_component id="oc-13b">
         <name>.ebss</name>
         <uninitialized>true</uninitialized>
         <run_address>0xc03c</run_address>
         <size>0x4</size>
         <input_file_ref idref="fl-34"/>
      </object_component>
      <object_component id="oc-c7">
         <name>.econst</name>
         <load_address>0xd000</load_address>
         <run_address>0xd000</run_address>
         <size>0x100</size>
         <input_file_ref idref="fl-17"/>
      </object_component>
      <object_component id="oc-128">
         <name>.econst:.string</name>
         <load_address>0xd100</load_address>
         <run_address>0xd100</run_address>
         <size>0x21</size>
         <input_file_ref idref="fl-21"/>
      </object_component>
      <object_component id="oc-12d">
         <name>.reset</name>
         <load_address>0x3fffc0</load_address>
         <run_address>0x3fffc0</run_address>
         <size>0x2</size>
         <input_file_ref idref="fl-32"/>
      </object_component>
      <object_component id="oc-122">
         <name>.adc_cal</name>
         <load_address>0x380080</load_address>
         <run_address>0x380080</run_address>
         <size>0x7</size>
         <input_file_ref idref="fl-20"/>
      </object_component>
      <object_component id="oc-106">
         <name>PieVectTableFile</name>
         <uninitialized>true</uninitialized>
         <run_address>0xd00</run_address>
         <size>0x100</size>
         <input_file_ref idref="fl-1a"/>
      </object_component>
      <object_component id="oc-102">
         <name>DevEmuRegsFile</name>
         <uninitialized>true</uninitialized>
         <run_address>0x880</run_address>
         <size>0xd0</size>
         <input_file_ref idref="fl-1a"/>
      </object_component>
      <object_component id="oc-d8">
         <name>FlashRegsFile</name>
         <uninitialized>true</uninitialized>
         <run_address>0xa80</run_address>
         <size>0x8</size>
         <input_file_ref idref="fl-1a"/>
      </object_component>
      <object_component id="oc-e2">
         <name>CsmRegsFile</name>
         <uninitialized>true</uninitialized>
         <run_address>0xae0</run_address>
         <size>0x10</size>
         <input_file_ref idref="fl-1a"/>
      </object_component>
      <object_component id="oc-e1">
         <name>AdcMirrorFile</name>
         <uninitialized>true</uninitialized>
         <run_address>0xb00</run_address>
         <size>0x10</size>
         <input_file_ref idref="fl-1a"/>
      </object_component>
      <object_component id="oc-e5">
         <name>XintfRegsFile</name>
         <uninitialized>true</uninitialized>
         <run_address>0xb20</run_address>
         <size>0x1e</size>
         <input_file_ref idref="fl-1a"/>
      </object_component>
      <object_component id="oc-d9">
         <name>CpuTimer0RegsFile</name>
         <uninitialized>true</uninitialized>
         <run_address>0xc00</run_address>
         <size>0x8</size>
         <input_file_ref idref="fl-1a"/>
      </object_component>
      <object_component id="oc-d7">
         <name>CpuTimer1RegsFile</name>
         <uninitialized>true</uninitialized>
         <run_address>0xc08</run_address>
         <size>0x8</size>
         <input_file_ref idref="fl-1a"/>
      </object_component>
      <object_component id="oc-d6">
         <name>CpuTimer2RegsFile</name>
         <uninitialized>true</uninitialized>
         <run_address>0xc10</run_address>
         <size>0x8</size>
         <input_file_ref idref="fl-1a"/>
      </object_component>
      <object_component id="oc-e3">
         <name>PieCtrlRegsFile</name>
         <uninitialized>true</uninitialized>
         <run_address>0xce0</run_address>
         <size>0x1a</size>
         <input_file_ref idref="fl-1a"/>
      </object_component>
      <object_component id="oc-103">
         <name>DmaRegsFile</name>
         <uninitialized>true</uninitialized>
         <run_address>0x1000</run_address>
         <size>0xe0</size>
         <input_file_ref idref="fl-1a"/>
      </object_component>
      <object_component id="oc-f5">
         <name>McbspaRegsFile</name>
         <uninitialized>true</uninitialized>
         <run_address>0x5000</run_address>
         <size>0x25</size>
         <input_file_ref idref="fl-1a"/>
      </object_component>
      <object_component id="oc-f6">
         <name>McbspbRegsFile</name>
         <uninitialized>true</uninitialized>
         <run_address>0x5040</run_address>
         <size>0x25</size>
         <input_file_ref idref="fl-1a"/>
      </object_component>
      <object_component id="oc-f9">
         <name>ECanaRegsFile</name>
         <uninitialized>true</uninitialized>
         <run_address>0x6000</run_address>
         <size>0x34</size>
         <input_file_ref idref="fl-1a"/>
      </object_component>
      <object_component id="oc-fc">
         <name>ECanaLAMRegsFile</name>
         <uninitialized>true</uninitialized>
         <run_address>0x6040</run_address>
         <size>0x40</size>
         <input_file_ref idref="fl-1a"/>
      </object_component>
      <object_component id="oc-105">
         <name>ECanaMboxesFile</name>
         <uninitialized>true</uninitialized>
         <run_address>0x6100</run_address>
         <size>0x100</size>
         <input_file_ref idref="fl-1a"/>
      </object_component>
      <object_component id="oc-fd">
         <name>ECanaMOTSRegsFile</name>
         <uninitialized>true</uninitialized>
         <run_address>0x6080</run_address>
         <size>0x40</size>
         <input_file_ref idref="fl-1a"/>
      </object_component>
      <object_component id="oc-fa">
         <name>ECanaMOTORegsFile</name>
         <uninitialized>true</uninitialized>
         <run_address>0x60c0</run_address>
         <size>0x40</size>
         <input_file_ref idref="fl-1a"/>
      </object_component>
      <object_component id="oc-f8">
         <name>ECanbRegsFile</name>
         <uninitialized>true</uninitialized>
         <run_address>0x6200</run_address>
         <size>0x34</size>
         <input_file_ref idref="fl-1a"/>
      </object_component>
      <object_component id="oc-100">
         <name>ECanbLAMRegsFile</name>
         <uninitialized>true</uninitialized>
         <run_address>0x6240</run_address>
         <size>0x40</size>
         <input_file_ref idref="fl-1a"/>
      </object_component>
      <object_component id="oc-104">
         <name>ECanbMboxesFile</name>
         <uninitialized>true</uninitialized>
         <run_address>0x6300</run_address>
         <size>0x100</size>
         <input_file_ref idref="fl-1a"/>
      </object_component>
      <object_component id="oc-fb">
         <name>ECanbMOTSRegsFile</name>
         <uninitialized>true</uninitialized>
         <run_address>0x6280</run_address>
         <size>0x40</size>
         <input_file_ref idref="fl-1a"/>
      </object_component>
      <object_component id="oc-fe">
         <name>ECanbMOTORegsFile</name>
         <uninitialized>true</uninitialized>
         <run_address>0x62c0</run_address>
         <size>0x40</size>
         <input_file_ref idref="fl-1a"/>
      </object_component>
      <object_component id="oc-f0">
         <name>EPwm1RegsFile</name>
         <uninitialized>true</uninitialized>
         <run_address>0x6800</run_address>
         <size>0x22</size>
         <input_file_ref idref="fl-1a"/>
      </object_component>
      <object_component id="oc-ef">
         <name>EPwm2RegsFile</name>
         <uninitialized>true</uninitialized>
         <run_address>0x6840</run_address>
         <size>0x22</size>
         <input_file_ref idref="fl-1a"/>
      </object_component>
      <object_component id="oc-f1">
         <name>EPwm3RegsFile</name>
         <uninitialized>true</uninitialized>
         <run_address>0x6880</run_address>
         <size>0x22</size>
         <input_file_ref idref="fl-1a"/>
      </object_component>
      <object_component id="oc-f3">
         <name>EPwm4RegsFile</name>
         <uninitialized>true</uninitialized>
         <run_address>0x68c0</run_address>
         <size>0x22</size>
         <input_file_ref idref="fl-1a"/>
      </object_component>
      <object_component id="oc-f2">
         <name>EPwm5RegsFile</name>
         <uninitialized>true</uninitialized>
         <run_address>0x6900</run_address>
         <size>0x22</size>
         <input_file_ref idref="fl-1a"/>
      </object_component>
      <object_component id="oc-f4">
         <name>EPwm6RegsFile</name>
         <uninitialized>true</uninitialized>
         <run_address>0x6940</run_address>
         <size>0x22</size>
         <input_file_ref idref="fl-1a"/>
      </object_component>
      <object_component id="oc-ec">
         <name>ECap1RegsFile</name>
         <uninitialized>true</uninitialized>
         <run_address>0x6a00</run_address>
         <size>0x20</size>
         <input_file_ref idref="fl-1a"/>
      </object_component>
      <object_component id="oc-e8">
         <name>ECap2RegsFile</name>
         <uninitialized>true</uninitialized>
         <run_address>0x6a20</run_address>
         <size>0x20</size>
         <input_file_ref idref="fl-1a"/>
      </object_component>
      <object_component id="oc-e9">
         <name>ECap3RegsFile</name>
         <uninitialized>true</uninitialized>
         <run_address>0x6a40</run_address>
         <size>0x20</size>
         <input_file_ref idref="fl-1a"/>
      </object_component>
      <object_component id="oc-e6">
         <name>ECap4RegsFile</name>
         <uninitialized>true</uninitialized>
         <run_address>0x6a60</run_address>
         <size>0x20</size>
         <input_file_ref idref="fl-1a"/>
      </object_component>
      <object_component id="oc-e7">
         <name>ECap5RegsFile</name>
         <uninitialized>true</uninitialized>
         <run_address>0x6a80</run_address>
         <size>0x20</size>
         <input_file_ref idref="fl-1a"/>
      </object_component>
      <object_component id="oc-ed">
         <name>ECap6RegsFile</name>
         <uninitialized>true</uninitialized>
         <run_address>0x6aa0</run_address>
         <size>0x20</size>
         <input_file_ref idref="fl-1a"/>
      </object_component>
      <object_component id="oc-101">
         <name>EQep1RegsFile</name>
         <uninitialized>true</uninitialized>
         <run_address>0x6b00</run_address>
         <size>0x40</size>
         <input_file_ref idref="fl-1a"/>
      </object_component>
      <object_component id="oc-ff">
         <name>EQep2RegsFile</name>
         <uninitialized>true</uninitialized>
         <run_address>0x6b40</run_address>
         <size>0x40</size>
         <input_file_ref idref="fl-1a"/>
      </object_component>
      <object_component id="oc-f7">
         <name>GpioCtrlRegsFile</name>
         <uninitialized>true</uninitialized>
         <run_address>0x6f80</run_address>
         <size>0x2e</size>
         <input_file_ref idref="fl-1a"/>
      </object_component>
      <object_component id="oc-ea">
         <name>GpioDataRegsFile</name>
         <uninitialized>true</uninitialized>
         <run_address>0x6fc0</run_address>
         <size>0x20</size>
         <input_file_ref idref="fl-1a"/>
      </object_component>
      <object_component id="oc-db">
         <name>GpioIntRegsFile</name>
         <uninitialized>true</uninitialized>
         <run_address>0x6fe0</run_address>
         <size>0xa</size>
         <input_file_ref idref="fl-1a"/>
      </object_component>
      <object_component id="oc-eb">
         <name>SysCtrlRegsFile</name>
         <uninitialized>true</uninitialized>
         <run_address>0x7010</run_address>
         <size>0x20</size>
         <input_file_ref idref="fl-1a"/>
      </object_component>
      <object_component id="oc-de">
         <name>SpiaRegsFile</name>
         <uninitialized>true</uninitialized>
         <run_address>0x7040</run_address>
         <size>0x10</size>
         <input_file_ref idref="fl-1a"/>
      </object_component>
      <object_component id="oc-df">
         <name>SciaRegsFile</name>
         <uninitialized>true</uninitialized>
         <run_address>0x7050</run_address>
         <size>0x10</size>
         <input_file_ref idref="fl-1a"/>
      </object_component>
      <object_component id="oc-e0">
         <name>XIntruptRegsFile</name>
         <uninitialized>true</uninitialized>
         <run_address>0x7070</run_address>
         <size>0x10</size>
         <input_file_ref idref="fl-1a"/>
      </object_component>
      <object_component id="oc-e4">
         <name>AdcRegsFile</name>
         <uninitialized>true</uninitialized>
         <run_address>0x7100</run_address>
         <size>0x1e</size>
         <input_file_ref idref="fl-1a"/>
      </object_component>
      <object_component id="oc-dd">
         <name>ScibRegsFile</name>
         <uninitialized>true</uninitialized>
         <run_address>0x7750</run_address>
         <size>0x10</size>
         <input_file_ref idref="fl-1a"/>
      </object_component>
      <object_component id="oc-dc">
         <name>ScicRegsFile</name>
         <uninitialized>true</uninitialized>
         <run_address>0x7770</run_address>
         <size>0x10</size>
         <input_file_ref idref="fl-1a"/>
      </object_component>
      <object_component id="oc-ee">
         <name>I2caRegsFile</name>
         <uninitialized>true</uninitialized>
         <run_address>0x7900</run_address>
         <size>0x22</size>
         <input_file_ref idref="fl-1a"/>
      </object_component>
      <object_component id="oc-da">
         <name>CsmPwlFile</name>
         <uninitialized>true</uninitialized>
         <run_address>0x33fff8</run_address>
         <size>0x8</size>
         <input_file_ref idref="fl-1a"/>
      </object_component>
      <object_component id="oc-4b">
         <name>.debug_info</name>
         <load_address>0x0</load_address>
         <run_address>0x0</run_address>
         <size>0xd18</size>
         <input_file_ref idref="fl-2"/>
      </object_component>
      <object_component id="oc-50">
         <name>.debug_info</name>
         <load_address>0xd18</load_address>
         <run_address>0xd18</run_address>
         <size>0x47f3</size>
         <input_file_ref idref="fl-3"/>
      </object_component>
      <object_component id="oc-58">
         <name>.debug_info</name>
         <load_address>0x550b</load_address>
         <run_address>0x550b</run_address>
         <size>0x1d3c</size>
         <input_file_ref idref="fl-4"/>
      </object_component>
      <object_component id="oc-5d">
         <name>.debug_info</name>
         <load_address>0x7247</load_address>
         <run_address>0x7247</run_address>
         <size>0x528f</size>
         <input_file_ref idref="fl-5"/>
      </object_component>
      <object_component id="oc-65">
         <name>.debug_info</name>
         <load_address>0xc4d6</load_address>
         <run_address>0xc4d6</run_address>
         <size>0x5494</size>
         <input_file_ref idref="fl-6"/>
      </object_component>
      <object_component id="oc-6b">
         <name>.debug_info</name>
         <load_address>0x1196a</load_address>
         <run_address>0x1196a</run_address>
         <size>0x387f</size>
         <input_file_ref idref="fl-7"/>
      </object_component>
      <object_component id="oc-71">
         <name>.debug_info</name>
         <load_address>0x151e9</load_address>
         <run_address>0x151e9</run_address>
         <size>0x228f</size>
         <input_file_ref idref="fl-8"/>
      </object_component>
      <object_component id="oc-76">
         <name>.debug_info</name>
         <load_address>0x17478</load_address>
         <run_address>0x17478</run_address>
         <size>0x1e03</size>
         <input_file_ref idref="fl-9"/>
      </object_component>
      <object_component id="oc-7d">
         <name>.debug_info</name>
         <load_address>0x1927b</load_address>
         <run_address>0x1927b</run_address>
         <size>0x22be</size>
         <input_file_ref idref="fl-a"/>
      </object_component>
      <object_component id="oc-82">
         <name>.debug_info</name>
         <load_address>0x1b539</load_address>
         <run_address>0x1b539</run_address>
         <size>0x1d3a</size>
         <input_file_ref idref="fl-b"/>
      </object_component>
      <object_component id="oc-87">
         <name>.debug_info</name>
         <load_address>0x1d273</load_address>
         <run_address>0x1d273</run_address>
         <size>0x1d44</size>
         <input_file_ref idref="fl-c"/>
      </object_component>
      <object_component id="oc-8c">
         <name>.debug_info</name>
         <load_address>0x1efb7</load_address>
         <run_address>0x1efb7</run_address>
         <size>0x108d</size>
         <input_file_ref idref="fl-d"/>
      </object_component>
      <object_component id="oc-91">
         <name>.debug_info</name>
         <load_address>0x20044</load_address>
         <run_address>0x20044</run_address>
         <size>0x2433</size>
         <input_file_ref idref="fl-e"/>
      </object_component>
      <object_component id="oc-98">
         <name>.debug_info</name>
         <load_address>0x22477</load_address>
         <run_address>0x22477</run_address>
         <size>0x2f02</size>
         <input_file_ref idref="fl-f"/>
      </object_component>
      <object_component id="oc-9f">
         <name>.debug_info</name>
         <load_address>0x25379</load_address>
         <run_address>0x25379</run_address>
         <size>0x1d6c</size>
         <input_file_ref idref="fl-10"/>
      </object_component>
      <object_component id="oc-a4">
         <name>.debug_info</name>
         <load_address>0x270e5</load_address>
         <run_address>0x270e5</run_address>
         <size>0x36c5</size>
         <input_file_ref idref="fl-11"/>
      </object_component>
      <object_component id="oc-aa">
         <name>.debug_info</name>
         <load_address>0x2a7aa</load_address>
         <run_address>0x2a7aa</run_address>
         <size>0x3534</size>
         <input_file_ref idref="fl-12"/>
      </object_component>
      <object_component id="oc-b2">
         <name>.debug_info</name>
         <load_address>0x2dcde</load_address>
         <run_address>0x2dcde</run_address>
         <size>0x127</size>
         <input_file_ref idref="fl-13"/>
      </object_component>
      <object_component id="oc-b6">
         <name>.debug_info</name>
         <load_address>0x2de05</load_address>
         <run_address>0x2de05</run_address>
         <size>0x2006</size>
         <input_file_ref idref="fl-14"/>
      </object_component>
      <object_component id="oc-bc">
         <name>.debug_info</name>
         <load_address>0x2fe0b</load_address>
         <run_address>0x2fe0b</run_address>
         <size>0x1ce4</size>
         <input_file_ref idref="fl-15"/>
      </object_component>
      <object_component id="oc-c1">
         <name>.debug_info</name>
         <load_address>0x31aef</load_address>
         <run_address>0x31aef</run_address>
         <size>0x1d73</size>
         <input_file_ref idref="fl-16"/>
      </object_component>
      <object_component id="oc-c6">
         <name>.debug_info</name>
         <load_address>0x33862</load_address>
         <run_address>0x33862</run_address>
         <size>0x22e2</size>
         <input_file_ref idref="fl-17"/>
      </object_component>
      <object_component id="oc-cc">
         <name>.debug_info</name>
         <load_address>0x35b44</load_address>
         <run_address>0x35b44</run_address>
         <size>0xb96</size>
         <input_file_ref idref="fl-18"/>
      </object_component>
      <object_component id="oc-d1">
         <name>.debug_info</name>
         <load_address>0x366da</load_address>
         <run_address>0x366da</run_address>
         <size>0x1be1</size>
         <input_file_ref idref="fl-19"/>
      </object_component>
      <object_component id="oc-d5">
         <name>.debug_info</name>
         <load_address>0x382bb</load_address>
         <run_address>0x382bb</run_address>
         <size>0x12dc2</size>
         <input_file_ref idref="fl-1a"/>
      </object_component>
      <object_component id="oc-109">
         <name>.debug_info</name>
         <load_address>0x4b07d</load_address>
         <run_address>0x4b07d</run_address>
         <size>0x20d6</size>
         <input_file_ref idref="fl-1b"/>
      </object_component>
      <object_component id="oc-10d">
         <name>.debug_info</name>
         <load_address>0x4d153</load_address>
         <run_address>0x4d153</run_address>
         <size>0x2c79</size>
         <input_file_ref idref="fl-1c"/>
      </object_component>
      <object_component id="oc-113">
         <name>.debug_info</name>
         <load_address>0x4fdcc</load_address>
         <run_address>0x4fdcc</run_address>
         <size>0x9e2</size>
         <input_file_ref idref="fl-1d"/>
      </object_component>
      <object_component id="oc-11a">
         <name>.debug_info</name>
         <load_address>0x507ae</load_address>
         <run_address>0x507ae</run_address>
         <size>0x177</size>
         <input_file_ref idref="fl-1e"/>
      </object_component>
      <object_component id="oc-11e">
         <name>.debug_info</name>
         <load_address>0x50925</load_address>
         <run_address>0x50925</run_address>
         <size>0x1df1</size>
         <input_file_ref idref="fl-1f"/>
      </object_component>
      <object_component id="oc-123">
         <name>.debug_info</name>
         <load_address>0x52716</load_address>
         <run_address>0x52716</run_address>
         <size>0x127</size>
         <input_file_ref idref="fl-20"/>
      </object_component>
      <object_component id="oc-127">
         <name>.debug_info</name>
         <load_address>0x5283d</load_address>
         <run_address>0x5283d</run_address>
         <size>0x64c</size>
         <input_file_ref idref="fl-21"/>
      </object_component>
      <object_component id="oc-12e">
         <name>.debug_info</name>
         <load_address>0x52e89</load_address>
         <run_address>0x52e89</run_address>
         <size>0xde</size>
         <input_file_ref idref="fl-32"/>
      </object_component>
      <object_component id="oc-132">
         <name>.debug_info</name>
         <load_address>0x52f67</load_address>
         <run_address>0x52f67</run_address>
         <size>0x488</size>
         <input_file_ref idref="fl-33"/>
      </object_component>
      <object_component id="oc-139">
         <name>.debug_info</name>
         <load_address>0x533ef</load_address>
         <run_address>0x533ef</run_address>
         <size>0x4ae</size>
         <input_file_ref idref="fl-34"/>
      </object_component>
      <object_component id="oc-140">
         <name>.debug_info</name>
         <load_address>0x5389d</load_address>
         <run_address>0x5389d</run_address>
         <size>0xeb</size>
         <input_file_ref idref="fl-35"/>
      </object_component>
      <object_component id="oc-144">
         <name>.debug_info</name>
         <load_address>0x53988</load_address>
         <run_address>0x53988</run_address>
         <size>0x46f</size>
         <input_file_ref idref="fl-36"/>
      </object_component>
      <object_component id="oc-199">
         <name>.debug_info</name>
         <load_address>0x53df7</load_address>
         <run_address>0x53df7</run_address>
         <size>0x6f</size>
      </object_component>
      <object_component id="oc-4c">
         <name>.debug_frame</name>
         <load_address>0x0</load_address>
         <run_address>0x0</run_address>
         <size>0x178</size>
         <input_file_ref idref="fl-2"/>
      </object_component>
      <object_component id="oc-54">
         <name>.debug_frame</name>
         <load_address>0x178</load_address>
         <run_address>0x178</run_address>
         <size>0x112</size>
         <input_file_ref idref="fl-3"/>
      </object_component>
      <object_component id="oc-59">
         <name>.debug_frame</name>
         <load_address>0x28a</load_address>
         <run_address>0x28a</run_address>
         <size>0xa6</size>
         <input_file_ref idref="fl-4"/>
      </object_component>
      <object_component id="oc-61">
         <name>.debug_frame</name>
         <load_address>0x330</load_address>
         <run_address>0x330</run_address>
         <size>0x138</size>
         <input_file_ref idref="fl-5"/>
      </object_component>
      <object_component id="oc-67">
         <name>.debug_frame</name>
         <load_address>0x468</load_address>
         <run_address>0x468</run_address>
         <size>0x178</size>
         <input_file_ref idref="fl-6"/>
      </object_component>
      <object_component id="oc-6d">
         <name>.debug_frame</name>
         <load_address>0x5e0</load_address>
         <run_address>0x5e0</run_address>
         <size>0x148</size>
         <input_file_ref idref="fl-7"/>
      </object_component>
      <object_component id="oc-72">
         <name>.debug_frame</name>
         <load_address>0x728</load_address>
         <run_address>0x728</run_address>
         <size>0x190</size>
         <input_file_ref idref="fl-8"/>
      </object_component>
      <object_component id="oc-79">
         <name>.debug_frame</name>
         <load_address>0x8b8</load_address>
         <run_address>0x8b8</run_address>
         <size>0xc5</size>
         <input_file_ref idref="fl-9"/>
      </object_component>
      <object_component id="oc-7e">
         <name>.debug_frame</name>
         <load_address>0x97d</load_address>
         <run_address>0x97d</run_address>
         <size>0x136</size>
         <input_file_ref idref="fl-a"/>
      </object_component>
      <object_component id="oc-83">
         <name>.debug_frame</name>
         <load_address>0xab3</load_address>
         <run_address>0xab3</run_address>
         <size>0xa6</size>
         <input_file_ref idref="fl-b"/>
      </object_component>
      <object_component id="oc-88">
         <name>.debug_frame</name>
         <load_address>0xb59</load_address>
         <run_address>0xb59</run_address>
         <size>0xa6</size>
         <input_file_ref idref="fl-c"/>
      </object_component>
      <object_component id="oc-8d">
         <name>.debug_frame</name>
         <load_address>0xbff</load_address>
         <run_address>0xbff</run_address>
         <size>0xad</size>
         <input_file_ref idref="fl-d"/>
      </object_component>
      <object_component id="oc-94">
         <name>.debug_frame</name>
         <load_address>0xcac</load_address>
         <run_address>0xcac</run_address>
         <size>0x170</size>
         <input_file_ref idref="fl-e"/>
      </object_component>
      <object_component id="oc-9b">
         <name>.debug_frame</name>
         <load_address>0xe1c</load_address>
         <run_address>0xe1c</run_address>
         <size>0x20e</size>
         <input_file_ref idref="fl-f"/>
      </object_component>
      <object_component id="oc-a0">
         <name>.debug_frame</name>
         <load_address>0x102a</load_address>
         <run_address>0x102a</run_address>
         <size>0xa6</size>
         <input_file_ref idref="fl-10"/>
      </object_component>
      <object_component id="oc-a6">
         <name>.debug_frame</name>
         <load_address>0x10d0</load_address>
         <run_address>0x10d0</run_address>
         <size>0x184</size>
         <input_file_ref idref="fl-11"/>
      </object_component>
      <object_component id="oc-ae">
         <name>.debug_frame</name>
         <load_address>0x1254</load_address>
         <run_address>0x1254</run_address>
         <size>0x21c</size>
         <input_file_ref idref="fl-12"/>
      </object_component>
      <object_component id="oc-b8">
         <name>.debug_frame</name>
         <load_address>0x1470</load_address>
         <run_address>0x1470</run_address>
         <size>0x144</size>
         <input_file_ref idref="fl-14"/>
      </object_component>
      <object_component id="oc-bd">
         <name>.debug_frame</name>
         <load_address>0x15b4</load_address>
         <run_address>0x15b4</run_address>
         <size>0xd6</size>
         <input_file_ref idref="fl-15"/>
      </object_component>
      <object_component id="oc-c2">
         <name>.debug_frame</name>
         <load_address>0x168a</load_address>
         <run_address>0x168a</run_address>
         <size>0xee</size>
         <input_file_ref idref="fl-16"/>
      </object_component>
      <object_component id="oc-c8">
         <name>.debug_frame</name>
         <load_address>0x1778</load_address>
         <run_address>0x1778</run_address>
         <size>0xac</size>
         <input_file_ref idref="fl-17"/>
      </object_component>
      <object_component id="oc-cd">
         <name>.debug_frame</name>
         <load_address>0x1824</load_address>
         <run_address>0x1824</run_address>
         <size>0xbe</size>
         <input_file_ref idref="fl-18"/>
      </object_component>
      <object_component id="oc-d2">
         <name>.debug_frame</name>
         <load_address>0x18e2</load_address>
         <run_address>0x18e2</run_address>
         <size>0xa6</size>
         <input_file_ref idref="fl-19"/>
      </object_component>
      <object_component id="oc-10a">
         <name>.debug_frame</name>
         <load_address>0x1988</load_address>
         <run_address>0x1988</run_address>
         <size>0x17e</size>
         <input_file_ref idref="fl-1b"/>
      </object_component>
      <object_component id="oc-10f">
         <name>.debug_frame</name>
         <load_address>0x1b06</load_address>
         <run_address>0x1b06</run_address>
         <size>0xd1a</size>
         <input_file_ref idref="fl-1c"/>
      </object_component>
      <object_component id="oc-115">
         <name>.debug_frame</name>
         <load_address>0x2820</load_address>
         <run_address>0x2820</run_address>
         <size>0xc5</size>
         <input_file_ref idref="fl-1d"/>
      </object_component>
      <object_component id="oc-11f">
         <name>.debug_frame</name>
         <load_address>0x28e5</load_address>
         <run_address>0x28e5</run_address>
         <size>0xa6</size>
         <input_file_ref idref="fl-1f"/>
      </object_component>
      <object_component id="oc-129">
         <name>.debug_frame</name>
         <load_address>0x298b</load_address>
         <run_address>0x298b</run_address>
         <size>0xc7</size>
         <input_file_ref idref="fl-21"/>
      </object_component>
      <object_component id="oc-135">
         <name>.debug_frame</name>
         <load_address>0x2a52</load_address>
         <run_address>0x2a52</run_address>
         <size>0xc7</size>
         <input_file_ref idref="fl-33"/>
      </object_component>
      <object_component id="oc-13c">
         <name>.debug_frame</name>
         <load_address>0x2b19</load_address>
         <run_address>0x2b19</run_address>
         <size>0xd6</size>
         <input_file_ref idref="fl-34"/>
      </object_component>
      <object_component id="oc-145">
         <name>.debug_frame</name>
         <load_address>0x2bef</load_address>
         <run_address>0x2bef</run_address>
         <size>0xa6</size>
         <input_file_ref idref="fl-36"/>
      </object_component>
      <object_component id="oc-4d">
         <name>.debug_line</name>
         <load_address>0x0</load_address>
         <run_address>0x0</run_address>
         <size>0x165</size>
         <input_file_ref idref="fl-2"/>
      </object_component>
      <object_component id="oc-55">
         <name>.debug_line</name>
         <load_address>0x165</load_address>
         <run_address>0x165</run_address>
         <size>0xd4</size>
         <input_file_ref idref="fl-3"/>
      </object_component>
      <object_component id="oc-5a">
         <name>.debug_line</name>
         <load_address>0x239</load_address>
         <run_address>0x239</run_address>
         <size>0x4b</size>
         <input_file_ref idref="fl-4"/>
      </object_component>
      <object_component id="oc-62">
         <name>.debug_line</name>
         <load_address>0x284</load_address>
         <run_address>0x284</run_address>
         <size>0xf0</size>
         <input_file_ref idref="fl-5"/>
      </object_component>
      <object_component id="oc-68">
         <name>.debug_line</name>
         <load_address>0x374</load_address>
         <run_address>0x374</run_address>
         <size>0x13a</size>
         <input_file_ref idref="fl-6"/>
      </object_component>
      <object_component id="oc-6e">
         <name>.debug_line</name>
         <load_address>0x4ae</load_address>
         <run_address>0x4ae</run_address>
         <size>0xe0</size>
         <input_file_ref idref="fl-7"/>
      </object_component>
      <object_component id="oc-73">
         <name>.debug_line</name>
         <load_address>0x58e</load_address>
         <run_address>0x58e</run_address>
         <size>0x1a9</size>
         <input_file_ref idref="fl-8"/>
      </object_component>
      <object_component id="oc-7a">
         <name>.debug_line</name>
         <load_address>0x737</load_address>
         <run_address>0x737</run_address>
         <size>0x108</size>
         <input_file_ref idref="fl-9"/>
      </object_component>
      <object_component id="oc-7f">
         <name>.debug_line</name>
         <load_address>0x83f</load_address>
         <run_address>0x83f</run_address>
         <size>0x101</size>
         <input_file_ref idref="fl-a"/>
      </object_component>
      <object_component id="oc-84">
         <name>.debug_line</name>
         <load_address>0x940</load_address>
         <run_address>0x940</run_address>
         <size>0x63</size>
         <input_file_ref idref="fl-b"/>
      </object_component>
      <object_component id="oc-89">
         <name>.debug_line</name>
         <load_address>0x9a3</load_address>
         <run_address>0x9a3</run_address>
         <size>0x4d</size>
         <input_file_ref idref="fl-c"/>
      </object_component>
      <object_component id="oc-8e">
         <name>.debug_line</name>
         <load_address>0x9f0</load_address>
         <run_address>0x9f0</run_address>
         <size>0xa6</size>
         <input_file_ref idref="fl-d"/>
      </object_component>
      <object_component id="oc-95">
         <name>.debug_line</name>
         <load_address>0xa96</load_address>
         <run_address>0xa96</run_address>
         <size>0x2dd</size>
         <input_file_ref idref="fl-e"/>
      </object_component>
      <object_component id="oc-9c">
         <name>.debug_line</name>
         <load_address>0xd73</load_address>
         <run_address>0xd73</run_address>
         <size>0x164</size>
         <input_file_ref idref="fl-f"/>
      </object_component>
      <object_component id="oc-a1">
         <name>.debug_line</name>
         <load_address>0xed7</load_address>
         <run_address>0xed7</run_address>
         <size>0x5f</size>
         <input_file_ref idref="fl-10"/>
      </object_component>
      <object_component id="oc-a7">
         <name>.debug_line</name>
         <load_address>0xf36</load_address>
         <run_address>0xf36</run_address>
         <size>0xf8</size>
         <input_file_ref idref="fl-11"/>
      </object_component>
      <object_component id="oc-af">
         <name>.debug_line</name>
         <load_address>0x102e</load_address>
         <run_address>0x102e</run_address>
         <size>0x219</size>
         <input_file_ref idref="fl-12"/>
      </object_component>
      <object_component id="oc-b3">
         <name>.debug_line</name>
         <load_address>0x1247</load_address>
         <run_address>0x1247</run_address>
         <size>0x58</size>
         <input_file_ref idref="fl-13"/>
      </object_component>
      <object_component id="oc-b9">
         <name>.debug_line</name>
         <load_address>0x129f</load_address>
         <run_address>0x129f</run_address>
         <size>0x173</size>
         <input_file_ref idref="fl-14"/>
      </object_component>
      <object_component id="oc-be">
         <name>.debug_line</name>
         <load_address>0x1412</load_address>
         <run_address>0x1412</run_address>
         <size>0x92</size>
         <input_file_ref idref="fl-15"/>
      </object_component>
      <object_component id="oc-c3">
         <name>.debug_line</name>
         <load_address>0x14a4</load_address>
         <run_address>0x14a4</run_address>
         <size>0xb6</size>
         <input_file_ref idref="fl-16"/>
      </object_component>
      <object_component id="oc-c9">
         <name>.debug_line</name>
         <load_address>0x155a</load_address>
         <run_address>0x155a</run_address>
         <size>0x78</size>
         <input_file_ref idref="fl-17"/>
      </object_component>
      <object_component id="oc-ce">
         <name>.debug_line</name>
         <load_address>0x15d2</load_address>
         <run_address>0x15d2</run_address>
         <size>0x96</size>
         <input_file_ref idref="fl-18"/>
      </object_component>
      <object_component id="oc-d3">
         <name>.debug_line</name>
         <load_address>0x1668</load_address>
         <run_address>0x1668</run_address>
         <size>0x6a</size>
         <input_file_ref idref="fl-19"/>
      </object_component>
      <object_component id="oc-10b">
         <name>.debug_line</name>
         <load_address>0x16d2</load_address>
         <run_address>0x16d2</run_address>
         <size>0x16c</size>
         <input_file_ref idref="fl-1b"/>
      </object_component>
      <object_component id="oc-110">
         <name>.debug_line</name>
         <load_address>0x183e</load_address>
         <run_address>0x183e</run_address>
         <size>0x772</size>
         <input_file_ref idref="fl-1c"/>
      </object_component>
      <object_component id="oc-116">
         <name>.debug_line</name>
         <load_address>0x1fb0</load_address>
         <run_address>0x1fb0</run_address>
         <size>0x98</size>
         <input_file_ref idref="fl-1d"/>
      </object_component>
      <object_component id="oc-11b">
         <name>.debug_line</name>
         <load_address>0x2048</load_address>
         <run_address>0x2048</run_address>
         <size>0x71</size>
         <input_file_ref idref="fl-1e"/>
      </object_component>
      <object_component id="oc-120">
         <name>.debug_line</name>
         <load_address>0x20b9</load_address>
         <run_address>0x20b9</run_address>
         <size>0x61</size>
         <input_file_ref idref="fl-1f"/>
      </object_component>
      <object_component id="oc-124">
         <name>.debug_line</name>
         <load_address>0x211a</load_address>
         <run_address>0x211a</run_address>
         <size>0x59</size>
         <input_file_ref idref="fl-20"/>
      </object_component>
      <object_component id="oc-12a">
         <name>.debug_line</name>
         <load_address>0x2173</load_address>
         <run_address>0x2173</run_address>
         <size>0x6d</size>
         <input_file_ref idref="fl-21"/>
      </object_component>
      <object_component id="oc-12f">
         <name>.debug_line</name>
         <load_address>0x21e0</load_address>
         <run_address>0x21e0</run_address>
         <size>0x71</size>
         <input_file_ref idref="fl-32"/>
      </object_component>
      <object_component id="oc-136">
         <name>.debug_line</name>
         <load_address>0x2251</load_address>
         <run_address>0x2251</run_address>
         <size>0x62</size>
         <input_file_ref idref="fl-33"/>
      </object_component>
      <object_component id="oc-13d">
         <name>.debug_line</name>
         <load_address>0x22b3</load_address>
         <run_address>0x22b3</run_address>
         <size>0x5b</size>
         <input_file_ref idref="fl-34"/>
      </object_component>
      <object_component id="oc-141">
         <name>.debug_line</name>
         <load_address>0x230e</load_address>
         <run_address>0x230e</run_address>
         <size>0x4c</size>
         <input_file_ref idref="fl-35"/>
      </object_component>
      <object_component id="oc-146">
         <name>.debug_line</name>
         <load_address>0x235a</load_address>
         <run_address>0x235a</run_address>
         <size>0x50</size>
         <input_file_ref idref="fl-36"/>
      </object_component>
      <object_component id="oc-4e">
         <name>.debug_abbrev</name>
         <load_address>0x0</load_address>
         <run_address>0x0</run_address>
         <size>0x102</size>
         <input_file_ref idref="fl-2"/>
      </object_component>
      <object_component id="oc-56">
         <name>.debug_abbrev</name>
         <load_address>0x102</load_address>
         <run_address>0x102</run_address>
         <size>0x16f</size>
         <input_file_ref idref="fl-3"/>
      </object_component>
      <object_component id="oc-5b">
         <name>.debug_abbrev</name>
         <load_address>0x271</load_address>
         <run_address>0x271</run_address>
         <size>0xcd</size>
         <input_file_ref idref="fl-4"/>
      </object_component>
      <object_component id="oc-63">
         <name>.debug_abbrev</name>
         <load_address>0x33e</load_address>
         <run_address>0x33e</run_address>
         <size>0x15f</size>
         <input_file_ref idref="fl-5"/>
      </object_component>
      <object_component id="oc-69">
         <name>.debug_abbrev</name>
         <load_address>0x49d</load_address>
         <run_address>0x49d</run_address>
         <size>0x146</size>
         <input_file_ref idref="fl-6"/>
      </object_component>
      <object_component id="oc-6f">
         <name>.debug_abbrev</name>
         <load_address>0x5e3</load_address>
         <run_address>0x5e3</run_address>
         <size>0x11c</size>
         <input_file_ref idref="fl-7"/>
      </object_component>
      <object_component id="oc-74">
         <name>.debug_abbrev</name>
         <load_address>0x6ff</load_address>
         <run_address>0x6ff</run_address>
         <size>0x133</size>
         <input_file_ref idref="fl-8"/>
      </object_component>
      <object_component id="oc-7b">
         <name>.debug_abbrev</name>
         <load_address>0x832</load_address>
         <run_address>0x832</run_address>
         <size>0x110</size>
         <input_file_ref idref="fl-9"/>
      </object_component>
      <object_component id="oc-80">
         <name>.debug_abbrev</name>
         <load_address>0x942</load_address>
         <run_address>0x942</run_address>
         <size>0x115</size>
         <input_file_ref idref="fl-a"/>
      </object_component>
      <object_component id="oc-85">
         <name>.debug_abbrev</name>
         <load_address>0xa57</load_address>
         <run_address>0xa57</run_address>
         <size>0xcd</size>
         <input_file_ref idref="fl-b"/>
      </object_component>
      <object_component id="oc-8a">
         <name>.debug_abbrev</name>
         <load_address>0xb24</load_address>
         <run_address>0xb24</run_address>
         <size>0xcd</size>
         <input_file_ref idref="fl-c"/>
      </object_component>
      <object_component id="oc-8f">
         <name>.debug_abbrev</name>
         <load_address>0xbf1</load_address>
         <run_address>0xbf1</run_address>
         <size>0x11c</size>
         <input_file_ref idref="fl-d"/>
      </object_component>
      <object_component id="oc-96">
         <name>.debug_abbrev</name>
         <load_address>0xd0d</load_address>
         <run_address>0xd0d</run_address>
         <size>0x13a</size>
         <input_file_ref idref="fl-e"/>
      </object_component>
      <object_component id="oc-9d">
         <name>.debug_abbrev</name>
         <load_address>0xe47</load_address>
         <run_address>0xe47</run_address>
         <size>0x1a2</size>
         <input_file_ref idref="fl-f"/>
      </object_component>
      <object_component id="oc-a2">
         <name>.debug_abbrev</name>
         <load_address>0xfe9</load_address>
         <run_address>0xfe9</run_address>
         <size>0xcd</size>
         <input_file_ref idref="fl-10"/>
      </object_component>
      <object_component id="oc-a8">
         <name>.debug_abbrev</name>
         <load_address>0x10b6</load_address>
         <run_address>0x10b6</run_address>
         <size>0x14d</size>
         <input_file_ref idref="fl-11"/>
      </object_component>
      <object_component id="oc-b0">
         <name>.debug_abbrev</name>
         <load_address>0x1203</load_address>
         <run_address>0x1203</run_address>
         <size>0x190</size>
         <input_file_ref idref="fl-12"/>
      </object_component>
      <object_component id="oc-b4">
         <name>.debug_abbrev</name>
         <load_address>0x1393</load_address>
         <run_address>0x1393</run_address>
         <size>0x2c</size>
         <input_file_ref idref="fl-13"/>
      </object_component>
      <object_component id="oc-ba">
         <name>.debug_abbrev</name>
         <load_address>0x13bf</load_address>
         <run_address>0x13bf</run_address>
         <size>0x166</size>
         <input_file_ref idref="fl-14"/>
      </object_component>
      <object_component id="oc-bf">
         <name>.debug_abbrev</name>
         <load_address>0x1525</load_address>
         <run_address>0x1525</run_address>
         <size>0xdb</size>
         <input_file_ref idref="fl-15"/>
      </object_component>
      <object_component id="oc-c4">
         <name>.debug_abbrev</name>
         <load_address>0x1600</load_address>
         <run_address>0x1600</run_address>
         <size>0xdb</size>
         <input_file_ref idref="fl-16"/>
      </object_component>
      <object_component id="oc-ca">
         <name>.debug_abbrev</name>
         <load_address>0x16db</load_address>
         <run_address>0x16db</run_address>
         <size>0x107</size>
         <input_file_ref idref="fl-17"/>
      </object_component>
      <object_component id="oc-cf">
         <name>.debug_abbrev</name>
         <load_address>0x17e2</load_address>
         <run_address>0x17e2</run_address>
         <size>0xbb</size>
         <input_file_ref idref="fl-18"/>
      </object_component>
      <object_component id="oc-d4">
         <name>.debug_abbrev</name>
         <load_address>0x189d</load_address>
         <run_address>0x189d</run_address>
         <size>0xcd</size>
         <input_file_ref idref="fl-19"/>
      </object_component>
      <object_component id="oc-107">
         <name>.debug_abbrev</name>
         <load_address>0x196a</load_address>
         <run_address>0x196a</run_address>
         <size>0xb3</size>
         <input_file_ref idref="fl-1a"/>
      </object_component>
      <object_component id="oc-10c">
         <name>.debug_abbrev</name>
         <load_address>0x1a1d</load_address>
         <run_address>0x1a1d</run_address>
         <size>0x100</size>
         <input_file_ref idref="fl-1b"/>
      </object_component>
      <object_component id="oc-111">
         <name>.debug_abbrev</name>
         <load_address>0x1b1d</load_address>
         <run_address>0x1b1d</run_address>
         <size>0xd5</size>
         <input_file_ref idref="fl-1c"/>
      </object_component>
      <object_component id="oc-117">
         <name>.debug_abbrev</name>
         <load_address>0x1bf2</load_address>
         <run_address>0x1bf2</run_address>
         <size>0xf0</size>
         <input_file_ref idref="fl-1d"/>
      </object_component>
      <object_component id="oc-11c">
         <name>.debug_abbrev</name>
         <load_address>0x1ce2</load_address>
         <run_address>0x1ce2</run_address>
         <size>0x20</size>
         <input_file_ref idref="fl-1e"/>
      </object_component>
      <object_component id="oc-121">
         <name>.debug_abbrev</name>
         <load_address>0x1d02</load_address>
         <run_address>0x1d02</run_address>
         <size>0xfe</size>
         <input_file_ref idref="fl-1f"/>
      </object_component>
      <object_component id="oc-125">
         <name>.debug_abbrev</name>
         <load_address>0x1e00</load_address>
         <run_address>0x1e00</run_address>
         <size>0x2c</size>
         <input_file_ref idref="fl-20"/>
      </object_component>
      <object_component id="oc-12b">
         <name>.debug_abbrev</name>
         <load_address>0x1e2c</load_address>
         <run_address>0x1e2c</run_address>
         <size>0xbb</size>
         <input_file_ref idref="fl-21"/>
      </object_component>
      <object_component id="oc-130">
         <name>.debug_abbrev</name>
         <load_address>0x1ee7</load_address>
         <run_address>0x1ee7</run_address>
         <size>0x43</size>
         <input_file_ref idref="fl-32"/>
      </object_component>
      <object_component id="oc-137">
         <name>.debug_abbrev</name>
         <load_address>0x1f2a</load_address>
         <run_address>0x1f2a</run_address>
         <size>0x10c</size>
         <input_file_ref idref="fl-33"/>
      </object_component>
      <object_component id="oc-13e">
         <name>.debug_abbrev</name>
         <load_address>0x2036</load_address>
         <run_address>0x2036</run_address>
         <size>0xa9</size>
         <input_file_ref idref="fl-34"/>
      </object_component>
      <object_component id="oc-142">
         <name>.debug_abbrev</name>
         <load_address>0x20df</load_address>
         <run_address>0x20df</run_address>
         <size>0x35</size>
         <input_file_ref idref="fl-35"/>
      </object_component>
      <object_component id="oc-147">
         <name>.debug_abbrev</name>
         <load_address>0x2114</load_address>
         <run_address>0x2114</run_address>
         <size>0xed</size>
         <input_file_ref idref="fl-36"/>
      </object_component>
      <object_component id="oc-19a">
         <name>.debug_abbrev</name>
         <load_address>0x2201</load_address>
         <run_address>0x2201</run_address>
         <size>0xd</size>
      </object_component>
   </object_component_list>
   <logical_group_list>
      <logical_group id="lg-2" display="no" color="cyan">
         <name>codestart</name>
         <load_address>0x0</load_address>
         <run_address>0x0</run_address>
         <size>0x2</size>
         <contents>
            <object_component_ref idref="oc-119"/>
         </contents>
      </logical_group>
      <logical_group id="lg-3" display="no" color="cyan">
         <name>ramfuncs</name>
         <load_address>0x8056</load_address>
         <run_address>0x8056</run_address>
         <size>0x1f</size>
         <contents>
            <object_component_ref idref="oc-b7"/>
            <object_component_ref idref="oc-b1"/>
         </contents>
      </logical_group>
      <logical_group id="lg-4" display="no" color="cyan">
         <name>.text</name>
         <load_address>0x9000</load_address>
         <run_address>0x9000</run_address>
         <size>0x1631</size>
         <contents>
            <object_component_ref idref="oc-90"/>
            <object_component_ref idref="oc-10e"/>
            <object_component_ref idref="oc-a9"/>
            <object_component_ref idref="oc-75"/>
            <object_component_ref idref="oc-70"/>
            <object_component_ref idref="oc-64"/>
            <object_component_ref idref="oc-b5"/>
            <object_component_ref idref="oc-4f"/>
            <object_component_ref idref="oc-4a"/>
            <object_component_ref idref="oc-7c"/>
            <object_component_ref idref="oc-9a"/>
            <object_component_ref idref="oc-108"/>
            <object_component_ref idref="oc-a3"/>
            <object_component_ref idref="oc-60"/>
            <object_component_ref idref="oc-5c"/>
            <object_component_ref idref="oc-112"/>
            <object_component_ref idref="oc-97"/>
            <object_component_ref idref="oc-6a"/>
            <object_component_ref idref="oc-8b"/>
            <object_component_ref idref="oc-ad"/>
            <object_component_ref idref="oc-6c"/>
            <object_component_ref idref="oc-49"/>
            <object_component_ref idref="oc-81"/>
            <object_component_ref idref="oc-a5"/>
            <object_component_ref idref="oc-126"/>
            <object_component_ref idref="oc-53"/>
            <object_component_ref idref="oc-c0"/>
            <object_component_ref idref="oc-bb"/>
            <object_component_ref idref="oc-cb"/>
            <object_component_ref idref="oc-c5"/>
            <object_component_ref idref="oc-9e"/>
            <object_component_ref idref="oc-d0"/>
            <object_component_ref idref="oc-66"/>
            <object_component_ref idref="oc-143"/>
            <object_component_ref idref="oc-131"/>
            <object_component_ref idref="oc-11d"/>
            <object_component_ref idref="oc-57"/>
            <object_component_ref idref="oc-86"/>
            <object_component_ref idref="oc-13f"/>
            <object_component_ref idref="oc-138"/>
            <object_component_ref idref="oc-118"/>
         </contents>
      </logical_group>
      <logical_group id="lg-5" display="no" color="cyan">
         <name>.cinit</name>
         <load_address>0x8000</load_address>
         <run_address>0x8000</run_address>
         <size>0x56</size>
         <contents>
            <object_component_ref idref="oc-92"/>
            <object_component_ref idref="oc-ab"/>
            <object_component_ref idref="oc-5e"/>
            <object_component_ref idref="oc-77"/>
            <object_component_ref idref="oc-13a"/>
            <object_component_ref idref="oc-133"/>
            <object_component_ref idref="oc-51"/>
         </contents>
      </logical_group>
      <logical_group id="lg-6" display="no" color="cyan">
         <name>.pinit</name>
         <run_address>0x0</run_address>
         <size>0x0</size>
         <contents>
         </contents>
      </logical_group>
      <logical_group id="lg-7" display="no" color="cyan">
         <name>.switch</name>
         <run_address>0x0</run_address>
         <size>0x0</size>
         <contents>
         </contents>
      </logical_group>
      <logical_group id="lg-8" display="no" color="cyan">
         <name>.stack</name>
         <run_address>0x400</run_address>
         <size>0x300</size>
         <contents>
            <object_component_ref idref="oc-12c"/>
            <object_component_ref idref="oc-198"/>
         </contents>
      </logical_group>
      <logical_group id="lg-9" display="no" color="cyan">
         <name>.ebss</name>
         <run_address>0xc000</run_address>
         <size>0x6a</size>
         <contents>
            <object_component_ref idref="oc-52"/>
            <object_component_ref idref="oc-5f"/>
            <object_component_ref idref="oc-78"/>
            <object_component_ref idref="oc-93"/>
            <object_component_ref idref="oc-99"/>
            <object_component_ref idref="oc-ac"/>
            <object_component_ref idref="oc-114"/>
            <object_component_ref idref="oc-134"/>
            <object_component_ref idref="oc-13b"/>
         </contents>
      </logical_group>
      <logical_group id="lg-a" display="no" color="cyan">
         <name>.econst</name>
         <load_address>0xd000</load_address>
         <run_address>0xd000</run_address>
         <size>0x121</size>
         <contents>
            <object_component_ref idref="oc-c7"/>
            <object_component_ref idref="oc-128"/>
         </contents>
      </logical_group>
      <logical_group id="lg-b" display="no" color="cyan">
         <name>.esysmem</name>
         <run_address>0x0</run_address>
         <size>0x0</size>
         <contents>
         </contents>
      </logical_group>
      <logical_group id="lg-c" display="no" color="cyan">
         <name>IQmath</name>
         <run_address>0x0</run_address>
         <size>0x0</size>
         <contents>
         </contents>
      </logical_group>
      <logical_group id="lg-d" display="no" color="cyan">
         <name>IQmathTables</name>
         <run_address>0x0</run_address>
         <size>0x0</size>
         <contents>
         </contents>
      </logical_group>
      <logical_group id="lg-e" display="no" color="cyan">
         <name>FPUmathTables</name>
         <run_address>0x0</run_address>
         <size>0x0</size>
         <contents>
         </contents>
      </logical_group>
      <logical_group id="lg-f" display="no" color="cyan">
         <name>DMARAML4</name>
         <run_address>0x0</run_address>
         <size>0x0</size>
         <contents>
         </contents>
      </logical_group>
      <logical_group id="lg-10" display="no" color="cyan">
         <name>DMARAML5</name>
         <run_address>0x0</run_address>
         <size>0x0</size>
         <contents>
         </contents>
      </logical_group>
      <logical_group id="lg-11" display="no" color="cyan">
         <name>DMARAML6</name>
         <run_address>0x0</run_address>
         <size>0x0</size>
         <contents>
         </contents>
      </logical_group>
      <logical_group id="lg-12" display="no" color="cyan">
         <name>DMARAML7</name>
         <run_address>0x0</run_address>
         <size>0x0</size>
         <contents>
         </contents>
      </logical_group>
      <logical_group id="lg-13" display="no" color="cyan">
         <name>ZONE7DATA</name>
         <run_address>0x0</run_address>
         <size>0x0</size>
         <contents>
         </contents>
      </logical_group>
[...]
         <value>0x6200</value>
         <object_component_ref idref="oc-f8"/>
      </symbol>
      <symbol id="sm-34d">
         <name>_ScibRegs</name>
         <value>0x7750</value>
         <object_component_ref idref="oc-dd"/>
      </symbol>
      <symbol id="sm-34e">
         <name>_ECap2Regs</name>
         <value>0x6a20</value>
         <object_component_ref idref="oc-e8"/>
      </symbol>
      <symbol id="sm-34f">
         <name>_GpioIntRegs</name>
         <value>0x6fe0</value>
         <object_component_ref idref="oc-db"/>
      </symbol>
      <symbol id="sm-350">
         <name>_EQep2Regs</name>
         <value>0x6b40</value>
         <object_component_ref idref="oc-ff"/>
      </symbol>
      <symbol id="sm-351">
         <name>_EPwm2Regs</name>
         <value>0x6840</value>
         <object_component_ref idref="oc-ef"/>
      </symbol>
      <symbol id="sm-352">
         <name>_ECanaMboxes</name>
         <value>0x6100</value>
         <object_component_ref idref="oc-105"/>
      </symbol>
      <symbol id="sm-353">
         <name>_ECap3Regs</name>
         <value>0x6a40</value>
         <object_component_ref idref="oc-e9"/>
      </symbol>
      <symbol id="sm-354">
         <name>_ECanaMOTORegs</name>
         <value>0x60c0</value>
         <object_component_ref idref="oc-fa"/>
      </symbol>
      <symbol id="sm-355">
         <name>_EPwm3Regs</name>
         <value>0x6880</value>
         <object_component_ref idref="oc-f1"/>
      </symbol>
      <symbol id="sm-356">
         <name>_ECanbLAMRegs</name>
         <value>0x6240</value>
         <object_component_ref idref="oc-100"/>
      </symbol>
      <symbol id="sm-357">
         <name>_I2caRegs</name>
         <value>0x7900</value>
         <object_component_ref idref="oc-ee"/>
      </symbol>
      <symbol id="sm-361">
         <name>_InitEPwm3Gpio</name>
         <value>0x9ee1</value>
         <object_component_ref idref="oc-108"/>
      </symbol>
      <symbol id="sm-362">
         <name>_InitTzGpio</name>
         <value>0x9f41</value>
         <object_component_ref idref="oc-108"/>
      </symbol>
      <symbol id="sm-363">
         <name>_InitEPwm2Gpio</name>
         <value>0x9ecf</value>
         <object_component_ref idref="oc-108"/>
      </symbol>
      <symbol id="sm-364">
         <name>_InitEPwm1Gpio</name>
         <value>0x9ebd</value>
         <object_component_ref idref="oc-108"/>
      </symbol>
      <symbol id="sm-365">
         <name>_InitEPwm6Gpio</name>
         <value>0x9f1b</value>
         <object_component_ref idref="oc-108"/>
      </symbol>
      <symbol id="sm-366">
         <name>_InitEPwmGpio</name>
         <value>0x9eb0</value>
         <object_component_ref idref="oc-108"/>
      </symbol>
      <symbol id="sm-367">
         <name>_InitEPwm5Gpio</name>
         <value>0x9f09</value>
         <object_component_ref idref="oc-108"/>
      </symbol>
      <symbol id="sm-368">
         <name>_InitEPwm4Gpio</name>
         <value>0x9ef5</value>
         <object_component_ref idref="oc-108"/>
      </symbol>
      <symbol id="sm-369">
         <name>_InitEPwmSyncGpio</name>
         <value>0x9f2d</value>
         <object_component_ref idref="oc-108"/>
      </symbol>
      <symbol id="sm-36a">
         <name>_InitEPwm</name>
         <value>0x9eaf</value>
         <object_component_ref idref="oc-108"/>
      </symbol>
      <symbol id="sm-3c1">
         <name>_ILLEGAL_ISR</name>
         <value>0x9384</value>
         <object_component_ref idref="oc-10e"/>
      </symbol>
      <symbol id="sm-3c2">
         <name>_EPWM6_INT_ISR</name>
         <value>0x94ba</value>
         <object_component_ref idref="oc-10e"/>
      </symbol>
      <symbol id="sm-3c3">
         <name>_DATALOG_ISR</name>
         <value>0x935c</value>
         <object_component_ref idref="oc-10e"/>
      </symbol>
      <symbol id="sm-3c4">
         <name>_SPITXINTA_ISR</name>
         <value>0x951e</value>
         <object_component_ref idref="oc-10e"/>
      </symbol>
      <symbol id="sm-3c5">
         <name>_SPIRXINTA_ISR</name>
         <value>0x9514</value>
         <object_component_ref idref="oc-10e"/>
      </symbol>
      <symbol id="sm-3c6">
         <name>_DINTCH3_ISR</name>
         <value>0x9564</value>
         <object_component_ref idref="oc-10e"/>
      </symbol>
      <symbol id="sm-3c7">
         <name>_XINT4_ISR</name>
         <value>0x960e</value>
         <object_component_ref idref="oc-10e"/>
      </symbol>
      <symbol id="sm-3c8">
         <name>_SEQ1INT_ISR</name>
         <value>0x9406</value>
         <object_component_ref idref="oc-10e"/>
      </symbol>
      <symbol id="sm-3c9">
         <name>_ECAP3_INT_ISR</name>
         <value>0x94d8</value>
         <object_component_ref idref="oc-10e"/>
      </symbol>
      <symbol id="sm-3ca">
         <name>_INT13_ISR</name>
         <value>0x9348</value>
         <object_component_ref idref="oc-10e"/>
      </symbol>
      <symbol id="sm-3cb">
         <name>_MXINTA_ISR</name>
         <value>0x9546</value>
         <object_component_ref idref="oc-10e"/>
      </symbol>
      <symbol id="sm-3cc">
         <name>_EPWM4_INT_ISR</name>
         <value>0x94a6</value>
         <object_component_ref idref="oc-10e"/>
      </symbol>
      <symbol id="sm-3cd">
         <name>_USER5_ISR</name>
         <value>0x93b6</value>
         <object_component_ref idref="oc-10e"/>
      </symbol>
      <symbol id="sm-3ce">
         <name>_XINT7_ISR</name>
         <value>0x962c</value>
         <object_component_ref idref="oc-10e"/>
      </symbol>
      <symbol id="sm-3cf">
         <name>_EMPTY_ISR</name>
         <value>0x964a</value>
         <object_component_ref idref="oc-10e"/>
      </symbol>
      <symbol id="sm-3d0">
         <name>_EPWM5_TZINT_ISR</name>
         <value>0x9474</value>
         <object_component_ref idref="oc-10e"/>
      </symbol>
      <symbol id="sm-3d1">
         <name>_EPWM4_TZINT_ISR</name>
         <value>0x946a</value>
         <object_component_ref idref="oc-10e"/>
      </symbol>
      <symbol id="sm-3d2">
         <name>_ECAN0INTA_ISR</name>
         <value>0x95dc</value>
         <object_component_ref idref="oc-10e"/>
      </symbol>
      <symbol id="sm-3d3">
         <name>_EPWM6_TZINT_ISR</name>
         <value>0x947e</value>
         <object_component_ref idref="oc-10e"/>
      </symbol>
      <symbol id="sm-3d4">
         <name>_EMUINT_ISR</name>
         <value>0x9370</value>
         <object_component_ref idref="oc-10e"/>
      </symbol>
      <symbol id="sm-3d5">
         <name>_ECAP1_INT_ISR</name>
         <value>0x94c4</value>
         <object_component_ref idref="oc-10e"/>
      </symbol>
      <symbol id="sm-3d6">
         <name>_EPWM1_TZINT_ISR</name>
         <value>0x944c</value>
         <object_component_ref idref="oc-10e"/>
      </symbol>
      <symbol id="sm-3d7">
         <name>_EQEP2_INT_ISR</name>
         <value>0x950a</value>
         <object_component_ref idref="oc-10e"/>
      </symbol>
      <symbol id="sm-3d8">
         <name>_USER11_ISR</name>
         <value>0x93f2</value>
         <object_component_ref idref="oc-10e"/>
      </symbol>
      <symbol id="sm-3d9">
         <name>_EPWM3_TZINT_ISR</name>
         <value>0x9460</value>
         <object_component_ref idref="oc-10e"/>
      </symbol>
      <symbol id="sm-3da">
         <name>_USER4_ISR</name>
         <value>0x93ac</value>
         <object_component_ref idref="oc-10e"/>
      </symbol>
      <symbol id="sm-3db">
         <name>_EPWM2_TZINT_ISR</name>
         <value>0x9456</value>
         <object_component_ref idref="oc-10e"/>
      </symbol>
      <symbol id="sm-3dc">
         <name>_XINT6_ISR</name>
         <value>0x9622</value>
         <object_component_ref idref="oc-10e"/>
      </symbol>
      <symbol id="sm-3dd">
         <name>_EPWM2_INT_ISR</name>
         <value>0x9492</value>
         <object_component_ref idref="oc-10e"/>
      </symbol>
      <symbol id="sm-3de">
         <name>_ECAN0INTB_ISR</name>
         <value>0x95f0</value>
         <object_component_ref idref="oc-10e"/>
      </symbol>
      <symbol id="sm-3df">
         <name>_TINT0_ISR</name>
         <value>0x9438</value>
         <object_component_ref idref="oc-10e"/>
      </symbol>
      <symbol id="sm-3e0">
         <name>_WAKEINT_ISR</name>
         <value>0x9442</value>
         <object_component_ref idref="oc-10e"/>
      </symbol>
      <symbol id="sm-3e1">
         <name>_DINTCH4_ISR</name>
         <value>0x956e</value>
         <object_component_ref idref="oc-10e"/>
      </symbol>
      <symbol id="sm-3e2">
         <name>_USER10_ISR</name>
         <value>0x93e8</value>
         <object_component_ref idref="oc-10e"/>
      </symbol>
      <symbol id="sm-3e3">
         <name>_USER7_ISR</name>
         <value>0x93ca</value>
         <object_component_ref idref="oc-10e"/>
      </symbol>
      <symbol id="sm-3e4">
         <name>_XINT1_ISR</name>
         <value>0x941a</value>
         <object_component_ref idref="oc-10e"/>
      </symbol>
      <symbol id="sm-3e5">
         <name>_ECAP6_INT_ISR</name>
         <value>0x94f6</value>
         <object_component_ref idref="oc-10e"/>
      </symbol>
      <symbol id="sm-3e6">
         <name>_INT14_ISR</name>
         <value>0x9352</value>
         <object_component_ref idref="oc-10e"/>
      </symbol>
      <symbol id="sm-3e7">
         <name>_MXINTB_ISR</name>
         <value>0x9532</value>
         <object_component_ref idref="oc-10e"/>
      </symbol>
      <symbol id="sm-3e8">
         <name>_DINTCH5_ISR</name>
         <value>0x9578</value>
         <object_component_ref idref="oc-10e"/>
      </symbol>
      <symbol id="sm-3e9">
         <name>_USER6_ISR</name>
         <value>0x93c0</value>
         <object_component_ref idref="oc-10e"/>
      </symbol>
      <symbol id="sm-3ea">
         <name>_ECAP4_INT_ISR</name>
         <value>0x94e2</value>
         <object_component_ref idref="oc-10e"/>
      </symbol>
      <symbol id="sm-3eb">
         <name>_MRINTA_ISR</name>
         <value>0x953c</value>
         <object_component_ref idref="oc-10e"/>
      </symbol>
      <symbol id="sm-3ec">
         <name>_DINTCH6_ISR</name>
         <value>0x9582</value>
         <object_component_ref idref="oc-10e"/>
      </symbol>
      <symbol id="sm-3ed">
         <name>_USER12_ISR</name>
         <value>0x93fc</value>
         <object_component_ref idref="oc-10e"/>
      </symbol>
      <symbol id="sm-3ee">
         <name>_ADCINT_ISR</name>
         <value>0x942e</value>
         <object_component_ref idref="oc-10e"/>
      </symbol>
      <symbol id="sm-3ef">
         <name>_USER1_ISR</name>
         <value>0x938e</value>
         <object_component_ref idref="oc-10e"/>
      </symbol>
      <symbol id="sm-3f0">
         <name>_XINT3_ISR</name>
         <value>0x9604</value>
         <object_component_ref idref="oc-10e"/>
      </symbol>
      <symbol id="sm-3f1">
         <name>_EPWM5_INT_ISR</name>
         <value>0x94b0</value>
         <object_component_ref idref="oc-10e"/>
      </symbol>
      <symbol id="sm-3f2">
         <name>_NMI_ISR</name>
         <value>0x937a</value>
         <object_component_ref idref="oc-10e"/>
      </symbol>
      <symbol id="sm-3f3">
         <name>_SCITXINTB_ISR</name>
         <value>0x95d2</value>
         <object_component_ref idref="oc-10e"/>
      </symbol>
      <symbol id="sm-3f4">
         <name>_SCIRXINTB_ISR</name>
         <value>0x95c8</value>
         <object_component_ref idref="oc-10e"/>
      </symbol>
      <symbol id="sm-3f5">
         <name>_ECAN1INTA_ISR</name>
         <value>0x95e6</value>
         <object_component_ref idref="oc-10e"/>
      </symbol>
      <symbol id="sm-3f6">
         <name>_ECAP2_INT_ISR</name>
         <value>0x94ce</value>
         <object_component_ref idref="oc-10e"/>
      </symbol>
      <symbol id="sm-3f7">
         <name>_PIE_RESERVED</name>
         <value>0x9657</value>
         <object_component_ref idref="oc-10e"/>
      </symbol>
      <symbol id="sm-3f8">
         <name>_I2CINT1A_ISR</name>
         <value>0x958c</value>
         <object_component_ref idref="oc-10e"/>
      </symbol>
      <symbol id="sm-3f9">
         <name>_XINT2_ISR</name>
         <value>0x9424</value>
         <object_component_ref idref="oc-10e"/>
      </symbol>
      <symbol id="sm-3fa">
         <name>_I2CINT2A_ISR</name>
         <value>0x9596</value>
         <object_component_ref idref="oc-10e"/>
      </symbol>
      <symbol id="sm-3fb">
         <name>_SCITXINTC_ISR</name>
         <value>0x95aa</value>
         <object_component_ref idref="oc-10e"/>
      </symbol>
      <symbol id="sm-3fc">
         <name>_SCIRXINTC_ISR</name>
         <value>0x95a0</value>
         <object_component_ref idref="oc-10e"/>
      </symbol>
      <symbol id="sm-3fd">
         <name>_RTOSINT_ISR</name>
         <value>0x9366</value>
         <object_component_ref idref="oc-10e"/>
      </symbol>
      <symbol id="sm-3fe">
         <name>_EPWM3_INT_ISR</name>
         <value>0x949c</value>
         <object_component_ref idref="oc-10e"/>
      </symbol>
      <symbol id="sm-3ff">
         <name>_ECAN1INTB_ISR</name>
         <value>0x95fa</value>
         <object_component_ref idref="oc-10e"/>
      </symbol>
      <symbol id="sm-400">
         <name>_USER9_ISR</name>
         <value>0x93de</value>
         <object_component_ref idref="oc-10e"/>
      </symbol>
      <symbol id="sm-401">
         <name>_USER3_ISR</name>
         <value>0x93a2</value>
         <object_component_ref idref="oc-10e"/>
      </symbol>
      <symbol id="sm-402">
         <name>_EQEP1_INT_ISR</name>
         <value>0x9500</value>
         <object_component_ref idref="oc-10e"/>
      </symbol>
      <symbol id="sm-403">
         <name>_MRINTB_ISR</name>
         <value>0x9528</value>
         <object_component_ref idref="oc-10e"/>
      </symbol>
      <symbol id="sm-404">
         <name>_DINTCH1_ISR</name>
         <value>0x9550</value>
         <object_component_ref idref="oc-10e"/>
      </symbol>
      <symbol id="sm-405">
         <name>_USER8_ISR</name>
         <value>0x93d4</value>
         <object_component_ref idref="oc-10e"/>
      </symbol>
      <symbol id="sm-406">
         <name>_EPWM1_INT_ISR</name>
         <value>0x9488</value>
         <object_component_ref idref="oc-10e"/>
      </symbol>
      <symbol id="sm-407">
         <name>_SEQ2INT_ISR</name>
         <value>0x9410</value>
         <object_component_ref idref="oc-10e"/>
      </symbol>
      <symbol id="sm-408">
         <name>_USER2_ISR</name>
         <value>0x9398</value>
         <object_component_ref idref="oc-10e"/>
      </symbol>
      <symbol id="sm-409">
         <name>_LUF_ISR</name>
         <value>0x9640</value>
         <object_component_ref idref="oc-10e"/>
      </symbol>
      <symbol id="sm-40a">
         <name>_LVF_ISR</name>
         <value>0x9636</value>
         <object_component_ref idref="oc-10e"/>
      </symbol>
      <symbol id="sm-40b">
         <name>_SCITXINTA_ISR</name>
         <value>0x95be</value>
         <object_component_ref idref="oc-10e"/>
      </symbol>
      <symbol id="sm-40c">
         <name>_SCIRXINTA_ISR</name>
         <value>0x95b4</value>
         <object_component_ref idref="oc-10e"/>
      </symbol>
      <symbol id="sm-40d">
         <name>_rsvd_ISR</name>
         <value>0x9661</value>
         <object_component_ref idref="oc-10e"/>
      </symbol>
      <symbol id="sm-40e">
         <name>_ECAP5_INT_ISR</name>
         <value>0x94ec</value>
         <object_component_ref idref="oc-10e"/>
      </symbol>
      <symbol id="sm-40f">
         <name>_DINTCH2_ISR</name>
         <value>0x955a</value>
         <object_component_ref idref="oc-10e"/>
      </symbol>
      <symbol id="sm-410">
         <name>_XINT5_ISR</name>
         <value>0x9618</value>
         <object_component_ref idref="oc-10e"/>
      </symbol>
      <symbol id="sm-41c">
         <name>_CpuTimer2</name>
         <value>0xc008</value>
         <object_component_ref idref="oc-114"/>
      </symbol>
      <symbol id="sm-41d">
         <name>_CpuTimer0</name>
         <value>0xc010</value>
         <object_component_ref idref="oc-114"/>
      </symbol>
      <symbol id="sm-41e">
         <name>_CpuTimer1</name>
         <value>0xc000</value>
         <object_component_ref idref="oc-114"/>
      </symbol>
      <symbol id="sm-41f">
         <name>_InitCpuTimers</name>
         <value>0xa108</value>
         <object_component_ref idref="oc-112"/>
      </symbol>
      <symbol id="sm-420">
         <name>_ConfigCpuTimer</name>
         <value>0xa149</value>
         <object_component_ref idref="oc-112"/>
      </symbol>
      <symbol id="sm-42b">
         <name>code_start</name>
         <value>0x0</value>
         <object_component_ref idref="oc-119"/>
      </symbol>
      <symbol id="sm-435">
         <name>_InitAdc</name>
         <value>0xa5e1</value>
         <object_component_ref idref="oc-11d"/>
      </symbol>
      <symbol id="sm-43d">
         <name>_ADC_cal</name>
         <value>0x380080</value>
         <object_component_ref idref="oc-122"/>
      </symbol>
      <symbol id="sm-44e">
         <name>_main</name>
         <value>0xa460</value>
         <object_component_ref idref="oc-126"/>
      </symbol>
      <symbol id="sm-44f">
         <name>_delay</name>
         <value>0xa453</value>
         <object_component_ref idref="oc-126"/>
      </symbol>
      <symbol id="sm-463">
         <name>_c_int00</name>
         <value>0xa390</value>
         <object_component_ref idref="oc-49"/>
      </symbol>
      <symbol id="sm-464">
         <name>__stack</name>
         <value>0x400</value>
         <object_component_ref idref="oc-12c"/>
      </symbol>
      <symbol id="sm-475">
         <name>C$$EXIT</name>
         <value>0xa5c8</value>
         <object_component_ref idref="oc-131"/>
      </symbol>
      <symbol id="sm-476">
         <name>_exit</name>
         <value>0xa5ca</value>
         <object_component_ref idref="oc-131"/>
      </symbol>
      <symbol id="sm-477">
         <name>___TI_cleanup_ptr</name>
         <value>0xc060</value>
         <object_component_ref idref="oc-134"/>
      </symbol>
      <symbol id="sm-478">
         <name>_abort</name>
         <value>0xa5c8</value>
         <object_component_ref idref="oc-131"/>
      </symbol>
      <symbol id="sm-479">
         <name>___TI_dtors_ptr</name>
         <value>0xc062</value>
         <object_component_ref idref="oc-134"/>
      </symbol>
      <symbol id="sm-487">
         <name>__unlock</name>
         <value>0xc03c</value>
         <object_component_ref idref="oc-13b"/>
      </symbol>
      <symbol id="sm-488">
         <name>__lock</name>
         <value>0xc03e</value>
         <object_component_ref idref="oc-13b"/>
      </symbol>
      <symbol id="sm-489">
         <name>__register_lock</name>
         <value>0xa624</value>
         <object_component_ref idref="oc-138"/>
      </symbol>
      <symbol id="sm-48a">
         <name>__nop</name>
         <value>0xa628</value>
         <object_component_ref idref="oc-138"/>
      </symbol>
      <symbol id="sm-48b">
         <name>__register_unlock</name>
         <value>0xa620</value>
         <object_component_ref idref="oc-138"/>
      </symbol>
      <symbol id="sm-493">
         <name>U$$MOD</name>
         <value>0xa61a</value>
         <object_component_ref idref="oc-13f"/>
      </symbol>
      <symbol id="sm-494">
         <name>U$$DIV</name>
         <value>0xa615</value>
         <object_component_ref idref="oc-13f"/>
      </symbol>
      <symbol id="sm-4a0">
         <name>__args_main</name>
         <value>0xa5af</value>
         <object_component_ref idref="oc-143"/>
      </symbol>
      <symbol id="sm-4a1">
         <name>__TI_args_main</name>
         <value>0x1</value>
      </symbol>
   </symbol_table>
   <title>Link successful</title>
</link_info>
