******************************************************************************
             TMS320C2000 Linker PC v6.2.0                      
******************************************************************************
>> Linked Mon Apr 16 14:44:35 2018

OUTPUT FILE NAME:   <Example34_DSP2833x_DAC_ADC.out>
ENTRY POINT SYMBOL: "_c_int00"  address: 00009a3f


MEMORY CONFIGURATION

         name            origin    length      used     unused   attr    fill
----------------------  --------  ---------  --------  --------  ----  --------
PAGE 0:
  BEGIN                 00000000   00000002  00000002  00000000  RWIX
  RAMM0                 00000050   000003b0  00000000  000003b0  RWIX
  RAML0                 00008000   00001000  0000004e  00000fb2  RWIX
  RAML1                 00009000   00002000  00000c79  00001387  RWIX
  RAML2                 0000b000   00001000  00000000  00001000  RWIX
  RAML3                 0000c000   00001000  00000000  00001000  RWIX
  ZONE7A                00200000   0000fc00  00000000  0000fc00  RWIX
  CSM_RSVD              0033ff80   00000076  00000000  00000076  RWIX
  CSM_PWL               0033fff8   00000008  00000000  00000008  RWIX
  ADC_CAL               00380080   00000009  00000007  00000002  RWIX
  IQTABLES              003fe000   00000b50  00000000  00000b50  RWIX
  IQTABLES2             003feb50   0000008c  00000000  0000008c  RWIX
  FPUTABLES             003febdc   000006a0  00000000  000006a0  RWIX
  BOOTROM               003ff27c   00000d44  00000000  00000d44  RWIX
  RESET                 003fffc0   00000002  00000000  00000002  RWIX

PAGE 1:
  BOOT_RSVD             00000002   0000004e  00000000  0000004e  RWIX
  RAMM1                 00000400   00000400  00000300  00000100  RWIX
  DEV_EMU               00000880   00000180  000000d0  000000b0  RWIX
  FLASH_REGS            00000a80   00000060  00000008  00000058  RWIX
  CSM                   00000ae0   00000010  00000010  00000000  RWIX
  ADC_MIRROR            00000b00   00000010  00000010  00000000  RWIX
  XINTF                 00000b20   00000020  0000001e  00000002  RWIX
  CPU_TIMER0            00000c00   00000008  00000008  00000000  RWIX
  CPU_TIMER1            00000c08   00000008  00000008  00000000  RWIX
  CPU_TIMER2            00000c10   00000008  00000008  00000000  RWIX
  PIE_CTRL              00000ce0   00000020  0000001a  00000006  RWIX
  PIE_VECT              00000d00   00000100  00000100  00000000  RWIX
  DMA                   00001000   00000200  000000e0  00000120  RWIX
  MCBSPA                00005000   00000040  00000025  0000001b  RWIX
  MCBSPB                00005040   00000040  00000025  0000001b  RWIX
  ECANA                 00006000   00000040  00000034  0000000c  RWIX
  ECANA_LAM             00006040   00000040  00000040  00000000  RWIX
  ECANA_MOTS            00006080   00000040  00000040  00000000  RWIX
  ECANA_MOTO            000060c0   00000040  00000040  00000000  RWIX
  ECANA_MBOX            00006100   00000100  00000100  00000000  RWIX
  ECANB                 00006200   00000040  00000034  0000000c  RWIX
  ECANB_LAM             00006240   00000040  00000040  00000000  RWIX
  ECANB_MOTS            00006280   00000040  00000040  00000000  RWIX
  ECANB_MOTO            000062c0   00000040  00000040  00000000  RWIX
  ECANB_MBOX            00006300   00000100  00000100  00000000  RWIX
  EPWM1                 00006800   00000022  00000022  00000000  RWIX
  EPWM2                 00006840   00000022  00000022  00000000  RWIX
  EPWM3                 00006880   00000022  00000022  00000000  RWIX
  EPWM4                 000068c0   00000022  00000022  00000000  RWIX
  EPWM5                 00006900   00000022  00000022  00000000  RWIX
  EPWM6                 00006940   00000022  00000022  00000000  RWIX
  ECAP1                 00006a00   00000020  00000020  00000000  RWIX
  ECAP2                 00006a20   00000020  00000020  00000000  RWIX
  ECAP3                 00006a40   00000020  00000020  00000000  RWIX
  ECAP4                 00006a60   00000020  00000020  00000000  RWIX
  ECAP5                 00006a80   00000020  00000020  00000000  RWIX
  ECAP6                 00006aa0   00000020  00000020  00000000  RWIX
  EQEP1                 00006b00   00000040  00000040  00000000  RWIX
  EQEP2                 00006b40   00000040  00000040  00000000  RWIX
  GPIOCTRL              00006f80   00000040  0000002e  00000012  RWIX
  GPIODAT               00006fc0   00000020  00000020  00000000  RWIX
  GPIOINT               00006fe0   00000020  0000000a  00000016  RWIX
  SYSTEM                00007010   00000020  00000020  00000000  RWIX
  SPIA                  00007040   00000010  00000010  00000000  RWIX
  SCIA                  00007050   00000010  00000010  00000000  RWIX
  XINTRUPT              00007070   00000010  00000010  00000000  RWIX
  ADC                   00007100   00000020  0000001e  00000002  RWIX
  SCIB                  00007750   00000010  00000010  00000000  RWIX
  SCIC                  00007770   00000010  00000010  00000000  RWIX
  I2CA                  00007900   00000040  00000022  0000001e  RWIX
  RAML4                 0000c000   00001000  00000033  00000fcd  RWIX
  RAML5                 0000d000   00001000  0000011b  00000ee5  RWIX
  RAML6                 0000e000   00001000  00000000  00001000  RWIX
  RAML7                 0000f000   00001000  00000000  00001000  RWIX
  ZONE7B                0020fc00   00000400  00000000  00000400  RWIX
  CSM_PWL               0033fff8   00000008  00000008  00000000  RWIX


SECTION ALLOCATION MAP

 output                                  attributes/
section   page    origin      length       input sections
--------  ----  ----------  ----------   ----------------
codestart 
*          0    00000000    00000002     
                  00000000    00000002     DSP2833x_CodeStartBranch.obj (codestart)

.pinit     0    00008000    00000000     UNINITIALIZED

.cinit     0    00008000    0000002f     
                  00008000    0000000d     uart.obj (.cinit)
                  0000800d    0000000c     key.obj (.cinit)
                  00008019    0000000a     rts2800_fpu32.lib : _lock.obj (.cinit)
                  00008023    0000000a                       : exit.obj (.cinit)
                  0000802d    00000002     --HOLE-- [fill = 0]

ramfuncs   0    0000802f    0000001f     
                  0000802f    0000001b     DSP2833x_SysCtrl.obj (ramfuncs)
                  0000804a    00000004     DSP2833x_usDelay.obj (ramfuncs)

.text      0    00009000    00000c79     
                  00009000    00000323     DSP2833x_DefaultIsr.obj (.text:retain)
                  00009323    00000132     uart.obj (.text)
                  00009455    00000126     key.obj (.text)
                  0000957b    000000f3     DSP2833x_SysCtrl.obj (.text)
                  0000966e    000000c2     main.obj (.text)
                  00009730    000000aa     DSP2833x_EPwm.obj (.text)
                  000097da    000000a6     time.obj (.text)
                  00009880    00000088     rts2800_fpu32.lib : fs_div.obj (.text)
                  00009908    0000007c     DSP2833x_CpuTimers.obj (.text)
                  00009984    00000066     uart.obj (.text:retain)
                  000099ea    00000055     tlv5620.obj (.text)
                  00009a3f    00000046     rts2800_fpu32.lib : boot.obj (.text)
                  00009a85    00000040     leds.obj (.text)
                  00009ac5    0000003d     time.obj (.text:retain)
                  00009b02    0000002f     DSP2833x_Sci.obj (.text)
                  00009b31    0000002c     DSP2833x_Spi.obj (.text)
                  00009b5d    00000028     DSP2833x_PieCtrl.obj (.text)
                  00009b85    00000027     adc.obj (.text)
                  00009bac    00000022     rts2800_fpu32.lib : i_div.obj (.text)
                  00009bce    00000020     DSP2833x_PieVect.obj (.text)
                  00009bee    00000019     DSP2833x_Gpio.obj (.text)
                  00009c07    00000019     rts2800_fpu32.lib : args_main.obj (.text)
                  00009c20    00000019                       : exit.obj (.text)
                  00009c39    00000014     DSP2833x_Adc.obj (.text)
                  00009c4d    00000010     beep.obj (.text)
                  00009c5d    0000000b     rts2800_fpu32.lib : u_div.obj (.text)
                  00009c68    00000009                       : _lock.obj (.text)
                  00009c71    00000008     DSP2833x_CodeStartBranch.obj (.text)

csm_rsvd   0    0033ff80    00000000     DSECT

csmpasswds 
*          0    0033fff8    00000000     DSECT

.adc_cal   0    00380080    00000007     NOLOAD SECTION
                  00380080    00000007     DSP2833x_ADC_cal.obj (.adc_cal)

.reset     0    003fffc0    00000002     DSECT
                  003fffc0    00000002     rts2800_fpu32.lib : boot.obj (.reset)

.stack     1    00000400    00000300     UNINITIALIZED
                  00000400    00000300     --HOLE--

DevEmuRegsFile 
*          1    00000880    000000d0     UNINITIALIZED
                  00000880    000000d0     DSP2833x_GlobalVariableDefs.obj (DevEmuRegsFile)

FlashRegsFile 
*          1    00000a80    00000008     UNINITIALIZED
                  00000a80    00000008     DSP2833x_GlobalVariableDefs.obj (FlashRegsFile)

CsmRegsFile 
*          1    00000ae0    00000010     UNINITIALIZED
                  00000ae0    00000010     DSP2833x_GlobalVariableDefs.obj (CsmRegsFile)

AdcMirrorFile 
*          1    00000b00    00000010     UNINITIALIZED
                  00000b00    00000010     DSP2833x_GlobalVariableDefs.obj (AdcMirrorFile)

XintfRegsFile 
*          1    00000b20    0000001e     UNINITIALIZED
                  00000b20    0000001e     DSP2833x_GlobalVariableDefs.obj (XintfRegsFile)

CpuTimer0RegsFile 
*          1    00000c00    00000008     UNINITIALIZED
                  00000c00    00000008     DSP2833x_GlobalVariableDefs.obj (CpuTimer0RegsFile)

CpuTimer1RegsFile 
*          1    00000c08    00000008     UNINITIALIZED
                  00000c08    00000008     DSP2833x_GlobalVariableDefs.obj (CpuTimer1RegsFile)

CpuTimer2RegsFile 
*          1    00000c10    00000008     UNINITIALIZED
                  00000c10    00000008     DSP2833x_GlobalVariableDefs.obj (CpuTimer2RegsFile)

PieCtrlRegsFile 
*          1    00000ce0    0000001a     UNINITIALIZED
                  00000ce0    0000001a     DSP2833x_GlobalVariableDefs.obj (PieCtrlRegsFile)

PieVectTableFile 
*          1    00000d00    00000100     UNINITIALIZED
                  00000d00    00000100     DSP2833x_GlobalVariableDefs.obj (PieVectTableFile)

DmaRegsFile 
*          1    00001000    000000e0     UNINITIALIZED
                  00001000    000000e0     DSP2833x_GlobalVariableDefs.obj (DmaRegsFile)

McbspaRegsFile 
*          1    00005000    00000025     UNINITIALIZED
                  00005000    00000025     DSP2833x_GlobalVariableDefs.obj (McbspaRegsFile)

McbspbRegsFile 
*          1    00005040    00000025     UNINITIALIZED
                  00005040    00000025     DSP2833x_GlobalVariableDefs.obj (McbspbRegsFile)

ECanaRegsFile 
*          1    00006000    00000034     UNINITIALIZED
                  00006000    00000034     DSP2833x_GlobalVariableDefs.obj (ECanaRegsFile)

ECanaLAMRegsFile 
*          1    00006040    00000040     UNINITIALIZED
                  00006040    00000040     DSP2833x_GlobalVariableDefs.obj (ECanaLAMRegsFile)

ECanaMOTSRegsFile 
*          1    00006080    00000040     UNINITIALIZED
                  00006080    00000040     DSP2833x_GlobalVariableDefs.obj (ECanaMOTSRegsFile)

ECanaMOTORegsFile 
*          1    000060c0    00000040     UNINITIALIZED
                  000060c0    00000040     DSP2833x_GlobalVariableDefs.obj (ECanaMOTORegsFile)

ECanaMboxesFile 
*          1    00006100    00000100     UNINITIALIZED
                  00006100    00000100     DSP2833x_GlobalVariableDefs.obj (ECanaMboxesFile)

ECanbRegsFile 
*          1    00006200    00000034     UNINITIALIZED
                  00006200    00000034     DSP2833x_GlobalVariableDefs.obj (ECanbRegsFile)

ECanbLAMRegsFile 
*          1    00006240    00000040     UNINITIALIZED
                  00006240    00000040     DSP2833x_GlobalVariableDefs.obj (ECanbLAMRegsFile)

ECanbMOTSRegsFile 
*          1    00006280    00000040     UNINITIALIZED
                  00006280    00000040     DSP2833x_GlobalVariableDefs.obj (ECanbMOTSRegsFile)

ECanbMOTORegsFile 
*          1    000062c0    00000040     UNINITIALIZED
                  000062c0    00000040     DSP2833x_GlobalVariableDefs.obj (ECanbMOTORegsFile)

ECanbMboxesFile 
*          1    00006300    00000100     UNINITIALIZED
                  00006300    00000100     DSP2833x_GlobalVariableDefs.obj (ECanbMboxesFile)

EPwm1RegsFile 
*          1    00006800    00000022     UNINITIALIZED
                  00006800    00000022     DSP2833x_GlobalVariableDefs.obj (EPwm1RegsFile)

EPwm2RegsFile 
*          1    00006840    00000022     UNINITIALIZED
                  00006840    00000022     DSP2833x_GlobalVariableDefs.obj (EPwm2RegsFile)

EPwm3RegsFile 
*          1    00006880    00000022     UNINITIALIZED
                  00006880    00000022     DSP2833x_GlobalVariableDefs.obj (EPwm3RegsFile)

EPwm4RegsFile 
*          1    000068c0    00000022     UNINITIALIZED
                  000068c0    00000022     DSP2833x_GlobalVariableDefs.obj (EPwm4RegsFile)

EPwm5RegsFile 
*          1    00006900    00000022     UNINITIALIZED
                  00006900    00000022     DSP2833x_GlobalVariableDefs.obj (EPwm5RegsFile)

EPwm6RegsFile 
*          1    00006940    00000022     UNINITIALIZED
                  00006940    00000022     DSP2833x_GlobalVariableDefs.obj (EPwm6RegsFile)

ECap1RegsFile 
*          1    00006a00    00000020     UNINITIALIZED
                  00006a00    00000020     DSP2833x_GlobalVariableDefs.obj (ECap1RegsFile)

ECap2RegsFile 
*          1    00006a20    00000020     UNINITIALIZED
                  00006a20    00000020     DSP2833x_GlobalVariableDefs.obj (ECap2RegsFile)

ECap3RegsFile 
*          1    00006a40    00000020     UNINITIALIZED
                  00006a40    00000020     DSP2833x_GlobalVariableDefs.obj (ECap3RegsFile)

ECap4RegsFile 
*          1    00006a60    00000020     UNINITIALIZED
                  00006a60    00000020     DSP2833x_GlobalVariableDefs.obj (ECap4RegsFile)

ECap5RegsFile 
*          1    00006a80    00000020     UNINITIALIZED
                  00006a80    00000020     DSP2833x_GlobalVariableDefs.obj (ECap5RegsFile)

ECap6RegsFile 
*          1    00006aa0    00000020     UNINITIALIZED
                  00006aa0    00000020     DSP2833x_GlobalVariableDefs.obj (ECap6RegsFile)

EQep1RegsFile 
*          1    00006b00    00000040     UNINITIALIZED
                  00006b00    00000040     DSP2833x_GlobalVariableDefs.obj (EQep1RegsFile)

EQep2RegsFile 
*          1    00006b40    00000040     UNINITIALIZED
                  00006b40    00000040     DSP2833x_GlobalVariableDefs.obj (EQep2RegsFile)

GpioCtrlRegsFile 
*          1    00006f80    0000002e     UNINITIALIZED
                  00006f80    0000002e     DSP2833x_GlobalVariableDefs.obj (GpioCtrlRegsFile)

GpioDataRegsFile 
*          1    00006fc0    00000020     UNINITIALIZED
                  00006fc0    00000020     DSP2833x_GlobalVariableDefs.obj (GpioDataRegsFile)

GpioIntRegsFile 
*          1    00006fe0    0000000a     UNINITIALIZED
                  00006fe0    0000000a     DSP2833x_GlobalVariableDefs.obj (GpioIntRegsFile)

SysCtrlRegsFile 
*          1    00007010    00000020     UNINITIALIZED
                  00007010    00000020     DSP2833x_GlobalVariableDefs.obj (SysCtrlRegsFile)

SpiaRegsFile 
*          1    00007040    00000010     UNINITIALIZED
                  00007040    00000010     DSP2833x_GlobalVariableDefs.obj (SpiaRegsFile)

SciaRegsFile 
*          1    00007050    00000010     UNINITIALIZED
                  00007050    00000010     DSP2833x_GlobalVariableDefs.obj (SciaRegsFile)

XIntruptRegsFile 
*          1    00007070    00000010     UNINITIALIZED
                  00007070    00000010     DSP2833x_GlobalVariableDefs.obj (XIntruptRegsFile)

AdcRegsFile 
*          1    00007100    0000001e     UNINITIALIZED
                  00007100    0000001e     DSP2833x_GlobalVariableDefs.obj (AdcRegsFile)

ScibRegsFile 
*          1    00007750    00000010     UNINITIALIZED
                  00007750    00000010     DSP2833x_GlobalVariableDefs.obj (ScibRegsFile)

ScicRegsFile 
*          1    00007770    00000010     UNINITIALIZED
                  00007770    00000010     DSP2833x_GlobalVariableDefs.obj (ScicRegsFile)

I2caRegsFile 
*          1    00007900    00000022     UNINITIALIZED
                  00007900    00000022     DSP2833x_GlobalVariableDefs.obj (I2caRegsFile)

.ebss      1    0000c000    00000033     UNINITIALIZED
                  0000c000    00000018     DSP2833x_CpuTimers.obj (.ebss)
                  0000c018    00000010     uart.obj (.ebss)
                  0000c028    00000004     rts2800_fpu32.lib : _lock.obj (.ebss)
                  0000c02c    00000004                       : exit.obj (.ebss)
                  0000c030    00000003     key.obj (.ebss)

.econst    1    0000d000    0000011b     
                  0000d000    00000100     DSP2833x_PieVect.obj (.econst)
                  0000d100    0000001b     main.obj (.econst:.string)

CsmPwlFile 
*          1    0033fff8    00000008     UNINITIALIZED
                  0033fff8    00000008     DSP2833x_GlobalVariableDefs.obj (CsmPwlFile)


GLOBAL DATA SYMBOLS: SORTED BY DATA PAGE

address     data page           name
--------    ----------------    ----
00000400      10 (00000400)     __stack

00000880      22 (00000880)     _DevEmuRegs

00000a80      2a (00000a80)     _FlashRegs

00000ae0      2b (00000ac0)     _CsmRegs

00000b00      2c (00000b00)     _AdcMirror
00000b20      2c (00000b00)     _XintfRegs

00000c00      30 (00000c00)     _CpuTimer0Regs
00000c08      30 (00000c00)     _CpuTimer1Regs
00000c10      30 (00000c00)     _CpuTimer2Regs

00000ce0      33 (00000cc0)     _PieCtrlRegs

00000d00      34 (00000d00)     _PieVectTable

00001000      40 (00001000)     _DmaRegs

00005000     140 (00005000)     _McbspaRegs

00005040     141 (00005040)     _McbspbRegs

00006000     180 (00006000)     _ECanaRegs

00006040     181 (00006040)     _ECanaLAMRegs

00006080     182 (00006080)     _ECanaMOTSRegs

000060c0     183 (000060c0)     _ECanaMOTORegs

00006100     184 (00006100)     _ECanaMboxes

00006200     188 (00006200)     _ECanbRegs

00006240     189 (00006240)     _ECanbLAMRegs

00006280     18a (00006280)     _ECanbMOTSRegs

000062c0     18b (000062c0)     _ECanbMOTORegs

00006300     18c (00006300)     _ECanbMboxes

00006800     1a0 (00006800)     _EPwm1Regs

00006840     1a1 (00006840)     _EPwm2Regs

00006880     1a2 (00006880)     _EPwm3Regs

000068c0     1a3 (000068c0)     _EPwm4Regs

00006900     1a4 (00006900)     _EPwm5Regs

00006940     1a5 (00006940)     _EPwm6Regs

00006a00     1a8 (00006a00)     _ECap1Regs
00006a20     1a8 (00006a00)     _ECap2Regs

00006a40     1a9 (00006a40)     _ECap3Regs
00006a60     1a9 (00006a40)     _ECap4Regs

00006a80     1aa (00006a80)     _ECap5Regs
00006aa0     1aa (00006a80)     _ECap6Regs

00006b00     1ac (00006b00)     _EQep1Regs

00006b40     1ad (00006b40)     _EQep2Regs

00006f80     1be (00006f80)     _GpioCtrlRegs

00006fc0     1bf (00006fc0)     _GpioDataRegs
00006fe0     1bf (00006fc0)     _GpioIntRegs

00007010     1c0 (00007000)     _SysCtrlRegs

00007040     1c1 (00007040)     _SpiaRegs
00007050     1c1 (00007040)     _SciaRegs
00007070     1c1 (00007040)     _XIntruptRegs

00007100     1c4 (00007100)     _AdcRegs

00007750     1dd (00007740)     _ScibRegs
00007770     1dd (00007740)     _ScicRegs

00007900     1e4 (00007900)     _I2caRegs

0000c000     300 (0000c000)     _CpuTimer1
0000c008     300 (0000c000)     _CpuTimer2
0000c010     300 (0000c000)     _CpuTimer0
0000c018     300 (0000c000)     _SendChar
0000c019     300 (0000c000)     _ReceivedAChar
0000c01a     300 (0000c000)     _ReceivedCount
0000c01b     300 (0000c000)     _BRRVal
0000c01c     300 (0000c000)     _ErrorCount
0000c01d     300 (0000c000)     _ReceivedBChar
0000c01e     300 (0000c000)     _Buff
0000c028     300 (0000c000)     __unlock
0000c02a     300 (0000c000)     __lock
0000c02c     300 (0000c000)     ___TI_cleanup_ptr
0000c02e     300 (0000c000)     ___TI_dtors_ptr

0000d000     340 (0000d000)     _PieVectTableInit

0033fff8    cfff (0033ffc0)     _CsmPwl


GLOBAL SYMBOLS: SORTED ALPHABETICALLY BY Name 

address    name
--------   ----
00009000   .text
00009c20   C$$EXIT
00009880   FS$$DIV
00009bac   I$$DIV
00009bbd   I$$MOD
00009c5d   U$$DIV
00009c62   U$$MOD
000090e6   _ADCINT_ISR
00009b85   _ADC_Init
00380080   _ADC_cal
00000b00   _AdcMirror
00007100   _AdcRegs
00009c4d   _BEEP_Init
0000c01b   _BRRVal
0000c01e   _Buff
00009949   _ConfigCpuTimer
0000c010   _CpuTimer0
00000c00   _CpuTimer0Regs
0000c000   _CpuTimer1
00000c08   _CpuTimer1Regs
0000c008   _CpuTimer2
00000c10   _CpuTimer2Regs
0033fff8   _CsmPwl
00000ae0   _CsmRegs
0000963d   _CsmUnlock
00009a0f   _DAC_SetChannelData
00009014   _DATALOG_ISR
00009208   _DINTCH1_ISR
00009212   _DINTCH2_ISR
0000921c   _DINTCH3_ISR
00009226   _DINTCH4_ISR
00009230   _DINTCH5_ISR
0000923a   _DINTCH6_ISR
0000804a   _DSP28x_usDelay
00000880   _DevEmuRegs
0000958e   _DisableDog
00001000   _DmaRegs
00009294   _ECAN0INTA_ISR
000092a8   _ECAN0INTB_ISR
0000929e   _ECAN1INTA_ISR
000092b2   _ECAN1INTB_ISR
0000917c   _ECAP1_INT_ISR
00009186   _ECAP2_INT_ISR
00009190   _ECAP3_INT_ISR
0000919a   _ECAP4_INT_ISR
000091a4   _ECAP5_INT_ISR
000091ae   _ECAP6_INT_ISR
00006040   _ECanaLAMRegs
000060c0   _ECanaMOTORegs
00006080   _ECanaMOTSRegs
00006100   _ECanaMboxes
00006000   _ECanaRegs
00006240   _ECanbLAMRegs
000062c0   _ECanbMOTORegs
00006280   _ECanbMOTSRegs
00006300   _ECanbMboxes
00006200   _ECanbRegs
00006a00   _ECap1Regs
00006a20   _ECap2Regs
00006a40   _ECap3Regs
00006a60   _ECap4Regs
00006a80   _ECap5Regs
00006aa0   _ECap6Regs
00009302   _EMPTY_ISR
00009028   _EMUINT_ISR
00009140   _EPWM1_INT_ISR
00009104   _EPWM1_TZINT_ISR
0000914a   _EPWM2_INT_ISR
0000910e   _EPWM2_TZINT_ISR
00009154   _EPWM3_INT_ISR
00009118   _EPWM3_TZINT_ISR
0000915e   _EPWM4_INT_ISR
00009122   _EPWM4_TZINT_ISR
00009168   _EPWM5_INT_ISR
0000912c   _EPWM5_TZINT_ISR
00009172   _EPWM6_INT_ISR
00009136   _EPWM6_TZINT_ISR
00006800   _EPwm1Regs
00006840   _EPwm2Regs
00006880   _EPwm3Regs
000068c0   _EPwm4Regs
00006900   _EPwm5Regs
00006940   _EPwm6Regs
000091b8   _EQEP1_INT_ISR
000091c2   _EQEP2_INT_ISR
00006b00   _EQep1Regs
00006b40   _EQep2Regs
00009b7c   _EnableInterrupts
0000c01c   _ErrorCount
00000a80   _FlashRegs
00006f80   _GpioCtrlRegs
00006fc0   _GpioDataRegs
00006fe0   _GpioIntRegs
00009244   _I2CINT1A_ISR
0000924e   _I2CINT2A_ISR
00007900   _I2caRegs
0000903c   _ILLEGAL_ISR
00009000   _INT13_ISR
0000900a   _INT14_ISR
00009c39   _InitAdc
00009908   _InitCpuTimers
00009730   _InitEPwm
0000973e   _InitEPwm1Gpio
00009750   _InitEPwm2Gpio
00009762   _InitEPwm3Gpio
00009776   _InitEPwm4Gpio
0000978a   _InitEPwm5Gpio
0000979c   _InitEPwm6Gpio
00009731   _InitEPwmGpio
000097ae   _InitEPwmSyncGpio
0000802f   _InitFlash
00009bee   _InitGpio
000095e2   _InitPeripheralClocks
00009b5d   _InitPieCtrl
00009bce   _InitPieVectTable
00009596   _InitPll
00009b02   _InitSci
00009b03   _InitSciGpio
00009b08   _InitSciaGpio
00009b1d   _InitScibGpio
00009b31   _InitSpi
00009b32   _InitSpiGpio
00009b35   _InitSpiaGpio
0000957b   _InitSysCtrl
000097c2   _InitTzGpio
00009455   _KEY_Init
00009487   _KEY_Scan
00009a85   _LED_Init
000092f8   _LUF_ISR
000092ee   _LVF_ISR
000091f4   _MRINTA_ISR
000091e0   _MRINTB_ISR
000091fe   _MXINTA_ISR
000091ea   _MXINTB_ISR
00005000   _McbspaRegs
00005040   _McbspbRegs
00009032   _NMI_ISR
0000930f   _PIE_RESERVED
00000ce0   _PieCtrlRegs
00000d00   _PieVectTable
0000d000   _PieVectTableInit
0000901e   _RTOSINT_ISR
00009ba3   _Read_ADCValue
0000c019   _ReceivedAChar
0000c01d   _ReceivedBChar
0000c01a   _ReceivedCount
0000926c   _SCIRXINTA_ISR
00009280   _SCIRXINTB_ISR
00009258   _SCIRXINTC_ISR
00009276   _SCITXINTA_ISR
0000928a   _SCITXINTB_ISR
00009262   _SCITXINTC_ISR
000090be   _SEQ1INT_ISR
000090c8   _SEQ2INT_ISR
000091cc   _SPIRXINTA_ISR
000091d6   _SPITXINTA_ISR
00007050   _SciaRegs
00007750   _ScibRegs
00007770   _ScicRegs
0000c018   _SendChar
00009584   _ServiceDog
00007040   _SpiaRegs
00007010   _SysCtrlRegs
00009ac5   _TIM0_IRQn
000097da   _TIM0_Init
00009ae2   _TIM1_IRQn
00009814   _TIM1_Init
00009aef   _TIM2_IRQn
0000984a   _TIM2_Init
000090f0   _TINT0_ISR
000099ea   _TLV5620_Init
000093d5   _UART_AutoBaud_Test
00009323   _UARTa_Init
0000935d   _UARTa_SendByte
00009369   _UARTa_SendString
000090a0   _USER10_ISR
000090aa   _USER11_ISR
000090b4   _USER12_ISR
00009046   _USER1_ISR
00009050   _USER2_ISR
0000905a   _USER3_ISR
00009064   _USER4_ISR
0000906e   _USER5_ISR
00009078   _USER6_ISR
00009082   _USER7_ISR
0000908c   _USER8_ISR
00009096   _USER9_ISR
000090fa   _WAKEINT_ISR
000090d2   _XINT1_ISR
000090dc   _XINT2_ISR
000092bc   _XINT3_ISR
000092c6   _XINT4_ISR
000092d0   _XINT5_ISR
000092da   _XINT6_ISR
000092e4   _XINT7_ISR
00007070   _XIntruptRegs
00000b20   _XintfRegs
00000700   __STACK_END
00000300   __STACK_SIZE
00000001   __TI_args_main
0000c02c   ___TI_cleanup_ptr
0000c02e   ___TI_dtors_ptr
ffffffff   ___binit__
ffffffff   ___c_args__
00008000   ___cinit__
00009c79   ___etext__
ffffffff   ___pinit__
00009000   ___text__
00009c07   __args_main
0000c02a   __lock
00009c70   __nop
00009c6c   __register_lock
00009c68   __register_unlock
00000400   __stack
0000c028   __unlock
00009c20   _abort
00009a3f   _c_int00
0000937e   _error
00009c22   _exit
0000966e   _main
00009319   _rsvd_ISR
00009984   _rxaint_isr
000093b0   _scia_AutobaudLock
00009385   _scia_init
000093a0   _scia_xmit
00009394   _scib_init
000093a8   _scib_xmit
ffffffff   binit
00008000   cinit
00000000   code_start
00009c79   etext
ffffffff   pinit


GLOBAL SYMBOLS: SORTED BY Symbol Address 

address    name
--------   ----
00000000   code_start
00000001   __TI_args_main
00000300   __STACK_SIZE
00000400   __stack
00000700   __STACK_END
00000880   _DevEmuRegs
00000a80   _FlashRegs
00000ae0   _CsmRegs
00000b00   _AdcMirror
00000b20   _XintfRegs
00000c00   _CpuTimer0Regs
00000c08   _CpuTimer1Regs
00000c10   _CpuTimer2Regs
00000ce0   _PieCtrlRegs
00000d00   _PieVectTable
00001000   _DmaRegs
00005000   _McbspaRegs
00005040   _McbspbRegs
00006000   _ECanaRegs
00006040   _ECanaLAMRegs
00006080   _ECanaMOTSRegs
000060c0   _ECanaMOTORegs
00006100   _ECanaMboxes
00006200   _ECanbRegs
00006240   _ECanbLAMRegs
00006280   _ECanbMOTSRegs
000062c0   _ECanbMOTORegs
00006300   _ECanbMboxes
00006800   _EPwm1Regs
00006840   _EPwm2Regs
00006880   _EPwm3Regs
000068c0   _EPwm4Regs
00006900   _EPwm5Regs
00006940   _EPwm6Regs
00006a00   _ECap1Regs
00006a20   _ECap2Regs
00006a40   _ECap3Regs
00006a60   _ECap4Regs
00006a80   _ECap5Regs
00006aa0   _ECap6Regs
00006b00   _EQep1Regs
00006b40   _EQep2Regs
00006f80   _GpioCtrlRegs
00006fc0   _GpioDataRegs
00006fe0   _GpioIntRegs
00007010   _SysCtrlRegs
00007040   _SpiaRegs
00007050   _SciaRegs
00007070   _XIntruptRegs
00007100   _AdcRegs
00007750   _ScibRegs
00007770   _ScicRegs
00007900   _I2caRegs
00008000   ___cinit__
00008000   cinit
0000802f   _InitFlash
0000804a   _DSP28x_usDelay
00009000   .text
00009000   _INT13_ISR
00009000   ___text__
0000900a   _INT14_ISR
00009014   _DATALOG_ISR
0000901e   _RTOSINT_ISR
00009028   _EMUINT_ISR
00009032   _NMI_ISR
0000903c   _ILLEGAL_ISR
00009046   _USER1_ISR
00009050   _USER2_ISR
0000905a   _USER3_ISR
00009064   _USER4_ISR
0000906e   _USER5_ISR
00009078   _USER6_ISR
00009082   _USER7_ISR
0000908c   _USER8_ISR
00009096   _USER9_ISR
000090a0   _USER10_ISR
000090aa   _USER11_ISR
000090b4   _USER12_ISR
000090be   _SEQ1INT_ISR
000090c8   _SEQ2INT_ISR
000090d2   _XINT1_ISR
000090dc   _XINT2_ISR
000090e6   _ADCINT_ISR
000090f0   _TINT0_ISR
000090fa   _WAKEINT_ISR
00009104   _EPWM1_TZINT_ISR
0000910e   _EPWM2_TZINT_ISR
00009118   _EPWM3_TZINT_ISR
00009122   _EPWM4_TZINT_ISR
0000912c   _EPWM5_TZINT_ISR
00009136   _EPWM6_TZINT_ISR
00009140   _EPWM1_INT_ISR
0000914a   _EPWM2_INT_ISR
00009154   _EPWM3_INT_ISR
0000915e   _EPWM4_INT_ISR
00009168   _EPWM5_INT_ISR
00009172   _EPWM6_INT_ISR
0000917c   _ECAP1_INT_ISR
00009186   _ECAP2_INT_ISR
00009190   _ECAP3_INT_ISR
0000919a   _ECAP4_INT_ISR
000091a4   _ECAP5_INT_ISR
000091ae   _ECAP6_INT_ISR
000091b8   _EQEP1_INT_ISR
000091c2   _EQEP2_INT_ISR
000091cc   _SPIRXINTA_ISR
000091d6   _SPITXINTA_ISR
000091e0   _MRINTB_ISR
000091ea   _MXINTB_ISR
000091f4   _MRINTA_ISR
000091fe   _MXINTA_ISR
00009208   _DINTCH1_ISR
00009212   _DINTCH2_ISR
0000921c   _DINTCH3_ISR
00009226   _DINTCH4_ISR
00009230   _DINTCH5_ISR
0000923a   _DINTCH6_ISR
00009244   _I2CINT1A_ISR
0000924e   _I2CINT2A_ISR
00009258   _SCIRXINTC_ISR
00009262   _SCITXINTC_ISR
0000926c   _SCIRXINTA_ISR
00009276   _SCITXINTA_ISR
00009280   _SCIRXINTB_ISR
0000928a   _SCITXINTB_ISR
00009294   _ECAN0INTA_ISR
0000929e   _ECAN1INTA_ISR
000092a8   _ECAN0INTB_ISR
000092b2   _ECAN1INTB_ISR
000092bc   _XINT3_ISR
000092c6   _XINT4_ISR
000092d0   _XINT5_ISR
000092da   _XINT6_ISR
000092e4   _XINT7_ISR
000092ee   _LVF_ISR
000092f8   _LUF_ISR
00009302   _EMPTY_ISR
0000930f   _PIE_RESERVED
00009319   _rsvd_ISR
00009323   _UARTa_Init
0000935d   _UARTa_SendByte
00009369   _UARTa_SendString
0000937e   _error
00009385   _scia_init
00009394   _scib_init
000093a0   _scia_xmit
000093a8   _scib_xmit
000093b0   _scia_AutobaudLock
000093d5   _UART_AutoBaud_Test
00009455   _KEY_Init
00009487   _KEY_Scan
0000957b   _InitSysCtrl
00009584   _ServiceDog
0000958e   _DisableDog
00009596   _InitPll
000095e2   _InitPeripheralClocks
0000963d   _CsmUnlock
0000966e   _main
00009730   _InitEPwm
00009731   _InitEPwmGpio
0000973e   _InitEPwm1Gpio
00009750   _InitEPwm2Gpio
00009762   _InitEPwm3Gpio
00009776   _InitEPwm4Gpio
0000978a   _InitEPwm5Gpio
0000979c   _InitEPwm6Gpio
000097ae   _InitEPwmSyncGpio
000097c2   _InitTzGpio
000097da   _TIM0_Init
00009814   _TIM1_Init
0000984a   _TIM2_Init
00009880   FS$$DIV
00009908   _InitCpuTimers
00009949   _ConfigCpuTimer
00009984   _rxaint_isr
000099ea   _TLV5620_Init
00009a0f   _DAC_SetChannelData
00009a3f   _c_int00
00009a85   _LED_Init
00009ac5   _TIM0_IRQn
00009ae2   _TIM1_IRQn
00009aef   _TIM2_IRQn
00009b02   _InitSci
00009b03   _InitSciGpio
00009b08   _InitSciaGpio
00009b1d   _InitScibGpio
00009b31   _InitSpi
00009b32   _InitSpiGpio
00009b35   _InitSpiaGpio
00009b5d   _InitPieCtrl
00009b7c   _EnableInterrupts
00009b85   _ADC_Init
00009ba3   _Read_ADCValue
00009bac   I$$DIV
00009bbd   I$$MOD
00009bce   _InitPieVectTable
00009bee   _InitGpio
00009c07   __args_main
00009c20   C$$EXIT
00009c20   _abort
00009c22   _exit
00009c39   _InitAdc
00009c4d   _BEEP_Init
00009c5d   U$$DIV
00009c62   U$$MOD
00009c68   __register_unlock
00009c6c   __register_lock
00009c70   __nop
00009c79   ___etext__
00009c79   etext
0000c000   _CpuTimer1
0000c008   _CpuTimer2
0000c010   _CpuTimer0
0000c018   _SendChar
0000c019   _ReceivedAChar
0000c01a   _ReceivedCount
0000c01b   _BRRVal
0000c01c   _ErrorCount
0000c01d   _ReceivedBChar
0000c01e   _Buff
0000c028   __unlock
0000c02a   __lock
0000c02c   ___TI_cleanup_ptr
0000c02e   ___TI_dtors_ptr
0000d000   _PieVectTableInit
0033fff8   _CsmPwl
00380080   _ADC_cal
ffffffff   ___binit__
ffffffff   ___c_args__
ffffffff   ___pinit__
ffffffff   binit
ffffffff   pinit

[232 symbols]
