******************************************************************************
             TMS320C2000 Linker PC v6.2.0                      
******************************************************************************
>> Linked Sat Apr 14 10:21:03 2018

OUTPUT FILE NAME:   <Example26_DSP2833x_SPI_loopback.out>
ENTRY POINT SYMBOL: "_c_int00"  address: 0000aa63


MEMORY CONFIGURATION

         name            origin    length      used     unused   attr    fill
----------------------  --------  ---------  --------  --------  ----  --------
PAGE 0:
  BEGIN                 00000000   00000002  00000002  00000000  RWIX
  RAMM0                 00000050   000003b0  00000000  000003b0  RWIX
  RAML0                 00008000   00001000  00000075  00000f8b  RWIX
  RAML1                 00009000   00002000  00001f1d  000000e3  RWIX
  RAML2                 0000b000   00001000  00000000  00001000  RWIX
  RAML3                 0000c000   00001000  00000000  00001000  RWIX
  ZONE7A                00200000   0000fc00  00000000  0000fc00  RWIX
  CSM_RSVD              0033ff80   00000076  00000000  00000076  RWIX
  CSM_PWL               0033fff8   00000008  00000000  00000008  RWIX
  ADC_CAL               00380080   00000009  00000007  00000002  RWIX
  IQTABLES              003fe000   00000b50  00000000  00000b50  RWIX
  IQTABLES2             003feb50   0000008c  00000000  0000008c  RWIX
  FPUTABLES             003febdc   000006a0  00000000  000006a0  RWIX
  BOOTROM               003ff27c   00000d44  00000000  00000d44  RWIX
  RESET                 003fffc0   00000002  00000000  00000002  RWIX

PAGE 1:
  BOOT_RSVD             00000002   0000004e  00000000  0000004e  RWIX
  RAMM1                 00000400   00000400  00000300  00000100  RWIX
  DEV_EMU               00000880   00000180  000000d0  000000b0  RWIX
  FLASH_REGS            00000a80   00000060  00000008  00000058  RWIX
  CSM                   00000ae0   00000010  00000010  00000000  RWIX
  ADC_MIRROR            00000b00   00000010  00000010  00000000  RWIX
  XINTF                 00000b20   00000020  0000001e  00000002  RWIX
  CPU_TIMER0            00000c00   00000008  00000008  00000000  RWIX
  CPU_TIMER1            00000c08   00000008  00000008  00000000  RWIX
  CPU_TIMER2            00000c10   00000008  00000008  00000000  RWIX
  PIE_CTRL              00000ce0   00000020  0000001a  00000006  RWIX
  PIE_VECT              00000d00   00000100  00000100  00000000  RWIX
  DMA                   00001000   00000200  000000e0  00000120  RWIX
  MCBSPA                00005000   00000040  00000025  0000001b  RWIX
  MCBSPB                00005040   00000040  00000025  0000001b  RWIX
  ECANA                 00006000   00000040  00000034  0000000c  RWIX
  ECANA_LAM             00006040   00000040  00000040  00000000  RWIX
  ECANA_MOTS            00006080   00000040  00000040  00000000  RWIX
  ECANA_MOTO            000060c0   00000040  00000040  00000000  RWIX
  ECANA_MBOX            00006100   00000100  00000100  00000000  RWIX
  ECANB                 00006200   00000040  00000034  0000000c  RWIX
  ECANB_LAM             00006240   00000040  00000040  00000000  RWIX
  ECANB_MOTS            00006280   00000040  00000040  00000000  RWIX
  ECANB_MOTO            000062c0   00000040  00000040  00000000  RWIX
  ECANB_MBOX            00006300   00000100  00000100  00000000  RWIX
  EPWM1                 00006800   00000022  00000022  00000000  RWIX
  EPWM2                 00006840   00000022  00000022  00000000  RWIX
  EPWM3                 00006880   00000022  00000022  00000000  RWIX
  EPWM4                 000068c0   00000022  00000022  00000000  RWIX
  EPWM5                 00006900   00000022  00000022  00000000  RWIX
  EPWM6                 00006940   00000022  00000022  00000000  RWIX
  ECAP1                 00006a00   00000020  00000020  00000000  RWIX
  ECAP2                 00006a20   00000020  00000020  00000000  RWIX
  ECAP3                 00006a40   00000020  00000020  00000000  RWIX
  ECAP4                 00006a60   00000020  00000020  00000000  RWIX
  ECAP5                 00006a80   00000020  00000020  00000000  RWIX
  ECAP6                 00006aa0   00000020  00000020  00000000  RWIX
  EQEP1                 00006b00   00000040  00000040  00000000  RWIX
  EQEP2                 00006b40   00000040  00000040  00000000  RWIX
  GPIOCTRL              00006f80   00000040  0000002e  00000012  RWIX
  GPIODAT               00006fc0   00000020  00000020  00000000  RWIX
  GPIOINT               00006fe0   00000020  0000000a  00000016  RWIX
  SYSTEM                00007010   00000020  00000020  00000000  RWIX
  SPIA                  00007040   00000010  00000010  00000000  RWIX
  SCIA                  00007050   00000010  00000010  00000000  RWIX
  XINTRUPT              00007070   00000010  00000010  00000000  RWIX
  ADC                   00007100   00000020  0000001e  00000002  RWIX
  SCIB                  00007750   00000010  00000010  00000000  RWIX
  SCIC                  00007770   00000010  00000010  00000000  RWIX
  I2CA                  00007900   00000040  00000022  0000001e  RWIX
  RAML4                 0000c000   00001000  0000005a  00000fa6  RWIX
  RAML5                 0000d000   00001000  0000025a  00000da6  RWIX
  RAML6                 0000e000   00001000  00000000  00001000  RWIX
  RAML7                 0000f000   00001000  00000000  00001000  RWIX
  ZONE7B                0020fc00   00000400  00000000  00000400  RWIX
  CSM_PWL               0033fff8   00000008  00000008  00000000  RWIX


SECTION ALLOCATION MAP

 output                                  attributes/
section   page    origin      length       input sections
--------  ----  ----------  ----------   ----------------
codestart 
*          0    00000000    00000002     
                  00000000    00000002     DSP2833x_CodeStartBranch.obj (codestart)

.pinit     0    00008000    00000000     UNINITIALIZED

.cinit     0    00008000    00000056     
                  00008000    00000013     smg.obj (.cinit)
                  00008013    0000000d     uart.obj (.cinit)
                  00008020    0000000c     dc_motor.obj (.cinit)
                  0000802c    0000000c     key.obj (.cinit)
                  00008038    0000000a     rts2800_fpu32.lib : _lock.obj (.cinit)
                  00008042    0000000a                       : exit.obj (.cinit)
                  0000804c    00000008     adc.obj (.cinit)
                  00008054    00000002     --HOLE-- [fill = 0]

ramfuncs   0    00008056    0000001f     
                  00008056    0000001b     DSP2833x_SysCtrl.obj (ramfuncs)
                  00008071    00000004     DSP2833x_usDelay.obj (ramfuncs)

.text      0    00009000    00001f1d     
                  00009000    00000981     rts2800_fpu32.lib : _printfi.obj (.text)
                  00009981    00000323     DSP2833x_DefaultIsr.obj (.text:retain)
                  00009ca4    000001b6     smg.obj (.text)
                  00009e5a    00000132     uart.obj (.text)
                  00009f8c    00000126     key.obj (.text)
                  0000a0b2    00000107     rts2800_fpu32.lib : ll_div.obj (.text)
                  0000a1b9    000000fc     epwm.obj (.text)
                  0000a2b5    000000f3     DSP2833x_SysCtrl.obj (.text)
                  0000a3a8    000000cd     adc.obj (.text)
                  0000a475    000000aa     DSP2833x_EPwm.obj (.text)
                  0000a51f    000000a6     time.obj (.text)
                  0000a5c5    0000009c     rts2800_fpu32.lib : fd_add.obj (.text)
                  0000a661    0000008b     dc_motor.obj (.text:retain)
                  0000a6ec    0000008b     rts2800_fpu32.lib : fd_div.obj (.text)
                  0000a777    00000083                       : fd_mpy.obj (.text)
                  0000a7fa    0000007e     dc_motor.obj (.text)
                  0000a878    0000007c     DSP2833x_CpuTimers.obj (.text)
                  0000a8f4    0000006f     exti.obj (.text)
                  0000a963    00000066     uart.obj (.text:retain)
                  0000a9c9    00000050     exti.obj (.text:retain)
                  0000aa19    0000004a     main.obj (.text)
                  0000aa63    00000046     rts2800_fpu32.lib : boot.obj (.text)
                  0000aaa9    00000043     time.obj (.text:retain)
                  0000aaec    00000040     leds.obj (.text)
                  0000ab2c    00000031     rts2800_fpu32.lib : atoi.obj (.text)
                  0000ab5d    00000030     adc.obj (.text:retain)
                  0000ab8d    0000002f     DSP2833x_Sci.obj (.text)
                  0000abbc    0000002f     rts2800_fpu32.lib : sprintf.obj (.text)
                  0000abeb    0000002c     DSP2833x_Spi.obj (.text)
                  0000ac17    0000002c     rts2800_fpu32.lib : ltoa.obj (.text)
                  0000ac43    0000002a                       : fd_cmp.obj (.text)
                  0000ac6d    0000002a                       : l_div.obj (.text)
                  0000ac97    00000028     DSP2833x_PieCtrl.obj (.text)
                  0000acbf    00000028     spi.obj (.text)
                  0000ace7    00000022     rts2800_fpu32.lib : i_div.obj (.text)
                  0000ad09    00000021                       : fd_toi.obj (.text)
                  0000ad2a    00000021                       : memcpy_ff.obj (.text)
                  0000ad4b    00000020     DSP2833x_PieVect.obj (.text)
                  0000ad6b    00000020     step_motor.obj (.text)
                  0000ad8b    0000001f     rts2800_fpu32.lib : fd_tol.obj (.text)
                  0000adaa    0000001e                       : ll_cmp.obj (.text)
                  0000adc8    0000001c                       : fs_tofd.obj (.text)
                  0000ade4    0000001c                       : l_tofd.obj (.text)
                  0000ae00    00000019     DSP2833x_Gpio.obj (.text)
                  0000ae19    00000019     epwm.obj (.text:retain)
                  0000ae32    00000019     rts2800_fpu32.lib : args_main.obj (.text)
                  0000ae4b    00000019                       : exit.obj (.text)
                  0000ae64    00000018                       : ll_aox.obj (.text)
                  0000ae7c    00000014     DSP2833x_Adc.obj (.text)
                  0000ae90    00000014     rts2800_fpu32.lib : ll_mpy.obj (.text)
                  0000aea4    00000010     beep.obj (.text)
                  0000aeb4    00000010     relay.obj (.text)
                  0000aec4    0000000e     rts2800_fpu32.lib : fd_sub.obj (.text)
                  0000aed2    0000000d                       : memccpy.obj (.text)
                  0000aedf    0000000c                       : memset.obj (.text)
                  0000aeeb    0000000b                       : u_div.obj (.text)
                  0000aef6    00000009                       : _lock.obj (.text)
                  0000aeff    00000009                       : fd_neg.obj (.text)
                  0000af08    00000008     DSP2833x_CodeStartBranch.obj (.text)
                  0000af10    00000008     rts2800_fpu32.lib : strlen.obj (.text)
                  0000af18    00000005                       : strcpy.obj (.text)

csm_rsvd   0    0033ff80    00000000     DSECT

csmpasswds 
*          0    0033fff8    00000000     DSECT

.adc_cal   0    00380080    00000007     NOLOAD SECTION
                  00380080    00000007     DSP2833x_ADC_cal.obj (.adc_cal)

.reset     0    003fffc0    00000002     DSECT
                  003fffc0    00000002     rts2800_fpu32.lib : boot.obj (.reset)

.stack     1    00000400    00000300     UNINITIALIZED
                  00000400    00000300     --HOLE--

DevEmuRegsFile 
*          1    00000880    000000d0     UNINITIALIZED
                  00000880    000000d0     DSP2833x_GlobalVariableDefs.obj (DevEmuRegsFile)

FlashRegsFile 
*          1    00000a80    00000008     UNINITIALIZED
                  00000a80    00000008     DSP2833x_GlobalVariableDefs.obj (FlashRegsFile)

CsmRegsFile 
*          1    00000ae0    00000010     UNINITIALIZED
                  00000ae0    00000010     DSP2833x_GlobalVariableDefs.obj (CsmRegsFile)

AdcMirrorFile 
*          1    00000b00    00000010     UNINITIALIZED
                  00000b00    00000010     DSP2833x_GlobalVariableDefs.obj (AdcMirrorFile)

XintfRegsFile 
*          1    00000b20    0000001e     UNINITIALIZED
                  00000b20    0000001e     DSP2833x_GlobalVariableDefs.obj (XintfRegsFile)

CpuTimer0RegsFile 
*          1    00000c00    00000008     UNINITIALIZED
                  00000c00    00000008     DSP2833x_GlobalVariableDefs.obj (CpuTimer0RegsFile)

CpuTimer1RegsFile 
*          1    00000c08    00000008     UNINITIALIZED
                  00000c08    00000008     DSP2833x_GlobalVariableDefs.obj (CpuTimer1RegsFile)

CpuTimer2RegsFile 
*          1    00000c10    00000008     UNINITIALIZED
                  00000c10    00000008     DSP2833x_GlobalVariableDefs.obj (CpuTimer2RegsFile)

PieCtrlRegsFile 
*          1    00000ce0    0000001a     UNINITIALIZED
                  00000ce0    0000001a     DSP2833x_GlobalVariableDefs.obj (PieCtrlRegsFile)

PieVectTableFile 
*          1    00000d00    00000100     UNINITIALIZED
                  00000d00    00000100     DSP2833x_GlobalVariableDefs.obj (PieVectTableFile)

DmaRegsFile 
*          1    00001000    000000e0     UNINITIALIZED
                  00001000    000000e0     DSP2833x_GlobalVariableDefs.obj (DmaRegsFile)

McbspaRegsFile 
*          1    00005000    00000025     UNINITIALIZED
                  00005000    00000025     DSP2833x_GlobalVariableDefs.obj (McbspaRegsFile)

McbspbRegsFile 
*          1    00005040    00000025     UNINITIALIZED
                  00005040    00000025     DSP2833x_GlobalVariableDefs.obj (McbspbRegsFile)

ECanaRegsFile 
*          1    00006000    00000034     UNINITIALIZED
                  00006000    00000034     DSP2833x_GlobalVariableDefs.obj (ECanaRegsFile)

ECanaLAMRegsFile 
*          1    00006040    00000040     UNINITIALIZED
                  00006040    00000040     DSP2833x_GlobalVariableDefs.obj (ECanaLAMRegsFile)

ECanaMOTSRegsFile 
*          1    00006080    00000040     UNINITIALIZED
                  00006080    00000040     DSP2833x_GlobalVariableDefs.obj (ECanaMOTSRegsFile)

ECanaMOTORegsFile 
*          1    000060c0    00000040     UNINITIALIZED
                  000060c0    00000040     DSP2833x_GlobalVariableDefs.obj (ECanaMOTORegsFile)

ECanaMboxesFile 
*          1    00006100    00000100     UNINITIALIZED
                  00006100    00000100     DSP2833x_GlobalVariableDefs.obj (ECanaMboxesFile)

ECanbRegsFile 
*          1    00006200    00000034     UNINITIALIZED
                  00006200    00000034     DSP2833x_GlobalVariableDefs.obj (ECanbRegsFile)

ECanbLAMRegsFile 
*          1    00006240    00000040     UNINITIALIZED
                  00006240    00000040     DSP2833x_GlobalVariableDefs.obj (ECanbLAMRegsFile)

ECanbMOTSRegsFile 
*          1    00006280    00000040     UNINITIALIZED
                  00006280    00000040     DSP2833x_GlobalVariableDefs.obj (ECanbMOTSRegsFile)

ECanbMOTORegsFile 
*          1    000062c0    00000040     UNINITIALIZED
                  000062c0    00000040     DSP2833x_GlobalVariableDefs.obj (ECanbMOTORegsFile)

ECanbMboxesFile 
*          1    00006300    00000100     UNINITIALIZED
                  00006300    00000100     DSP2833x_GlobalVariableDefs.obj (ECanbMboxesFile)

EPwm1RegsFile 
*          1    00006800    00000022     UNINITIALIZED
                  00006800    00000022     DSP2833x_GlobalVariableDefs.obj (EPwm1RegsFile)

EPwm2RegsFile 
*          1    00006840    00000022     UNINITIALIZED
                  00006840    00000022     DSP2833x_GlobalVariableDefs.obj (EPwm2RegsFile)

EPwm3RegsFile 
*          1    00006880    00000022     UNINITIALIZED
                  00006880    00000022     DSP2833x_GlobalVariableDefs.obj (EPwm3RegsFile)

EPwm4RegsFile 
*          1    000068c0    00000022     UNINITIALIZED
                  000068c0    00000022     DSP2833x_GlobalVariableDefs.obj (EPwm4RegsFile)

EPwm5RegsFile 
*          1    00006900    00000022     UNINITIALIZED
                  00006900    00000022     DSP2833x_GlobalVariableDefs.obj (EPwm5RegsFile)

EPwm6RegsFile 
*          1    00006940    00000022     UNINITIALIZED
                  00006940    00000022     DSP2833x_GlobalVariableDefs.obj (EPwm6RegsFile)

ECap1RegsFile 
*          1    00006a00    00000020     UNINITIALIZED
                  00006a00    00000020     DSP2833x_GlobalVariableDefs.obj (ECap1RegsFile)

ECap2RegsFile 
*          1    00006a20    00000020     UNINITIALIZED
                  00006a20    00000020     DSP2833x_GlobalVariableDefs.obj (ECap2RegsFile)

ECap3RegsFile 
*          1    00006a40    00000020     UNINITIALIZED
                  00006a40    00000020     DSP2833x_GlobalVariableDefs.obj (ECap3RegsFile)

ECap4RegsFile 
*          1    00006a60    00000020     UNINITIALIZED
                  00006a60    00000020     DSP2833x_GlobalVariableDefs.obj (ECap4RegsFile)

ECap5RegsFile 
*          1    00006a80    00000020     UNINITIALIZED
                  00006a80    00000020     DSP2833x_GlobalVariableDefs.obj (ECap5RegsFile)

ECap6RegsFile 
*          1    00006aa0    00000020     UNINITIALIZED
                  00006aa0    00000020     DSP2833x_GlobalVariableDefs.obj (ECap6RegsFile)

EQep1RegsFile 
*          1    00006b00    00000040     UNINITIALIZED
                  00006b00    00000040     DSP2833x_GlobalVariableDefs.obj (EQep1RegsFile)

EQep2RegsFile 
*          1    00006b40    00000040     UNINITIALIZED
                  00006b40    00000040     DSP2833x_GlobalVariableDefs.obj (EQep2RegsFile)

GpioCtrlRegsFile 
*          1    00006f80    0000002e     UNINITIALIZED
                  00006f80    0000002e     DSP2833x_GlobalVariableDefs.obj (GpioCtrlRegsFile)

GpioDataRegsFile 
*          1    00006fc0    00000020     UNINITIALIZED
                  00006fc0    00000020     DSP2833x_GlobalVariableDefs.obj (GpioDataRegsFile)

GpioIntRegsFile 
*          1    00006fe0    0000000a     UNINITIALIZED
                  00006fe0    0000000a     DSP2833x_GlobalVariableDefs.obj (GpioIntRegsFile)

SysCtrlRegsFile 
*          1    00007010    00000020     UNINITIALIZED
                  00007010    00000020     DSP2833x_GlobalVariableDefs.obj (SysCtrlRegsFile)

SpiaRegsFile 
*          1    00007040    00000010     UNINITIALIZED
                  00007040    00000010     DSP2833x_GlobalVariableDefs.obj (SpiaRegsFile)

SciaRegsFile 
*          1    00007050    00000010     UNINITIALIZED
                  00007050    00000010     DSP2833x_GlobalVariableDefs.obj (SciaRegsFile)

XIntruptRegsFile 
*          1    00007070    00000010     UNINITIALIZED
                  00007070    00000010     DSP2833x_GlobalVariableDefs.obj (XIntruptRegsFile)

AdcRegsFile 
*          1    00007100    0000001e     UNINITIALIZED
                  00007100    0000001e     DSP2833x_GlobalVariableDefs.obj (AdcRegsFile)

ScibRegsFile 
*          1    00007750    00000010     UNINITIALIZED
                  00007750    00000010     DSP2833x_GlobalVariableDefs.obj (ScibRegsFile)

ScicRegsFile 
*          1    00007770    00000010     UNINITIALIZED
                  00007770    00000010     DSP2833x_GlobalVariableDefs.obj (ScicRegsFile)

I2caRegsFile 
*          1    00007900    00000022     UNINITIALIZED
                  00007900    00000022     DSP2833x_GlobalVariableDefs.obj (I2caRegsFile)

.ebss      1    0000c000    0000005a     UNINITIALIZED
                  0000c000    00000018     DSP2833x_CpuTimers.obj (.ebss)
                  0000c018    00000011     adc.obj (.ebss)
                  0000c029    00000010     smg.obj (.ebss)
                  0000c039    00000001     --HOLE--
                  0000c03a    00000004     rts2800_fpu32.lib : _lock.obj (.ebss)
                  0000c03e    00000002     --HOLE--
                  0000c040    00000010     uart.obj (.ebss)
                  0000c050    00000004     rts2800_fpu32.lib : exit.obj (.ebss)
                  0000c054    00000003     dc_motor.obj (.ebss)
                  0000c057    00000003     key.obj (.ebss)

.econst    1    0000d000    0000025a     
                  0000d000    00000101     rts2800_fpu32.lib : ctype.obj (.econst:.string:__ctypes_)
                  0000d101    00000001     --HOLE-- [fill = 0]
                  0000d102    00000100     DSP2833x_PieVect.obj (.econst)
                  0000d202    00000024     rts2800_fpu32.lib : _printfi.obj (.econst:.string)
                  0000d226    0000001c     main.obj (.econst:.string)
                  0000d242    00000018     rts2800_fpu32.lib : _printfi.obj (.econst)

CsmPwlFile 
*          1    0033fff8    00000008     UNINITIALIZED
                  0033fff8    00000008     DSP2833x_GlobalVariableDefs.obj (CsmPwlFile)


GLOBAL DATA SYMBOLS: SORTED BY DATA PAGE

address     data page           name
--------    ----------------    ----
00000400      10 (00000400)     __stack

00000880      22 (00000880)     _DevEmuRegs

00000a80      2a (00000a80)     _FlashRegs

00000ae0      2b (00000ac0)     _CsmRegs

00000b00      2c (00000b00)     _AdcMirror
00000b20      2c (00000b00)     _XintfRegs

00000c00      30 (00000c00)     _CpuTimer0Regs
00000c08      30 (00000c00)     _CpuTimer1Regs
00000c10      30 (00000c00)     _CpuTimer2Regs

00000ce0      33 (00000cc0)     _PieCtrlRegs

00000d00      34 (00000d00)     _PieVectTable

00001000      40 (00001000)     _DmaRegs

00005000     140 (00005000)     _McbspaRegs

00005040     141 (00005040)     _McbspbRegs

00006000     180 (00006000)     _ECanaRegs

00006040     181 (00006040)     _ECanaLAMRegs

00006080     182 (00006080)     _ECanaMOTSRegs

000060c0     183 (000060c0)     _ECanaMOTORegs

00006100     184 (00006100)     _ECanaMboxes

00006200     188 (00006200)     _ECanbRegs

00006240     189 (00006240)     _ECanbLAMRegs

00006280     18a (00006280)     _ECanbMOTSRegs

000062c0     18b (000062c0)     _ECanbMOTORegs

00006300     18c (00006300)     _ECanbMboxes

00006800     1a0 (00006800)     _EPwm1Regs

00006840     1a1 (00006840)     _EPwm2Regs

00006880     1a2 (00006880)     _EPwm3Regs

000068c0     1a3 (000068c0)     _EPwm4Regs

00006900     1a4 (00006900)     _EPwm5Regs

00006940     1a5 (00006940)     _EPwm6Regs

00006a00     1a8 (00006a00)     _ECap1Regs
00006a20     1a8 (00006a00)     _ECap2Regs

00006a40     1a9 (00006a40)     _ECap3Regs
00006a60     1a9 (00006a40)     _ECap4Regs

00006a80     1aa (00006a80)     _ECap5Regs
00006aa0     1aa (00006a80)     _ECap6Regs

00006b00     1ac (00006b00)     _EQep1Regs

00006b40     1ad (00006b40)     _EQep2Regs

00006f80     1be (00006f80)     _GpioCtrlRegs

00006fc0     1bf (00006fc0)     _GpioDataRegs
00006fe0     1bf (00006fc0)     _GpioIntRegs

00007010     1c0 (00007000)     _SysCtrlRegs

00007040     1c1 (00007040)     _SpiaRegs
00007050     1c1 (00007040)     _SciaRegs
00007070     1c1 (00007040)     _XIntruptRegs

00007100     1c4 (00007100)     _AdcRegs

00007750     1dd (00007740)     _ScibRegs
00007770     1dd (00007740)     _ScicRegs

00007900     1e4 (00007900)     _I2caRegs

0000c000     300 (0000c000)     _CpuTimer1
0000c008     300 (0000c000)     _CpuTimer2
0000c010     300 (0000c000)     _CpuTimer0
0000c019     300 (0000c000)     _SampleTable
0000c029     300 (0000c000)     _smgduan
0000c03a     300 (0000c000)     __unlock
0000c03c     300 (0000c000)     __lock

0000c040     301 (0000c040)     _SendChar
0000c041     301 (0000c040)     _ReceivedAChar
0000c042     301 (0000c040)     _ReceivedCount
0000c043     301 (0000c040)     _BRRVal
0000c044     301 (0000c040)     _ErrorCount
0000c045     301 (0000c040)     _ReceivedBChar
0000c046     301 (0000c040)     _Buff
0000c050     301 (0000c040)     ___TI_cleanup_ptr
0000c052     301 (0000c040)     ___TI_dtors_ptr
0000c054     301 (0000c040)     _pwm_stepValue
0000c056     301 (0000c040)     _Direction

0000d000     340 (0000d000)     __ctypes_

0000d102     344 (0000d100)     _PieVectTableInit

0033fff8    cfff (0033ffc0)     _CsmPwl


GLOBAL SYMBOLS: SORTED ALPHABETICALLY BY Name 

address    name
--------   ----
00009000   .text
0000ae4b   C$$EXIT
0000a5c5   FD$$ADD
0000ac43   FD$$CMP
0000a6ec   FD$$DIV
0000a777   FD$$MPY
0000aeff   FD$$NEG
0000aec4   FD$$SUB
0000ad09   FD$$TOI
0000ad8b   FD$$TOL
0000adc8   FS$$TOFD
0000ace7   I$$DIV
0000acf8   I$$MOD
0000ac6d   L$$DIV
0000ac7c   L$$MOD
0000ade4   L$$TOFD
0000ae64   LL$$AND
0000adaa   LL$$CMP
0000a0b2   LL$$DIV
0000a0ee   LL$$MOD
0000ae90   LL$$MPY
0000ae6c   LL$$OR
0000ae74   LL$$XOR
0000aeeb   U$$DIV
0000aef0   U$$MOD
0000ac8a   UL$$DIV
0000ac91   UL$$MOD
0000adbc   ULL$$CMP
0000a128   ULL$$DIV
0000a157   ULL$$MOD
00009a67   _ADCINT_ISR
0000a3a8   _ADC_Init
00380080   _ADC_cal
00000b00   _AdcMirror
00007100   _AdcRegs
0000aea4   _BEEP_Init
0000c043   _BRRVal
0000c046   _Buff
0000a8b9   _ConfigCpuTimer
0000c010   _CpuTimer0
00000c00   _CpuTimer0Regs
0000c000   _CpuTimer1
00000c08   _CpuTimer1Regs
0000c008   _CpuTimer2
00000c10   _CpuTimer2Regs
0033fff8   _CsmPwl
00000ae0   _CsmRegs
0000a377   _CsmUnlock
00009995   _DATALOG_ISR
0000a81a   _DCMotor_ePWM2_Init
0000a7fa   _DC_Motor_Init
00009b89   _DINTCH1_ISR
00009b93   _DINTCH2_ISR
00009b9d   _DINTCH3_ISR
00009ba7   _DINTCH4_ISR
00009bb1   _DINTCH5_ISR
00009bbb   _DINTCH6_ISR
00008071   _DSP28x_usDelay
00000880   _DevEmuRegs
0000c056   _Direction
0000a2c8   _DisableDog
00001000   _DmaRegs
00009c15   _ECAN0INTA_ISR
00009c29   _ECAN0INTB_ISR
00009c1f   _ECAN1INTA_ISR
00009c33   _ECAN1INTB_ISR
00009afd   _ECAP1_INT_ISR
00009b07   _ECAP2_INT_ISR
00009b11   _ECAP3_INT_ISR
00009b1b   _ECAP4_INT_ISR
00009b25   _ECAP5_INT_ISR
00009b2f   _ECAP6_INT_ISR
00006040   _ECanaLAMRegs
000060c0   _ECanaMOTORegs
00006080   _ECanaMOTSRegs
00006100   _ECanaMboxes
00006000   _ECanaRegs
00006240   _ECanbLAMRegs
000062c0   _ECanbMOTORegs
00006280   _ECanbMOTSRegs
00006300   _ECanbMboxes
00006200   _ECanbRegs
00006a00   _ECap1Regs
00006a20   _ECap2Regs
00006a40   _ECap3Regs
00006a60   _ECap4Regs
00006a80   _ECap5Regs
00006aa0   _ECap6Regs
00009c83   _EMPTY_ISR
000099a9   _EMUINT_ISR
00009ac1   _EPWM1_INT_ISR
0000a1b9   _EPWM1_Init
00009a85   _EPWM1_TZINT_ISR
00009acb   _EPWM2_INT_ISR
00009a8f   _EPWM2_TZINT_ISR
00009ad5   _EPWM3_INT_ISR
00009a99   _EPWM3_TZINT_ISR
00009adf   _EPWM4_INT_ISR
00009aa3   _EPWM4_TZINT_ISR
00009ae9   _EPWM5_INT_ISR
00009aad   _EPWM5_TZINT_ISR
00009af3   _EPWM6_INT_ISR
0000a256   _EPWM6_Init
00009ab7   _EPWM6_TZINT_ISR
0000a248   _EPwm1A_SetCompare
0000a24f   _EPwm1B_SetCompare
00006800   _EPwm1Regs
00006840   _EPwm2Regs
00006880   _EPwm3Regs
000068c0   _EPwm4Regs
00006900   _EPwm5Regs
0000a2a7   _EPwm6A_SetCompare
0000a2ae   _EPwm6B_SetCompare
00006940   _EPwm6Regs
00009b39   _EQEP1_INT_ISR
00009b43   _EQEP2_INT_ISR
00006b00   _EQep1Regs
00006b40   _EQep2Regs
0000a9c9   _EXTI1_IRQn
0000a8f4   _EXTI1_Init
0000a9f1   _EXTI2_IRQn
0000a929   _EXTI2_Init
0000acb6   _EnableInterrupts
0000c044   _ErrorCount
00000a80   _FlashRegs
00006f80   _GpioCtrlRegs
00006fc0   _GpioDataRegs
00006fe0   _GpioIntRegs
00009cd8   _HC164SendData
00009bc5   _I2CINT1A_ISR
00009bcf   _I2CINT2A_ISR
00007900   _I2caRegs
000099bd   _ILLEGAL_ISR
00009981   _INT13_ISR
0000998b   _INT14_ISR
0000ae7c   _InitAdc
0000a878   _InitCpuTimers
0000a475   _InitEPwm
0000a483   _InitEPwm1Gpio
0000a495   _InitEPwm2Gpio
0000a4a7   _InitEPwm3Gpio
0000a4bb   _InitEPwm4Gpio
0000a4cf   _InitEPwm5Gpio
0000a4e1   _InitEPwm6Gpio
0000a476   _InitEPwmGpio
0000a4f3   _InitEPwmSyncGpio
00008056   _InitFlash
0000ae00   _InitGpio
0000a31c   _InitPeripheralClocks
0000ac97   _InitPieCtrl
0000ad4b   _InitPieVectTable
0000a2d0   _InitPll
0000ab8d   _InitSci
0000ab8e   _InitSciGpio
0000ab93   _InitSciaGpio
0000aba8   _InitScibGpio
0000abeb   _InitSpi
0000abec   _InitSpiGpio
0000abef   _InitSpiaGpio
0000a2b5   _InitSysCtrl
0000a507   _InitTzGpio
00009f8c   _KEY_Init
00009fbe   _KEY_Scan
0000aaec   _LED_Init
00009c79   _LUF_ISR
00009c6f   _LVF_ISR
00009b75   _MRINTA_ISR
00009b61   _MRINTB_ISR
00009b7f   _MXINTA_ISR
00009b6b   _MXINTB_ISR
00005000   _McbspaRegs
00005040   _McbspbRegs
000099b3   _NMI_ISR
00009c90   _PIE_RESERVED
00000ce0   _PieCtrlRegs
00000d00   _PieVectTable
0000d102   _PieVectTableInit
0000999f   _RTOSINT_ISR
0000a3f0   _Read_ADC_CH0_Value
0000a3f9   _Read_ADC_SEQ1_Value_OVD
0000c041   _ReceivedAChar
0000c045   _ReceivedBChar
0000c042   _ReceivedCount
0000aeb4   _Relay_Init
00009bed   _SCIRXINTA_ISR
00009c01   _SCIRXINTB_ISR
00009bd9   _SCIRXINTC_ISR
00009bf7   _SCITXINTA_ISR
00009c0b   _SCITXINTB_ISR
00009be3   _SCITXINTC_ISR
00009a3f   _SEQ1INT_ISR
00009a49   _SEQ2INT_ISR
00009d6a   _SMG_DisplayFloat
00009cf5   _SMG_DisplayInt
00009ca4   _SMG_Init
0000acbf   _SPIA_Init
0000acda   _SPIA_SendReciveData
00009b4d   _SPIRXINTA_ISR
00009b57   _SPITXINTA_ISR
0000c019   _SampleTable
00007050   _SciaRegs
00007750   _ScibRegs
00007770   _ScicRegs
0000c040   _SendChar
0000a2be   _ServiceDog
00007040   _SpiaRegs
0000ad6b   _Step_Motor_Init
00007010   _SysCtrlRegs
0000aaa9   _TIM0_IRQn
0000a51f   _TIM0_Init
0000aac6   _TIM1_IRQn
0000a559   _TIM1_Init
0000aad9   _TIM2_IRQn
0000a58f   _TIM2_Init
00009a71   _TINT0_ISR
00009f0c   _UART_AutoBaud_Test
00009e5a   _UARTa_Init
00009e94   _UARTa_SendByte
00009ea0   _UARTa_SendString
00009a21   _USER10_ISR
00009a2b   _USER11_ISR
00009a35   _USER12_ISR
000099c7   _USER1_ISR
000099d1   _USER2_ISR
000099db   _USER3_ISR
000099e5   _USER4_ISR
000099ef   _USER5_ISR
000099f9   _USER6_ISR
00009a03   _USER7_ISR
00009a0d   _USER8_ISR
00009a17   _USER9_ISR
00009a7b   _WAKEINT_ISR
00009a53   _XINT1_ISR
00009a5d   _XINT2_ISR
00009c3d   _XINT3_ISR
00009c47   _XINT4_ISR
00009c51   _XINT5_ISR
00009c5b   _XINT6_ISR
00009c65   _XINT7_ISR
00007070   _XIntruptRegs
00000b20   _XintfRegs
00000700   __STACK_END
00000300   __STACK_SIZE
00000001   __TI_args_main
0000c050   ___TI_cleanup_ptr
0000c052   ___TI_dtors_ptr
00009891   ___TI_printfi
ffffffff   ___binit__
ffffffff   ___c_args__
00008000   ___cinit__
0000af1d   ___etext__
0000ad2a   ___memcpy_ff
ffffffff   ___pinit__
00009000   ___text__
0000ae32   __args_main
0000d000   __ctypes_
0000c03c   __lock
0000aefe   __nop
0000aefa   __register_lock
0000aef6   __register_unlock
00000400   __stack
0000c03a   __unlock
0000ae4b   _abort
0000ab5d   _adc_isr
0000ab2c   _atoi
0000aa63   _c_int00
0000aa19   _delay
0000ae19   _epwm1_tzint_isr
0000a661   _epwm2_isr
00009eb5   _error
0000ae4d   _exit
0000ac17   _ltoa
0000aa26   _main
0000aed2   _memccpy
0000aedf   _memset
0000c054   _pwm_stepValue
00009c9a   _rsvd_ISR
0000a963   _rxaint_isr
00009ee7   _scia_AutobaudLock
00009ebc   _scia_init
00009ed7   _scia_xmit
00009ecb   _scib_init
00009edf   _scib_xmit
0000c029   _smgduan
0000abbc   _sprintf
0000af18   _strcpy
0000af10   _strlen
ffffffff   binit
00008000   cinit
00000000   code_start
0000af1d   etext
ffffffff   pinit


GLOBAL SYMBOLS: SORTED BY Symbol Address 

address    name
--------   ----
00000000   code_start
00000001   __TI_args_main
00000300   __STACK_SIZE
00000400   __stack
00000700   __STACK_END
00000880   _DevEmuRegs
00000a80   _FlashRegs
00000ae0   _CsmRegs
00000b00   _AdcMirror
00000b20   _XintfRegs
00000c00   _CpuTimer0Regs
00000c08   _CpuTimer1Regs
00000c10   _CpuTimer2Regs
00000ce0   _PieCtrlRegs
00000d00   _PieVectTable
00001000   _DmaRegs
00005000   _McbspaRegs
00005040   _McbspbRegs
00006000   _ECanaRegs
00006040   _ECanaLAMRegs
00006080   _ECanaMOTSRegs
000060c0   _ECanaMOTORegs
00006100   _ECanaMboxes
00006200   _ECanbRegs
00006240   _ECanbLAMRegs
00006280   _ECanbMOTSRegs
000062c0   _ECanbMOTORegs
00006300   _ECanbMboxes
00006800   _EPwm1Regs
00006840   _EPwm2Regs
00006880   _EPwm3Regs
000068c0   _EPwm4Regs
00006900   _EPwm5Regs
00006940   _EPwm6Regs
00006a00   _ECap1Regs
00006a20   _ECap2Regs
00006a40   _ECap3Regs
00006a60   _ECap4Regs
00006a80   _ECap5Regs
00006aa0   _ECap6Regs
00006b00   _EQep1Regs
00006b40   _EQep2Regs
00006f80   _GpioCtrlRegs
00006fc0   _GpioDataRegs
00006fe0   _GpioIntRegs
00007010   _SysCtrlRegs
00007040   _SpiaRegs
00007050   _SciaRegs
00007070   _XIntruptRegs
00007100   _AdcRegs
00007750   _ScibRegs
00007770   _ScicRegs
00007900   _I2caRegs
00008000   ___cinit__
00008000   cinit
00008056   _InitFlash
00008071   _DSP28x_usDelay
00009000   .text
00009000   ___text__
00009891   ___TI_printfi
00009981   _INT13_ISR
0000998b   _INT14_ISR
00009995   _DATALOG_ISR
0000999f   _RTOSINT_ISR
000099a9   _EMUINT_ISR
000099b3   _NMI_ISR
000099bd   _ILLEGAL_ISR
000099c7   _USER1_ISR
000099d1   _USER2_ISR
000099db   _USER3_ISR
000099e5   _USER4_ISR
000099ef   _USER5_ISR
000099f9   _USER6_ISR
00009a03   _USER7_ISR
00009a0d   _USER8_ISR
00009a17   _USER9_ISR
00009a21   _USER10_ISR
00009a2b   _USER11_ISR
00009a35   _USER12_ISR
00009a3f   _SEQ1INT_ISR
00009a49   _SEQ2INT_ISR
00009a53   _XINT1_ISR
00009a5d   _XINT2_ISR
00009a67   _ADCINT_ISR
00009a71   _TINT0_ISR
00009a7b   _WAKEINT_ISR
00009a85   _EPWM1_TZINT_ISR
00009a8f   _EPWM2_TZINT_ISR
00009a99   _EPWM3_TZINT_ISR
00009aa3   _EPWM4_TZINT_ISR
00009aad   _EPWM5_TZINT_ISR
00009ab7   _EPWM6_TZINT_ISR
00009ac1   _EPWM1_INT_ISR
00009acb   _EPWM2_INT_ISR
00009ad5   _EPWM3_INT_ISR
00009adf   _EPWM4_INT_ISR
00009ae9   _EPWM5_INT_ISR
00009af3   _EPWM6_INT_ISR
00009afd   _ECAP1_INT_ISR
00009b07   _ECAP2_INT_ISR
00009b11   _ECAP3_INT_ISR
00009b1b   _ECAP4_INT_ISR
00009b25   _ECAP5_INT_ISR
00009b2f   _ECAP6_INT_ISR
00009b39   _EQEP1_INT_ISR
00009b43   _EQEP2_INT_ISR
00009b4d   _SPIRXINTA_ISR
00009b57   _SPITXINTA_ISR
00009b61   _MRINTB_ISR
00009b6b   _MXINTB_ISR
00009b75   _MRINTA_ISR
00009b7f   _MXINTA_ISR
00009b89   _DINTCH1_ISR
00009b93   _DINTCH2_ISR
00009b9d   _DINTCH3_ISR
00009ba7   _DINTCH4_ISR
00009bb1   _DINTCH5_ISR
00009bbb   _DINTCH6_ISR
00009bc5   _I2CINT1A_ISR
00009bcf   _I2CINT2A_ISR
00009bd9   _SCIRXINTC_ISR
00009be3   _SCITXINTC_ISR
00009bed   _SCIRXINTA_ISR
00009bf7   _SCITXINTA_ISR
00009c01   _SCIRXINTB_ISR
00009c0b   _SCITXINTB_ISR
00009c15   _ECAN0INTA_ISR
00009c1f   _ECAN1INTA_ISR
00009c29   _ECAN0INTB_ISR
00009c33   _ECAN1INTB_ISR
00009c3d   _XINT3_ISR
00009c47   _XINT4_ISR
00009c51   _XINT5_ISR
00009c5b   _XINT6_ISR
00009c65   _XINT7_ISR
00009c6f   _LVF_ISR
00009c79   _LUF_ISR
00009c83   _EMPTY_ISR
00009c90   _PIE_RESERVED
00009c9a   _rsvd_ISR
00009ca4   _SMG_Init
00009cd8   _HC164SendData
00009cf5   _SMG_DisplayInt
00009d6a   _SMG_DisplayFloat
00009e5a   _UARTa_Init
00009e94   _UARTa_SendByte
00009ea0   _UARTa_SendString
00009eb5   _error
00009ebc   _scia_init
00009ecb   _scib_init
00009ed7   _scia_xmit
00009edf   _scib_xmit
00009ee7   _scia_AutobaudLock
00009f0c   _UART_AutoBaud_Test
00009f8c   _KEY_Init
00009fbe   _KEY_Scan
0000a0b2   LL$$DIV
0000a0ee   LL$$MOD
0000a128   ULL$$DIV
0000a157   ULL$$MOD
0000a1b9   _EPWM1_Init
0000a248   _EPwm1A_SetCompare
0000a24f   _EPwm1B_SetCompare
0000a256   _EPWM6_Init
0000a2a7   _EPwm6A_SetCompare
0000a2ae   _EPwm6B_SetCompare
0000a2b5   _InitSysCtrl
0000a2be   _ServiceDog
0000a2c8   _DisableDog
0000a2d0   _InitPll
0000a31c   _InitPeripheralClocks
0000a377   _CsmUnlock
0000a3a8   _ADC_Init
0000a3f0   _Read_ADC_CH0_Value
0000a3f9   _Read_ADC_SEQ1_Value_OVD
0000a475   _InitEPwm
0000a476   _InitEPwmGpio
0000a483   _InitEPwm1Gpio
0000a495   _InitEPwm2Gpio
0000a4a7   _InitEPwm3Gpio
0000a4bb   _InitEPwm4Gpio
0000a4cf   _InitEPwm5Gpio
0000a4e1   _InitEPwm6Gpio
0000a4f3   _InitEPwmSyncGpio
0000a507   _InitTzGpio
0000a51f   _TIM0_Init
0000a559   _TIM1_Init
0000a58f   _TIM2_Init
0000a5c5   FD$$ADD
0000a661   _epwm2_isr
0000a6ec   FD$$DIV
0000a777   FD$$MPY
0000a7fa   _DC_Motor_Init
0000a81a   _DCMotor_ePWM2_Init
0000a878   _InitCpuTimers
0000a8b9   _ConfigCpuTimer
0000a8f4   _EXTI1_Init
0000a929   _EXTI2_Init
0000a963   _rxaint_isr
0000a9c9   _EXTI1_IRQn
0000a9f1   _EXTI2_IRQn
0000aa19   _delay
0000aa26   _main
0000aa63   _c_int00
0000aaa9   _TIM0_IRQn
0000aac6   _TIM1_IRQn
0000aad9   _TIM2_IRQn
0000aaec   _LED_Init
0000ab2c   _atoi
0000ab5d   _adc_isr
0000ab8d   _InitSci
0000ab8e   _InitSciGpio
0000ab93   _InitSciaGpio
0000aba8   _InitScibGpio
0000abbc   _sprintf
0000abeb   _InitSpi
0000abec   _InitSpiGpio
0000abef   _InitSpiaGpio
0000ac17   _ltoa
0000ac43   FD$$CMP
0000ac6d   L$$DIV
0000ac7c   L$$MOD
0000ac8a   UL$$DIV
0000ac91   UL$$MOD
0000ac97   _InitPieCtrl
0000acb6   _EnableInterrupts
0000acbf   _SPIA_Init
0000acda   _SPIA_SendReciveData
0000ace7   I$$DIV
0000acf8   I$$MOD
0000ad09   FD$$TOI
0000ad2a   ___memcpy_ff
0000ad4b   _InitPieVectTable
0000ad6b   _Step_Motor_Init
0000ad8b   FD$$TOL
0000adaa   LL$$CMP
0000adbc   ULL$$CMP
0000adc8   FS$$TOFD
0000ade4   L$$TOFD
0000ae00   _InitGpio
0000ae19   _epwm1_tzint_isr
0000ae32   __args_main
0000ae4b   C$$EXIT
0000ae4b   _abort
0000ae4d   _exit
0000ae64   LL$$AND
0000ae6c   LL$$OR
0000ae74   LL$$XOR
0000ae7c   _InitAdc
0000ae90   LL$$MPY
0000aea4   _BEEP_Init
0000aeb4   _Relay_Init
0000aec4   FD$$SUB
0000aed2   _memccpy
0000aedf   _memset
0000aeeb   U$$DIV
0000aef0   U$$MOD
0000aef6   __register_unlock
0000aefa   __register_lock
0000aefe   __nop
0000aeff   FD$$NEG
0000af10   _strlen
0000af18   _strcpy
0000af1d   ___etext__
0000af1d   etext
0000c000   _CpuTimer1
0000c008   _CpuTimer2
0000c010   _CpuTimer0
0000c019   _SampleTable
0000c029   _smgduan
0000c03a   __unlock
0000c03c   __lock
0000c040   _SendChar
0000c041   _ReceivedAChar
0000c042   _ReceivedCount
0000c043   _BRRVal
0000c044   _ErrorCount
0000c045   _ReceivedBChar
0000c046   _Buff
0000c050   ___TI_cleanup_ptr
0000c052   ___TI_dtors_ptr
0000c054   _pwm_stepValue
0000c056   _Direction
0000d000   __ctypes_
0000d102   _PieVectTableInit
0033fff8   _CsmPwl
00380080   _ADC_cal
ffffffff   ___binit__
ffffffff   ___c_args__
ffffffff   ___pinit__
ffffffff   binit
ffffffff   pinit

[292 symbols]
