******************************************************************************
             TMS320C2000 Linker PC v22.6.0                     
******************************************************************************
>> Linked Sat Jul  1 16:44:24 2023

OUTPUT FILE NAME:   <Example39_DSP2833x_eCAP_Capture_pwm.out>
ENTRY POINT SYMBOL: "_c_int00"  address: 00009a38


MEMORY CONFIGURATION

         name            origin    length      used     unused   attr    fill
----------------------  --------  ---------  --------  --------  ----  --------
PAGE 0:
  BEGIN                 00000000   00000002  00000002  00000000  RWIX
  BOOT_RSVD             00000002   0000004e  00000000  0000004e  RWIX
  RAMM0                 00000050   000003b0  00000000  000003b0  RWIX
  RAML0                 00008000   00001000  00000052  00000fae  RWIX
  RAML1                 00009000   00001000  00000cb3  0000034d  RWIX
  RAML2                 0000a000   00001000  00000000  00001000  RWIX
  RAML3                 0000b000   00001000  00000000  00001000  RWIX
  ZONE6A                00100000   0000fc00  00000000  0000fc00  RWIX
  CSM_RSVD              0033ff80   00000076  00000000  00000076  RWIX
  CSM_PWL               0033fff8   00000008  00000000  00000008  RWIX
  ADC_CAL               00380080   00000009  00000007  00000002  RWIX
  IQTABLES              003fe000   00000b50  00000000  00000b50  RWIX
  IQTABLES2             003feb50   0000008c  00000000  0000008c  RWIX
  FPUTABLES             003febdc   000006a0  00000000  000006a0  RWIX
  BOOTROM               003ff27c   00000d44  00000000  00000d44  RWIX
  RESET                 003fffc0   00000002  00000000  00000002  RWIX

PAGE 1:
  RAMM1                 00000400   00000400  00000300  00000100  RWIX
  DEV_EMU               00000880   00000180  000000d0  000000b0  RWIX
  FLASH_REGS            00000a80   00000060  00000008  00000058  RWIX
  CSM                   00000ae0   00000010  00000010  00000000  RWIX
  ADC_MIRROR            00000b00   00000010  00000010  00000000  RWIX
  XINTF                 00000b20   00000020  0000001e  00000002  RWIX
  CPU_TIMER0            00000c00   00000008  00000008  00000000  RWIX
  CPU_TIMER1            00000c08   00000008  00000008  00000000  RWIX
  CPU_TIMER2            00000c10   00000008  00000008  00000000  RWIX
  PIE_CTRL              00000ce0   00000020  0000001a  00000006  RWIX
  PIE_VECT              00000d00   00000100  00000100  00000000  RWIX
  DMA                   00001000   00000200  000000e0  00000120  RWIX
  MCBSPA                00005000   00000040  00000025  0000001b  RWIX
  MCBSPB                00005040   00000040  00000025  0000001b  RWIX
  ECANA                 00006000   00000040  00000034  0000000c  RWIX
  ECANA_LAM             00006040   00000040  00000040  00000000  RWIX
  ECANA_MOTS            00006080   00000040  00000040  00000000  RWIX
  ECANA_MOTO            000060c0   00000040  00000040  00000000  RWIX
  ECANA_MBOX            00006100   00000100  00000100  00000000  RWIX
  ECANB                 00006200   00000040  00000034  0000000c  RWIX
  ECANB_LAM             00006240   00000040  00000040  00000000  RWIX
  ECANB_MOTS            00006280   00000040  00000040  00000000  RWIX
  ECANB_MOTO            000062c0   00000040  00000040  00000000  RWIX
  ECANB_MBOX            00006300   00000100  00000100  00000000  RWIX
  EPWM1                 00006800   00000022  00000022  00000000  RWIX
  EPWM2                 00006840   00000022  00000022  00000000  RWIX
  EPWM3                 00006880   00000022  00000022  00000000  RWIX
  EPWM4                 000068c0   00000022  00000022  00000000  RWIX
  EPWM5                 00006900   00000022  00000022  00000000  RWIX
  EPWM6                 00006940   00000022  00000022  00000000  RWIX
  ECAP1                 00006a00   00000020  00000020  00000000  RWIX
  ECAP2                 00006a20   00000020  00000020  00000000  RWIX
  ECAP3                 00006a40   00000020  00000020  00000000  RWIX
  ECAP4                 00006a60   00000020  00000020  00000000  RWIX
  ECAP5                 00006a80   00000020  00000020  00000000  RWIX
  ECAP6                 00006aa0   00000020  00000020  00000000  RWIX
  EQEP1                 00006b00   00000040  00000040  00000000  RWIX
  EQEP2                 00006b40   00000040  00000040  00000000  RWIX
  GPIOCTRL              00006f80   00000040  0000002e  00000012  RWIX
  GPIODAT               00006fc0   00000020  00000020  00000000  RWIX
  GPIOINT               00006fe0   00000020  0000000a  00000016  RWIX
  SYSTEM                00007010   00000020  00000020  00000000  RWIX
  SPIA                  00007040   00000010  00000010  00000000  RWIX
  SCIA                  00007050   00000010  00000010  00000000  RWIX
  XINTRUPT              00007070   00000010  00000010  00000000  RWIX
  ADC                   00007100   00000020  0000001e  00000002  RWIX
  SCIB                  00007750   00000010  00000010  00000000  RWIX
  SCIC                  00007770   00000010  00000010  00000000  RWIX
  I2CA                  00007900   00000040  00000022  0000001e  RWIX
  RAML4                 0000c000   00001000  000000a6  00000f5a  RWIX
  RAML5                 0000d000   00001000  00000100  00000f00  RWIX
  RAML6                 0000e000   00001000  00000000  00001000  RWIX
  RAML7                 0000f000   00001000  00000000  00001000  RWIX
  ZONE7B                0020fc00   00000400  00000000  00000400  RWIX
  CSM_PWL               0033fff8   00000008  00000008  00000000  RWIX


SECTION ALLOCATION MAP

 output                                  attributes/
section   page    origin      length       input sections
--------  ----  ----------  ----------   ----------------
codestart 
*          0    00000000    00000002     
                  00000000    00000002     DSP2833x_CodeStartBranch.obj (codestart)

.cinit     0    00008000    0000004e     
                  00008000    00000018     main.obj (.cinit)
                  00008018    0000000f     ecap.obj (.cinit)
                  00008027    0000000e     rts2800_fpu32.lib : exit.c.obj (.cinit)
                  00008035    0000000d     uart.obj (.cinit:_Buff)
                  00008042    00000005     rts2800_fpu32.lib : _lock.c.obj (.cinit:__lock)
                  00008047    00000005                       : _lock.c.obj (.cinit:__unlock)
                  0000804c    00000002     --HOLE-- [fill = 0]

ramfuncs   0    0000804e    00000004     
                  0000804e    00000004     DSP2833x_usDelay.obj (ramfuncs)

.text      0    00009000    00000cb3     
                  00009000    00000323     DSP2833x_DefaultIsr.obj (.text:retain)
                  00009323    00000171     epwm.obj (.text)
                  00009494    00000130     uart.obj (.text)
                  000095c4    000000f7     DSP2833x_SysCtrl.obj (.text)
                  000096bb    000000ee     ecap.obj (.text:retain)
                  000097a9    000000aa     DSP2833x_EPwm.obj (.text)
                  00009853    000000a6     time.obj (.text)
                  000098f9    0000007b     DSP2833x_CpuTimers.obj (.text)
                  00009974    00000068     uart.obj (.text:retain)
                  000099dc    0000005c     DSP2833x_ECap.obj (.text)
                  00009a38    00000056     rts2800_fpu32.lib : boot28.asm.obj (.text)
                  00009a8e    00000048     ecap.obj (.text)
                  00009ad6    00000045     DSP2833x_Sci.obj (.text)
                  00009b1b    00000044     leds.obj (.text)
                  00009b5f    0000003f     time.obj (.text:retain)
                  00009b9e    00000029     rts2800_fpu32.lib : exit.c.obj (.text)
                  00009bc7    00000028     DSP2833x_PieCtrl.obj (.text)
                  00009bef    00000024     rts2800_fpu32.lib : cpy_tbl.c.obj (.text)
                  00009c13    00000023     main.obj (.text)
                  00009c36    00000020     DSP2833x_PieVect.obj (.text)
                  00009c56    0000001d     rts2800_fpu32.lib : memcpy.c.obj (.text)
                  00009c73    0000001a     epwm.obj (.text:retain)
                  00009c8d    00000012     rts2800_fpu32.lib : args_main.c.obj (.text)
                  00009c9f    00000009                       : _lock.c.obj (.text)
                  00009ca8    00000008     DSP2833x_CodeStartBranch.obj (.text)
                  00009cb0    00000002     rts2800_fpu32.lib : pre_init.c.obj (.text)
                  00009cb2    00000001                       : startup.c.obj (.text)

.pinit     0    00008000    00000000     UNINITIALIZED

.stack     1    00000400    00000300     UNINITIALIZED
                  00000400    00000300     --HOLE--

DevEmuRegsFile 
*          1    00000880    000000d0     UNINITIALIZED
                  00000880    000000d0     DSP2833x_GlobalVariableDefs.obj (DevEmuRegsFile)

FlashRegsFile 
*          1    00000a80    00000008     UNINITIALIZED
                  00000a80    00000008     DSP2833x_GlobalVariableDefs.obj (FlashRegsFile)

CsmRegsFile 
*          1    00000ae0    00000010     UNINITIALIZED
                  00000ae0    00000010     DSP2833x_GlobalVariableDefs.obj (CsmRegsFile)

AdcMirrorFile 
*          1    00000b00    00000010     UNINITIALIZED
                  00000b00    00000010     DSP2833x_GlobalVariableDefs.obj (AdcMirrorFile)

XintfRegsFile 
*          1    00000b20    0000001e     UNINITIALIZED
                  00000b20    0000001e     DSP2833x_GlobalVariableDefs.obj (XintfRegsFile)

CpuTimer0RegsFile 
*          1    00000c00    00000008     UNINITIALIZED
                  00000c00    00000008     DSP2833x_GlobalVariableDefs.obj (CpuTimer0RegsFile)

CpuTimer1RegsFile 
*          1    00000c08    00000008     UNINITIALIZED
                  00000c08    00000008     DSP2833x_GlobalVariableDefs.obj (CpuTimer1RegsFile)

CpuTimer2RegsFile 
*          1    00000c10    00000008     UNINITIALIZED
                  00000c10    00000008     DSP2833x_GlobalVariableDefs.obj (CpuTimer2RegsFile)

PieCtrlRegsFile 
*          1    00000ce0    0000001a     UNINITIALIZED
                  00000ce0    0000001a     DSP2833x_GlobalVariableDefs.obj (PieCtrlRegsFile)

ECanaMOTSRegsFile 
*          1    00006080    00000040     UNINITIALIZED
                  00006080    00000040     DSP2833x_GlobalVariableDefs.obj (ECanaMOTSRegsFile)

ECanaMOTORegsFile 
*          1    000060c0    00000040     UNINITIALIZED
                  000060c0    00000040     DSP2833x_GlobalVariableDefs.obj (ECanaMOTORegsFile)

ECanbMOTSRegsFile 
*          1    00006280    00000040     UNINITIALIZED
                  00006280    00000040     DSP2833x_GlobalVariableDefs.obj (ECanbMOTSRegsFile)

ECanbMOTORegsFile 
*          1    000062c0    00000040     UNINITIALIZED
                  000062c0    00000040     DSP2833x_GlobalVariableDefs.obj (ECanbMOTORegsFile)

.ebss      1    0000c000    000000a6     UNINITIALIZED
                  0000c000    00000064     main.obj (.ebss:_cap1reg)
                  0000c064    00000018     DSP2833x_CpuTimers.obj (.ebss)
                  0000c07c    00000002     rts2800_fpu32.lib : _lock.c.obj (.ebss:__lock)
                  0000c07e    00000002                       : _lock.c.obj (.ebss:__unlock)
                  0000c080    0000000a     uart.obj (.ebss:_Buff)
                  0000c08a    0000000a     main.obj (.ebss)
                  0000c094    00000006     ecap.obj (.ebss)
                  0000c09a    00000006     rts2800_fpu32.lib : exit.c.obj (.ebss)
                  0000c0a0    00000006     uart.obj (.ebss)

.econst    1    0000d000    00000100     
                  0000d000    00000100     DSP2833x_PieVect.obj (.econst:_PieVectTableInit)

.reset     0    003fffc0    00000002     DSECT
                  003fffc0    00000002     rts2800_fpu32.lib : boot28.asm.obj (.reset)

csm_rsvd   0    0033ff80    00000000     DSECT

csmpasswds 
*          0    0033fff8    00000000     DSECT

.adc_cal   0    00380080    00000007     NOLOAD SECTION
                  00380080    00000007     DSP2833x_ADC_cal.obj (.adc_cal)

PieVectTableFile 
*          1    00000d00    00000100     UNINITIALIZED
                  00000d00    00000100     DSP2833x_GlobalVariableDefs.obj (PieVectTableFile)

DmaRegsFile 
*          1    00001000    000000e0     UNINITIALIZED
                  00001000    000000e0     DSP2833x_GlobalVariableDefs.obj (DmaRegsFile)

McbspaRegsFile 
*          1    00005000    00000025     UNINITIALIZED
                  00005000    00000025     DSP2833x_GlobalVariableDefs.obj (McbspaRegsFile)

McbspbRegsFile 
*          1    00005040    00000025     UNINITIALIZED
                  00005040    00000025     DSP2833x_GlobalVariableDefs.obj (McbspbRegsFile)

ECanaRegsFile 
*          1    00006000    00000034     UNINITIALIZED
                  00006000    00000034     DSP2833x_GlobalVariableDefs.obj (ECanaRegsFile)

ECanaLAMRegsFile 
*          1    00006040    00000040     UNINITIALIZED
                  00006040    00000040     DSP2833x_GlobalVariableDefs.obj (ECanaLAMRegsFile)

ECanaMboxesFile 
*          1    00006100    00000100     UNINITIALIZED
                  00006100    00000100     DSP2833x_GlobalVariableDefs.obj (ECanaMboxesFile)

ECanbRegsFile 
*          1    00006200    00000034     UNINITIALIZED
                  00006200    00000034     DSP2833x_GlobalVariableDefs.obj (ECanbRegsFile)

ECanbLAMRegsFile 
*          1    00006240    00000040     UNINITIALIZED
                  00006240    00000040     DSP2833x_GlobalVariableDefs.obj (ECanbLAMRegsFile)

ECanbMboxesFile 
*          1    00006300    00000100     UNINITIALIZED
                  00006300    00000100     DSP2833x_GlobalVariableDefs.obj (ECanbMboxesFile)

EPwm1RegsFile 
*          1    00006800    00000022     UNINITIALIZED
                  00006800    00000022     DSP2833x_GlobalVariableDefs.obj (EPwm1RegsFile)

EPwm2RegsFile 
*          1    00006840    00000022     UNINITIALIZED
                  00006840    00000022     DSP2833x_GlobalVariableDefs.obj (EPwm2RegsFile)

EPwm3RegsFile 
*          1    00006880    00000022     UNINITIALIZED
                  00006880    00000022     DSP2833x_GlobalVariableDefs.obj (EPwm3RegsFile)

EPwm4RegsFile 
*          1    000068c0    00000022     UNINITIALIZED
                  000068c0    00000022     DSP2833x_GlobalVariableDefs.obj (EPwm4RegsFile)

EPwm5RegsFile 
*          1    00006900    00000022     UNINITIALIZED
                  00006900    00000022     DSP2833x_GlobalVariableDefs.obj (EPwm5RegsFile)

EPwm6RegsFile 
*          1    00006940    00000022     UNINITIALIZED
                  00006940    00000022     DSP2833x_GlobalVariableDefs.obj (EPwm6RegsFile)

ECap1RegsFile 
*          1    00006a00    00000020     UNINITIALIZED
                  00006a00    00000020     DSP2833x_GlobalVariableDefs.obj (ECap1RegsFile)

ECap2RegsFile 
*          1    00006a20    00000020     UNINITIALIZED
                  00006a20    00000020     DSP2833x_GlobalVariableDefs.obj (ECap2RegsFile)

ECap3RegsFile 
*          1    00006a40    00000020     UNINITIALIZED
                  00006a40    00000020     DSP2833x_GlobalVariableDefs.obj (ECap3RegsFile)

ECap4RegsFile 
*          1    00006a60    00000020     UNINITIALIZED
                  00006a60    00000020     DSP2833x_GlobalVariableDefs.obj (ECap4RegsFile)

ECap5RegsFile 
*          1    00006a80    00000020     UNINITIALIZED
                  00006a80    00000020     DSP2833x_GlobalVariableDefs.obj (ECap5RegsFile)

ECap6RegsFile 
*          1    00006aa0    00000020     UNINITIALIZED
                  00006aa0    00000020     DSP2833x_GlobalVariableDefs.obj (ECap6RegsFile)

EQep1RegsFile 
*          1    00006b00    00000040     UNINITIALIZED
                  00006b00    00000040     DSP2833x_GlobalVariableDefs.obj (EQep1RegsFile)

EQep2RegsFile 
*          1    00006b40    00000040     UNINITIALIZED
                  00006b40    00000040     DSP2833x_GlobalVariableDefs.obj (EQep2RegsFile)

GpioCtrlRegsFile 
*          1    00006f80    0000002e     UNINITIALIZED
                  00006f80    0000002e     DSP2833x_GlobalVariableDefs.obj (GpioCtrlRegsFile)

GpioDataRegsFile 
*          1    00006fc0    00000020     UNINITIALIZED
                  00006fc0    00000020     DSP2833x_GlobalVariableDefs.obj (GpioDataRegsFile)

GpioIntRegsFile 
*          1    00006fe0    0000000a     UNINITIALIZED
                  00006fe0    0000000a     DSP2833x_GlobalVariableDefs.obj (GpioIntRegsFile)

SysCtrlRegsFile 
*          1    00007010    00000020     UNINITIALIZED
                  00007010    00000020     DSP2833x_GlobalVariableDefs.obj (SysCtrlRegsFile)

SpiaRegsFile 
*          1    00007040    00000010     UNINITIALIZED
                  00007040    00000010     DSP2833x_GlobalVariableDefs.obj (SpiaRegsFile)

SciaRegsFile 
*          1    00007050    00000010     UNINITIALIZED
                  00007050    00000010     DSP2833x_GlobalVariableDefs.obj (SciaRegsFile)

XIntruptRegsFile 
*          1    00007070    00000010     UNINITIALIZED
                  00007070    00000010     DSP2833x_GlobalVariableDefs.obj (XIntruptRegsFile)

AdcRegsFile 
*          1    00007100    0000001e     UNINITIALIZED
                  00007100    0000001e     DSP2833x_GlobalVariableDefs.obj (AdcRegsFile)

ScibRegsFile 
*          1    00007750    00000010     UNINITIALIZED
                  00007750    00000010     DSP2833x_GlobalVariableDefs.obj (ScibRegsFile)

ScicRegsFile 
*          1    00007770    00000010     UNINITIALIZED
                  00007770    00000010     DSP2833x_GlobalVariableDefs.obj (ScicRegsFile)

I2caRegsFile 
*          1    00007900    00000022     UNINITIALIZED
                  00007900    00000022     DSP2833x_GlobalVariableDefs.obj (I2caRegsFile)

CsmPwlFile 
*          1    0033fff8    00000008     UNINITIALIZED
                  0033fff8    00000008     DSP2833x_GlobalVariableDefs.obj (CsmPwlFile)

MODULE SUMMARY

       Module                            code   initialized data   uninitialized data
       ------                            ----   ----------------   ------------------
    .\APP\ecap\
       ecap.obj                          310    15                 6                 
    +--+---------------------------------+------+------------------+--------------------+
       Total:                            310    15                 6                 
                                                                                     
    .\APP\epwm\
       epwm.obj                          395    0                  0                 
    +--+---------------------------------+------+------------------+--------------------+
       Total:                            395    0                  0                 
                                                                                     
    .\APP\leds\
       leds.obj                          68     0                  0                 
    +--+---------------------------------+------+------------------+--------------------+
       Total:                            68     0                  0                 
                                                                                     
    .\APP\time\
       time.obj                          229    0                  0                 
    +--+---------------------------------+------+------------------+--------------------+
       Total:                            229    0                  0                 
                                                                                     
    .\APP\uart\
       uart.obj                          408    13                 16                
    +--+---------------------------------+------+------------------+--------------------+
       Total:                            408    13                 16                
                                                                                     
    .\DSP2833x_Libraries\
       DSP2833x_GlobalVariableDefs.obj   0      0                  2678              
       DSP2833x_DefaultIsr.obj           803    0                  0                 
       DSP2833x_PieVect.obj              32     256                0                 
       DSP2833x_SysCtrl.obj              247    0                  0                 
       DSP2833x_EPwm.obj                 170    0                  0                 
       DSP2833x_CpuTimers.obj            123    0                  24                
       DSP2833x_ECap.obj                 92     0                  0                 
       DSP2833x_Sci.obj                  69     0                  0                 
       DSP2833x_PieCtrl.obj              40     0                  0                 
       DSP2833x_CodeStartBranch.obj      10     0                  0                 
       DSP2833x_ADC_cal.obj              7      0                  0                 
       DSP2833x_usDelay.obj              4      0                  0                 
    +--+---------------------------------+------+------------------+--------------------+
       Total:                            1597   256                2702              
                                                                                     
    .\User\
       main.obj                          35     24                 110               
    +--+---------------------------------+------+------------------+--------------------+
       Total:                            35     24                 110               
                                                                                     
    C:\ti\ccs1230\ccs\tools\compiler\ti-cgt-c2000_22.6.0.LTS\lib\rts2800_fpu32.lib
       boot28.asm.obj                    86     0                  0                 
       exit.c.obj                        41     14                 6                 
       cpy_tbl.c.obj                     36     0                  0                 
       memcpy.c.obj                      29     0                  0                 
       _lock.c.obj                       9      10                 4                 
       args_main.c.obj                   18     0                  0                 
       pre_init.c.obj                    2      0                  0                 
       startup.c.obj                     1      0                  0                 
    +--+---------------------------------+------+------------------+--------------------+
       Total:                            222    24                 10                
                                                                                     
       Stack:                            0      0                  768               
    +--+---------------------------------+------+------------------+--------------------+
       Grand Total:                      3264   332                3612              


GLOBAL DATA SYMBOLS: SORTED BY DATA PAGE

address     data page           name
--------    ----------------    ----
00000400      10 (00000400)     __stack

00000880      22 (00000880)     _DevEmuRegs

00000a80      2a (00000a80)     _FlashRegs

00000ae0      2b (00000ac0)     _CsmRegs

00000b00      2c (00000b00)     _AdcMirror
00000b20      2c (00000b00)     _XintfRegs

00000c00      30 (00000c00)     _CpuTimer0Regs
00000c08      30 (00000c00)     _CpuTimer1Regs
00000c10      30 (00000c00)     _CpuTimer2Regs

00000ce0      33 (00000cc0)     _PieCtrlRegs

00000d00      34 (00000d00)     _PieVectTable

00001000      40 (00001000)     _DmaRegs

00005000     140 (00005000)     _McbspaRegs

00005040     141 (00005040)     _McbspbRegs

00006000     180 (00006000)     _ECanaRegs

00006040     181 (00006040)     _ECanaLAMRegs

00006080     182 (00006080)     _ECanaMOTSRegs

000060c0     183 (000060c0)     _ECanaMOTORegs

00006100     184 (00006100)     _ECanaMboxes

00006200     188 (00006200)     _ECanbRegs

00006240     189 (00006240)     _ECanbLAMRegs

00006280     18a (00006280)     _ECanbMOTSRegs

000062c0     18b (000062c0)     _ECanbMOTORegs

00006300     18c (00006300)     _ECanbMboxes

00006800     1a0 (00006800)     _EPwm1Regs

00006840     1a1 (00006840)     _EPwm2Regs

00006880     1a2 (00006880)     _EPwm3Regs

000068c0     1a3 (000068c0)     _EPwm4Regs

00006900     1a4 (00006900)     _EPwm5Regs

00006940     1a5 (00006940)     _EPwm6Regs

00006a00     1a8 (00006a00)     _ECap1Regs
00006a20     1a8 (00006a00)     _ECap2Regs

00006a40     1a9 (00006a40)     _ECap3Regs
00006a60     1a9 (00006a40)     _ECap4Regs

00006a80     1aa (00006a80)     _ECap5Regs
00006aa0     1aa (00006a80)     _ECap6Regs

00006b00     1ac (00006b00)     _EQep1Regs

00006b40     1ad (00006b40)     _EQep2Regs

00006f80     1be (00006f80)     _GpioCtrlRegs

00006fc0     1bf (00006fc0)     _GpioDataRegs
00006fe0     1bf (00006fc0)     _GpioIntRegs

00007010     1c0 (00007000)     _SysCtrlRegs

00007040     1c1 (00007040)     _SpiaRegs
00007050     1c1 (00007040)     _SciaRegs
00007070     1c1 (00007040)     _XIntruptRegs

00007100     1c4 (00007100)     _AdcRegs

00007750     1dd (00007740)     _ScibRegs
00007770     1dd (00007740)     _ScicRegs

00007900     1e4 (00007900)     _I2caRegs

0000c000     300 (0000c000)     _cap1reg

0000c064     301 (0000c040)     _CpuTimer0
0000c06c     301 (0000c040)     _CpuTimer1
0000c074     301 (0000c040)     _CpuTimer2
0000c07c     301 (0000c040)     __lock
0000c07e     301 (0000c040)     __unlock

0000c080     302 (0000c080)     _Buff
0000c08a     302 (0000c080)     _index_1
0000c08b     302 (0000c080)     _min
0000c08c     302 (0000c080)     _min_in1000
0000c08d     302 (0000c080)     _min_in500
0000c08e     302 (0000c080)     _min_in100
0000c08f     302 (0000c080)     _min_in30
0000c090     302 (0000c080)     _temp
0000c092     302 (0000c080)     _mincap1
0000c094     302 (0000c080)     _ECap1IntCount
0000c096     302 (0000c080)     _ECap1PassCount
0000c098     302 (0000c080)     _EPwm5TimerDirection
0000c09a     302 (0000c080)     ___TI_enable_exit_profile_output
0000c09c     302 (0000c080)     ___TI_cleanup_ptr
0000c09e     302 (0000c080)     ___TI_dtors_ptr
0000c0a0     302 (0000c080)     _ReceivedCount
0000c0a1     302 (0000c080)     _ErrorCount
0000c0a2     302 (0000c080)     _SendChar
0000c0a3     302 (0000c080)     _ReceivedAChar
0000c0a4     302 (0000c080)     _ReceivedBChar
0000c0a5     302 (0000c080)     _BRRVal

0000d000     340 (0000d000)     _PieVectTableInit

0033fff8    cfff (0033ffc0)     _CsmPwl


GLOBAL SYMBOLS: SORTED ALPHABETICALLY BY Name 

page  address   name                            
----  -------   ----                            
0     00009000  .text                           
0     00009b9e  C$$EXIT                         
0     000090e6  _ADCINT_ISR                     
0     00380080  _ADC_cal                        
1     00000b00  _AdcMirror                      
1     00007100  _AdcRegs                        
1     0000c0a5  _BRRVal                         
1     0000c080  _Buff                           
0     0000993a  _ConfigCpuTimer                 
1     0000c064  _CpuTimer0                      
1     00000c00  _CpuTimer0Regs                  
1     0000c06c  _CpuTimer1                      
1     00000c08  _CpuTimer1Regs                  
1     0000c074  _CpuTimer2                      
1     00000c10  _CpuTimer2Regs                  
1     0033fff8  _CsmPwl                         
1     00000ae0  _CsmRegs                        
0     0000968a  _CsmUnlock                      
0     00009014  _DATALOG_ISR                    
0     00009208  _DINTCH1_ISR                    
0     00009212  _DINTCH2_ISR                    
0     0000921c  _DINTCH3_ISR                    
0     00009226  _DINTCH4_ISR                    
0     00009230  _DINTCH5_ISR                    
0     0000923a  _DINTCH6_ISR                    
0     0000804e  _DSP28x_usDelay                 
1     00000880  _DevEmuRegs                     
0     000095d7  _DisableDog                     
1     00001000  _DmaRegs                        
0     00009294  _ECAN0INTA_ISR                  
0     000092a8  _ECAN0INTB_ISR                  
0     0000929e  _ECAN1INTA_ISR                  
0     000092b2  _ECAN1INTB_ISR                  
0     0000917c  _ECAP1_INT_ISR                  
0     00009186  _ECAP2_INT_ISR                  
0     00009190  _ECAP3_INT_ISR                  
0     0000919a  _ECAP4_INT_ISR                  
0     000091a4  _ECAP5_INT_ISR                  
0     000091ae  _ECAP6_INT_ISR                  
1     00006040  _ECanaLAMRegs                   
1     000060c0  _ECanaMOTORegs                  
1     00006080  _ECanaMOTSRegs                  
1     00006100  _ECanaMboxes                    
1     00006000  _ECanaRegs                      
1     00006240  _ECanbLAMRegs                   
1     000062c0  _ECanbMOTORegs                  
1     00006280  _ECanbMOTSRegs                  
1     00006300  _ECanbMboxes                    
1     00006200  _ECanbRegs                      
1     0000c094  _ECap1IntCount                  
1     0000c096  _ECap1PassCount                 
1     00006a00  _ECap1Regs                      
1     00006a20  _ECap2Regs                      
1     00006a40  _ECap3Regs                      
1     00006a60  _ECap4Regs                      
1     00006a80  _ECap5Regs                      
1     00006aa0  _ECap6Regs                      
0     00009302  _EMPTY_ISR                      
0     00009028  _EMUINT_ISR                     
0     00009140  _EPWM1_INT_ISR                  
0     00009323  _EPWM1_Init                     
0     00009104  _EPWM1_TZINT_ISR                
0     0000914a  _EPWM2_INT_ISR                  
0     0000910e  _EPWM2_TZINT_ISR                
0     00009154  _EPWM3_INT_ISR                  
0     00009421  _EPWM3_Init                     
0     00009118  _EPWM3_TZINT_ISR                
0     0000915e  _EPWM4_INT_ISR                  
0     00009122  _EPWM4_TZINT_ISR                
0     00009168  _EPWM5_INT_ISR                  
0     00009447  _EPWM5_Init                     
0     0000912c  _EPWM5_TZINT_ISR                
0     00009172  _EPWM6_INT_ISR                  
0     000093c2  _EPWM6_Init                     
0     00009136  _EPWM6_TZINT_ISR                
0     000093b4  _EPwm1A_SetCompare              
0     000093bb  _EPwm1B_SetCompare              
1     00006800  _EPwm1Regs                      
1     00006840  _EPwm2Regs                      
1     00006880  _EPwm3Regs                      
1     000068c0  _EPwm4Regs                      
0     00009486  _EPwm5A_SetCompare              
0     0000948d  _EPwm5B_SetCompare              
1     00006900  _EPwm5Regs                      
1     0000c098  _EPwm5TimerDirection            
0     00009413  _EPwm6A_SetCompare              
0     0000941a  _EPwm6B_SetCompare              
1     00006940  _EPwm6Regs                      
0     000091b8  _EQEP1_INT_ISR                  
0     000091c2  _EQEP2_INT_ISR                  
1     00006b00  _EQep1Regs                      
1     00006b40  _EQep2Regs                      
0     00009be6  _EnableInterrupts               
1     0000c0a1  _ErrorCount                     
0     00009ad3  _Fail                           
1     00000a80  _FlashRegs                      
1     00006f80  _GpioCtrlRegs                   
1     00006fc0  _GpioDataRegs                   
1     00006fe0  _GpioIntRegs                    
0     00009244  _I2CINT1A_ISR                   
0     0000924e  _I2CINT2A_ISR                   
1     00007900  _I2caRegs                       
0     0000903c  _ILLEGAL_ISR                    
0     00009000  _INT13_ISR                      
0     0000900a  _INT14_ISR                      
0     000098f9  _InitCpuTimers                  
0     000099dc  _InitECap                       
0     000099ea  _InitECap1Gpio                  
0     000099f8  _InitECap2Gpio                  
0     00009a04  _InitECap3Gpio                  
0     00009a10  _InitECap4Gpio                  
0     00009a1c  _InitECap5Gpio                  
0     00009a2a  _InitECap6Gpio                  
0     000099dd  _InitECapGpio                   
0     000097a9  _InitEPwm                       
0     000097b7  _InitEPwm1Gpio                  
0     000097c9  _InitEPwm2Gpio                  
0     000097db  _InitEPwm3Gpio                  
0     000097ef  _InitEPwm4Gpio                  
0     00009803  _InitEPwm5Gpio                  
0     00009815  _InitEPwm6Gpio                  
0     000097aa  _InitEPwmGpio                   
0     00009827  _InitEPwmSyncGpio               
0     0000962f  _InitPeripheralClocks           
0     00009bc7  _InitPieCtrl                    
0     00009c36  _InitPieVectTable               
0     000095df  _InitPll                        
0     00009ad6  _InitSci                        
0     00009ad7  _InitSciGpio                    
0     00009adc  _InitSciaGpio                   
0     00009af1  _InitScibGpio                   
0     00009b05  _InitScicGpio                   
0     000095c4  _InitSysCtrl                    
0     0000983b  _InitTzGpio                     
0     00009b1b  _LED_Init                       
0     000092f8  _LUF_ISR                        
0     000092ee  _LVF_ISR                        
0     000091f4  _MRINTA_ISR                     
0     000091e0  _MRINTB_ISR                     
0     000091fe  _MXINTA_ISR                     
0     000091ea  _MXINTB_ISR                     
1     00005000  _McbspaRegs                     
1     00005040  _McbspbRegs                     
0     00009032  _NMI_ISR                        
0     0000930f  _PIE_RESERVED                   
1     00000ce0  _PieCtrlRegs                    
1     00000d00  _PieVectTable                   
1     0000d000  _PieVectTableInit               
0     0000901e  _RTOSINT_ISR                    
1     0000c0a3  _ReceivedAChar                  
1     0000c0a4  _ReceivedBChar                  
1     0000c0a0  _ReceivedCount                  
0     0000926c  _SCIRXINTA_ISR                  
0     00009280  _SCIRXINTB_ISR                  
0     00009258  _SCIRXINTC_ISR                  
0     00009276  _SCITXINTA_ISR                  
0     0000928a  _SCITXINTB_ISR                  
0     00009262  _SCITXINTC_ISR                  
0     000090be  _SEQ1INT_ISR                    
0     000090c8  _SEQ2INT_ISR                    
0     000091cc  _SPIRXINTA_ISR                  
0     000091d6  _SPITXINTA_ISR                  
1     00007050  _SciaRegs                       
1     00007750  _ScibRegs                       
1     00007770  _ScicRegs                       
1     0000c0a2  _SendChar                       
0     000095cd  _ServiceDog                     
1     00007040  _SpiaRegs                       
1     00007010  _SysCtrlRegs                    
0     00009b5f  _TIM0_IRQn                      
0     00009853  _TIM0_Init                      
0     00009b7d  _TIM1_IRQn                      
0     0000988d  _TIM1_Init                      
0     00009b8a  _TIM2_IRQn                      
0     000098c3  _TIM2_Init                      
0     000090f0  _TINT0_ISR                      
0     00009543  _UART_AutoBaud_Test             
0     00009494  _UARTa_Init                     
0     000094cd  _UARTa_SendByte                 
0     000094d9  _UARTa_SendString               
0     000090a0  _USER10_ISR                     
0     000090aa  _USER11_ISR                     
0     000090b4  _USER12_ISR                     
0     00009046  _USER1_ISR                      
0     00009050  _USER2_ISR                      
0     0000905a  _USER3_ISR                      
0     00009064  _USER4_ISR                      
0     0000906e  _USER5_ISR                      
0     00009078  _USER6_ISR                      
0     00009082  _USER7_ISR                      
0     0000908c  _USER8_ISR                      
0     00009096  _USER9_ISR                      
0     000090fa  _WAKEINT_ISR                    
0     000090d2  _XINT1_ISR                      
0     000090dc  _XINT2_ISR                      
0     000092bc  _XINT3_ISR                      
0     000092c6  _XINT4_ISR                      
0     000092d0  _XINT5_ISR                      
0     000092da  _XINT6_ISR                      
0     000092e4  _XINT7_ISR                      
1     00007070  _XIntruptRegs                   
1     00000b20  _XintfRegs                      
1     00000700  __STACK_END                     
abs   00000300  __STACK_SIZE                    
1     0000c09c  ___TI_cleanup_ptr               
1     0000c09e  ___TI_dtors_ptr                 
1     0000c09a  ___TI_enable_exit_profile_output
abs   ffffffff  ___TI_pprof_out_hndl            
abs   ffffffff  ___TI_prof_data_size            
abs   ffffffff  ___TI_prof_data_start           
abs   ffffffff  ___binit__                      
abs   ffffffff  ___c_args__                     
0     00008000  ___cinit__                      
0     00009cb3  ___etext__                      
abs   ffffffff  ___pinit__                      
0     00009000  ___text__                       
0     00009c8d  __args_main                     
1     0000c07c  __lock                          
0     00009ca7  __nop                           
0     00009ca3  __register_lock                 
0     00009c9f  __register_unlock               
1     00000400  __stack                         
0     00009cb2  __system_post_cinit             
0     00009cb0  __system_pre_init               
1     0000c07e  __unlock                        
0     00009b9e  _abort                          
0     00009a38  _c_int00                        
1     0000c000  _cap1reg                        
0     00009bef  _copy_in                        
0     00009a8e  _eCAP1_Init                     
0     000096bb  _ecap1_isr                      
0     00009c73  _epwm1_tzint_isr                
0     000094ec  _error                          
0     00009ba0  _exit                           
1     0000c08a  _index_1                        
0     00009c13  _main                           
0     00009c56  _memcpy                         
1     0000c08b  _min                            
1     0000c08e  _min_in100                      
1     0000c08c  _min_in1000                     
1     0000c08f  _min_in30                       
1     0000c08d  _min_in500                      
1     0000c092  _mincap1                        
0     00009319  _rsvd_ISR                       
0     00009974  _rxaint_isr                     
0     0000951e  _scia_AutobaudLock              
0     000094f3  _scia_init                      
0     0000950e  _scia_xmit                      
0     00009502  _scib_init                      
0     00009516  _scib_xmit                      
1     0000c090  _temp                           
abs   ffffffff  binit                           
0     00008000  cinit                           
0     00000000  code_start                      
0     00009cb3  etext                           
abs   ffffffff  pinit                           


GLOBAL SYMBOLS: SORTED BY Symbol Address 

page  address   name                            
----  -------   ----                            
0     00000000  code_start                      
0     00008000  ___cinit__                      
0     00008000  cinit                           
0     0000804e  _DSP28x_usDelay                 
0     00009000  .text                           
0     00009000  _INT13_ISR                      
0     00009000  ___text__                       
0     0000900a  _INT14_ISR                      
0     00009014  _DATALOG_ISR                    
0     0000901e  _RTOSINT_ISR                    
0     00009028  _EMUINT_ISR                     
0     00009032  _NMI_ISR                        
0     0000903c  _ILLEGAL_ISR                    
0     00009046  _USER1_ISR                      
0     00009050  _USER2_ISR                      
0     0000905a  _USER3_ISR                      
0     00009064  _USER4_ISR                      
0     0000906e  _USER5_ISR                      
0     00009078  _USER6_ISR                      
0     00009082  _USER7_ISR                      
0     0000908c  _USER8_ISR                      
0     00009096  _USER9_ISR                      
0     000090a0  _USER10_ISR                     
0     000090aa  _USER11_ISR                     
0     000090b4  _USER12_ISR                     
0     000090be  _SEQ1INT_ISR                    
0     000090c8  _SEQ2INT_ISR                    
0     000090d2  _XINT1_ISR                      
0     000090dc  _XINT2_ISR                      
0     000090e6  _ADCINT_ISR                     
0     000090f0  _TINT0_ISR                      
0     000090fa  _WAKEINT_ISR                    
0     00009104  _EPWM1_TZINT_ISR                
0     0000910e  _EPWM2_TZINT_ISR                
0     00009118  _EPWM3_TZINT_ISR                
0     00009122  _EPWM4_TZINT_ISR                
0     0000912c  _EPWM5_TZINT_ISR                
0     00009136  _EPWM6_TZINT_ISR                
0     00009140  _EPWM1_INT_ISR                  
0     0000914a  _EPWM2_INT_ISR                  
0     00009154  _EPWM3_INT_ISR                  
0     0000915e  _EPWM4_INT_ISR                  
0     00009168  _EPWM5_INT_ISR                  
0     00009172  _EPWM6_INT_ISR                  
0     0000917c  _ECAP1_INT_ISR                  
0     00009186  _ECAP2_INT_ISR                  
0     00009190  _ECAP3_INT_ISR                  
0     0000919a  _ECAP4_INT_ISR                  
0     000091a4  _ECAP5_INT_ISR                  
0     000091ae  _ECAP6_INT_ISR                  
0     000091b8  _EQEP1_INT_ISR                  
0     000091c2  _EQEP2_INT_ISR                  
0     000091cc  _SPIRXINTA_ISR                  
0     000091d6  _SPITXINTA_ISR                  
0     000091e0  _MRINTB_ISR                     
0     000091ea  _MXINTB_ISR                     
0     000091f4  _MRINTA_ISR                     
0     000091fe  _MXINTA_ISR                     
0     00009208  _DINTCH1_ISR                    
0     00009212  _DINTCH2_ISR                    
0     0000921c  _DINTCH3_ISR                    
0     00009226  _DINTCH4_ISR                    
0     00009230  _DINTCH5_ISR                    
0     0000923a  _DINTCH6_ISR                    
0     00009244  _I2CINT1A_ISR                   
0     0000924e  _I2CINT2A_ISR                   
0     00009258  _SCIRXINTC_ISR                  
0     00009262  _SCITXINTC_ISR                  
0     0000926c  _SCIRXINTA_ISR                  
0     00009276  _SCITXINTA_ISR                  
0     00009280  _SCIRXINTB_ISR                  
0     0000928a  _SCITXINTB_ISR                  
0     00009294  _ECAN0INTA_ISR                  
0     0000929e  _ECAN1INTA_ISR                  
0     000092a8  _ECAN0INTB_ISR                  
0     000092b2  _ECAN1INTB_ISR                  
0     000092bc  _XINT3_ISR                      
0     000092c6  _XINT4_ISR                      
0     000092d0  _XINT5_ISR                      
0     000092da  _XINT6_ISR                      
0     000092e4  _XINT7_ISR                      
0     000092ee  _LVF_ISR                        
0     000092f8  _LUF_ISR                        
0     00009302  _EMPTY_ISR                      
0     0000930f  _PIE_RESERVED                   
0     00009319  _rsvd_ISR                       
0     00009323  _EPWM1_Init                     
0     000093b4  _EPwm1A_SetCompare              
0     000093bb  _EPwm1B_SetCompare              
0     000093c2  _EPWM6_Init                     
0     00009413  _EPwm6A_SetCompare              
0     0000941a  _EPwm6B_SetCompare              
0     00009421  _EPWM3_Init                     
0     00009447  _EPWM5_Init                     
0     00009486  _EPwm5A_SetCompare              
0     0000948d  _EPwm5B_SetCompare              
0     00009494  _UARTa_Init                     
0     000094cd  _UARTa_SendByte                 
0     000094d9  _UARTa_SendString               
0     000094ec  _error                          
0     000094f3  _scia_init                      
0     00009502  _scib_init                      
0     0000950e  _scia_xmit                      
0     00009516  _scib_xmit                      
0     0000951e  _scia_AutobaudLock              
0     00009543  _UART_AutoBaud_Test             
0     000095c4  _InitSysCtrl                    
0     000095cd  _ServiceDog                     
0     000095d7  _DisableDog                     
0     000095df  _InitPll                        
0     0000962f  _InitPeripheralClocks           
0     0000968a  _CsmUnlock                      
0     000096bb  _ecap1_isr                      
0     000097a9  _InitEPwm                       
0     000097aa  _InitEPwmGpio                   
0     000097b7  _InitEPwm1Gpio                  
0     000097c9  _InitEPwm2Gpio                  
0     000097db  _InitEPwm3Gpio                  
0     000097ef  _InitEPwm4Gpio                  
0     00009803  _InitEPwm5Gpio                  
0     00009815  _InitEPwm6Gpio                  
0     00009827  _InitEPwmSyncGpio               
0     0000983b  _InitTzGpio                     
0     00009853  _TIM0_Init                      
0     0000988d  _TIM1_Init                      
0     000098c3  _TIM2_Init                      
0     000098f9  _InitCpuTimers                  
0     0000993a  _ConfigCpuTimer                 
0     00009974  _rxaint_isr                     
0     000099dc  _InitECap                       
0     000099dd  _InitECapGpio                   
0     000099ea  _InitECap1Gpio                  
0     000099f8  _InitECap2Gpio                  
0     00009a04  _InitECap3Gpio                  
0     00009a10  _InitECap4Gpio                  
0     00009a1c  _InitECap5Gpio                  
0     00009a2a  _InitECap6Gpio                  
0     00009a38  _c_int00                        
0     00009a8e  _eCAP1_Init                     
0     00009ad3  _Fail                           
0     00009ad6  _InitSci                        
0     00009ad7  _InitSciGpio                    
0     00009adc  _InitSciaGpio                   
0     00009af1  _InitScibGpio                   
0     00009b05  _InitScicGpio                   
0     00009b1b  _LED_Init                       
0     00009b5f  _TIM0_IRQn                      
0     00009b7d  _TIM1_IRQn                      
0     00009b8a  _TIM2_IRQn                      
0     00009b9e  C$$EXIT                         
0     00009b9e  _abort                          
0     00009ba0  _exit                           
0     00009bc7  _InitPieCtrl                    
0     00009be6  _EnableInterrupts               
0     00009bef  _copy_in                        
0     00009c13  _main                           
0     00009c36  _InitPieVectTable               
0     00009c56  _memcpy                         
0     00009c73  _epwm1_tzint_isr                
0     00009c8d  __args_main                     
0     00009c9f  __register_unlock               
0     00009ca3  __register_lock                 
0     00009ca7  __nop                           
0     00009cb0  __system_pre_init               
0     00009cb2  __system_post_cinit             
0     00009cb3  ___etext__                      
0     00009cb3  etext                           
0     00380080  _ADC_cal                        
1     00000400  __stack                         
1     00000700  __STACK_END                     
1     00000880  _DevEmuRegs                     
1     00000a80  _FlashRegs                      
1     00000ae0  _CsmRegs                        
1     00000b00  _AdcMirror                      
1     00000b20  _XintfRegs                      
1     00000c00  _CpuTimer0Regs                  
1     00000c08  _CpuTimer1Regs                  
1     00000c10  _CpuTimer2Regs                  
1     00000ce0  _PieCtrlRegs                    
1     00000d00  _PieVectTable                   
1     00001000  _DmaRegs                        
1     00005000  _McbspaRegs                     
1     00005040  _McbspbRegs                     
1     00006000  _ECanaRegs                      
1     00006040  _ECanaLAMRegs                   
1     00006080  _ECanaMOTSRegs                  
1     000060c0  _ECanaMOTORegs                  
1     00006100  _ECanaMboxes                    
1     00006200  _ECanbRegs                      
1     00006240  _ECanbLAMRegs                   
1     00006280  _ECanbMOTSRegs                  
1     000062c0  _ECanbMOTORegs                  
1     00006300  _ECanbMboxes                    
1     00006800  _EPwm1Regs                      
1     00006840  _EPwm2Regs                      
1     00006880  _EPwm3Regs                      
1     000068c0  _EPwm4Regs                      
1     00006900  _EPwm5Regs                      
1     00006940  _EPwm6Regs                      
1     00006a00  _ECap1Regs                      
1     00006a20  _ECap2Regs                      
1     00006a40  _ECap3Regs                      
1     00006a60  _ECap4Regs                      
1     00006a80  _ECap5Regs                      
1     00006aa0  _ECap6Regs                      
1     00006b00  _EQep1Regs                      
1     00006b40  _EQep2Regs                      
1     00006f80  _GpioCtrlRegs                   
1     00006fc0  _GpioDataRegs                   
1     00006fe0  _GpioIntRegs                    
1     00007010  _SysCtrlRegs                    
1     00007040  _SpiaRegs                       
1     00007050  _SciaRegs                       
1     00007070  _XIntruptRegs                   
1     00007100  _AdcRegs                        
1     00007750  _ScibRegs                       
1     00007770  _ScicRegs                       
1     00007900  _I2caRegs                       
1     0000c000  _cap1reg                        
1     0000c064  _CpuTimer0                      
1     0000c06c  _CpuTimer1                      
1     0000c074  _CpuTimer2                      
1     0000c07c  __lock                          
1     0000c07e  __unlock                        
1     0000c080  _Buff                           
1     0000c08a  _index_1                        
1     0000c08b  _min                            
1     0000c08c  _min_in1000                     
1     0000c08d  _min_in500                      
1     0000c08e  _min_in100                      
1     0000c08f  _min_in30                       
1     0000c090  _temp                           
1     0000c092  _mincap1                        
1     0000c094  _ECap1IntCount                  
1     0000c096  _ECap1PassCount                 
1     0000c098  _EPwm5TimerDirection            
1     0000c09a  ___TI_enable_exit_profile_output
1     0000c09c  ___TI_cleanup_ptr               
1     0000c09e  ___TI_dtors_ptr                 
1     0000c0a0  _ReceivedCount                  
1     0000c0a1  _ErrorCount                     
1     0000c0a2  _SendChar                       
1     0000c0a3  _ReceivedAChar                  
1     0000c0a4  _ReceivedBChar                  
1     0000c0a5  _BRRVal                         
1     0000d000  _PieVectTableInit               
1     0033fff8  _CsmPwl                         
abs   00000300  __STACK_SIZE                    
abs   ffffffff  ___TI_pprof_out_hndl            
abs   ffffffff  ___TI_prof_data_size            
abs   ffffffff  ___TI_prof_data_start           
abs   ffffffff  ___binit__                      
abs   ffffffff  ___c_args__                     
abs   ffffffff  ___pinit__                      
abs   ffffffff  binit                           
abs   ffffffff  pinit                           

[256 symbols]
