******************************************************************************
             TMS320C2000 Linker PC v6.2.0                      
******************************************************************************
>> Linked Tue Apr 17 09:15:24 2018

OUTPUT FILE NAME:   <Example36_DSP2833x_DMA_ram_to_ram.out>
ENTRY POINT SYMBOL: "_c_int00"  address: 00009ea6


MEMORY CONFIGURATION

         name            origin    length      used     unused   attr    fill
----------------------  --------  ---------  --------  --------  ----  --------
PAGE 0:
  BEGIN                 00000000   00000002  00000002  00000000  RWIX
  RAMM0                 00000050   000003b0  00000000  000003b0  RWIX
  RAML0                 00008000   00001000  0000004e  00000fb2  RWIX
  RAML1                 00009000   00002000  000010fb  00000f05  RWIX
  RAML2                 0000b000   00001000  00000000  00001000  RWIX
  RAML3                 0000c000   00001000  00000000  00001000  RWIX
  ZONE7A                00200000   0000fc00  00000000  0000fc00  RWIX
  CSM_RSVD              0033ff80   00000076  00000000  00000076  RWIX
  CSM_PWL               0033fff8   00000008  00000000  00000008  RWIX
  ADC_CAL               00380080   00000009  00000007  00000002  RWIX
  IQTABLES              003fe000   00000b50  00000000  00000b50  RWIX
  IQTABLES2             003feb50   0000008c  00000000  0000008c  RWIX
  FPUTABLES             003febdc   000006a0  00000000  000006a0  RWIX
  BOOTROM               003ff27c   00000d44  00000000  00000d44  RWIX
  RESET                 003fffc0   00000002  00000000  00000002  RWIX

PAGE 1:
  BOOT_RSVD             00000002   0000004e  00000000  0000004e  RWIX
  RAMM1                 00000400   00000400  00000300  00000100  RWIX
  DEV_EMU               00000880   00000180  000000d0  000000b0  RWIX
  FLASH_REGS            00000a80   00000060  00000008  00000058  RWIX
  CSM                   00000ae0   00000010  00000010  00000000  RWIX
  ADC_MIRROR            00000b00   00000010  00000010  00000000  RWIX
  XINTF                 00000b20   00000020  0000001e  00000002  RWIX
  CPU_TIMER0            00000c00   00000008  00000008  00000000  RWIX
  CPU_TIMER1            00000c08   00000008  00000008  00000000  RWIX
  CPU_TIMER2            00000c10   00000008  00000008  00000000  RWIX
  PIE_CTRL              00000ce0   00000020  0000001a  00000006  RWIX
  PIE_VECT              00000d00   00000100  00000100  00000000  RWIX
  DMA                   00001000   00000200  000000e0  00000120  RWIX
  MCBSPA                00005000   00000040  00000025  0000001b  RWIX
  MCBSPB                00005040   00000040  00000025  0000001b  RWIX
  ECANA                 00006000   00000040  00000034  0000000c  RWIX
  ECANA_LAM             00006040   00000040  00000040  00000000  RWIX
  ECANA_MOTS            00006080   00000040  00000040  00000000  RWIX
  ECANA_MOTO            000060c0   00000040  00000040  00000000  RWIX
  ECANA_MBOX            00006100   00000100  00000100  00000000  RWIX
  ECANB                 00006200   00000040  00000034  0000000c  RWIX
  ECANB_LAM             00006240   00000040  00000040  00000000  RWIX
  ECANB_MOTS            00006280   00000040  00000040  00000000  RWIX
  ECANB_MOTO            000062c0   00000040  00000040  00000000  RWIX
  ECANB_MBOX            00006300   00000100  00000100  00000000  RWIX
  EPWM1                 00006800   00000022  00000022  00000000  RWIX
  EPWM2                 00006840   00000022  00000022  00000000  RWIX
  EPWM3                 00006880   00000022  00000022  00000000  RWIX
  EPWM4                 000068c0   00000022  00000022  00000000  RWIX
  EPWM5                 00006900   00000022  00000022  00000000  RWIX
  EPWM6                 00006940   00000022  00000022  00000000  RWIX
  ECAP1                 00006a00   00000020  00000020  00000000  RWIX
  ECAP2                 00006a20   00000020  00000020  00000000  RWIX
  ECAP3                 00006a40   00000020  00000020  00000000  RWIX
  ECAP4                 00006a60   00000020  00000020  00000000  RWIX
  ECAP5                 00006a80   00000020  00000020  00000000  RWIX
  ECAP6                 00006aa0   00000020  00000020  00000000  RWIX
  EQEP1                 00006b00   00000040  00000040  00000000  RWIX
  EQEP2                 00006b40   00000040  00000040  00000000  RWIX
  GPIOCTRL              00006f80   00000040  0000002e  00000012  RWIX
  GPIODAT               00006fc0   00000020  00000020  00000000  RWIX
  GPIOINT               00006fe0   00000020  0000000a  00000016  RWIX
  SYSTEM                00007010   00000020  00000020  00000000  RWIX
  SPIA                  00007040   00000010  00000010  00000000  RWIX
  SCIA                  00007050   00000010  00000010  00000000  RWIX
  XINTRUPT              00007070   00000010  00000010  00000000  RWIX
  ADC                   00007100   00000020  0000001e  00000002  RWIX
  SCIB                  00007750   00000010  00000010  00000000  RWIX
  SCIC                  00007770   00000010  00000010  00000000  RWIX
  I2CA                  00007900   00000040  00000022  0000001e  RWIX
  RAML4                 0000c000   00001000  00000433  00000bcd  RWIX
  RAML5                 0000d000   00001000  00000500  00000b00  RWIX
  RAML6                 0000e000   00001000  00000000  00001000  RWIX
  RAML7                 0000f000   00001000  00000000  00001000  RWIX
  ZONE7B                0020fc00   00000400  00000000  00000400  RWIX
  CSM_PWL               0033fff8   00000008  00000008  00000000  RWIX


SECTION ALLOCATION MAP

 output                                  attributes/
section   page    origin      length       input sections
--------  ----  ----------  ----------   ----------------
codestart 
*          0    00000000    00000002     
                  00000000    00000002     DSP2833x_CodeStartBranch.obj (codestart)

.pinit     0    00008000    00000000     UNINITIALIZED

.cinit     0    00008000    0000002f     
                  00008000    0000000d     uart.obj (.cinit)
                  0000800d    0000000c     key.obj (.cinit)
                  00008019    0000000a     rts2800_fpu32.lib : _lock.obj (.cinit)
                  00008023    0000000a                       : exit.obj (.cinit)
                  0000802d    00000002     --HOLE-- [fill = 0]

ramfuncs   0    0000802f    0000001f     
                  0000802f    0000001b     DSP2833x_SysCtrl.obj (ramfuncs)
                  0000804a    00000004     DSP2833x_usDelay.obj (ramfuncs)

.text      0    00009000    000010fb     
                  00009000    000003f4     DSP2833x_DMA.obj (.text)
                  000093f4    00000323     DSP2833x_DefaultIsr.obj (.text:retain)
                  00009717    00000132     uart.obj (.text)
                  00009849    00000126     key.obj (.text)
                  0000996f    000000fa     DSP2833x_Xintf.obj (.text)
                  00009a69    000000f3     DSP2833x_SysCtrl.obj (.text)
                  00009b5c    000000c3     dma.obj (.text)
                  00009c1f    000000aa     DSP2833x_EPwm.obj (.text)
                  00009cc9    000000a6     time.obj (.text)
                  00009d6f    0000007c     DSP2833x_CpuTimers.obj (.text)
                  00009deb    00000066     uart.obj (.text:retain)
                  00009e51    00000055     tlv5620.obj (.text)
                  00009ea6    00000046     rts2800_fpu32.lib : boot.obj (.text)
                  00009eec    00000040     leds.obj (.text)
                  00009f2c    0000003d     time.obj (.text:retain)
                  00009f69    00000037     main.obj (.text)
                  00009fa0    0000002f     DSP2833x_Sci.obj (.text)
                  00009fcf    0000002c     DSP2833x_Spi.obj (.text)
                  00009ffb    00000028     DSP2833x_PieCtrl.obj (.text)
                  0000a023    00000027     adc.obj (.text)
                  0000a04a    00000020     DSP2833x_PieVect.obj (.text)
                  0000a06a    00000019     DSP2833x_Gpio.obj (.text)
                  0000a083    00000019     rts2800_fpu32.lib : args_main.obj (.text)
                  0000a09c    00000019                       : exit.obj (.text)
                  0000a0b5    00000014     DSP2833x_Adc.obj (.text)
                  0000a0c9    00000011     dma.obj (.text:retain)
                  0000a0da    00000010     beep.obj (.text)
                  0000a0ea    00000009     rts2800_fpu32.lib : _lock.obj (.text)
                  0000a0f3    00000008     DSP2833x_CodeStartBranch.obj (.text)

csm_rsvd   0    0033ff80    00000000     DSECT

csmpasswds 
*          0    0033fff8    00000000     DSECT

.adc_cal   0    00380080    00000007     NOLOAD SECTION
                  00380080    00000007     DSP2833x_ADC_cal.obj (.adc_cal)

.reset     0    003fffc0    00000002     DSECT
                  003fffc0    00000002     rts2800_fpu32.lib : boot.obj (.reset)

.stack     1    00000400    00000300     UNINITIALIZED
                  00000400    00000300     --HOLE--

DevEmuRegsFile 
*          1    00000880    000000d0     UNINITIALIZED
                  00000880    000000d0     DSP2833x_GlobalVariableDefs.obj (DevEmuRegsFile)

FlashRegsFile 
*          1    00000a80    00000008     UNINITIALIZED
                  00000a80    00000008     DSP2833x_GlobalVariableDefs.obj (FlashRegsFile)

CsmRegsFile 
*          1    00000ae0    00000010     UNINITIALIZED
                  00000ae0    00000010     DSP2833x_GlobalVariableDefs.obj (CsmRegsFile)

AdcMirrorFile 
*          1    00000b00    00000010     UNINITIALIZED
                  00000b00    00000010     DSP2833x_GlobalVariableDefs.obj (AdcMirrorFile)

XintfRegsFile 
*          1    00000b20    0000001e     UNINITIALIZED
                  00000b20    0000001e     DSP2833x_GlobalVariableDefs.obj (XintfRegsFile)

CpuTimer0RegsFile 
*          1    00000c00    00000008     UNINITIALIZED
                  00000c00    00000008     DSP2833x_GlobalVariableDefs.obj (CpuTimer0RegsFile)

CpuTimer1RegsFile 
*          1    00000c08    00000008     UNINITIALIZED
                  00000c08    00000008     DSP2833x_GlobalVariableDefs.obj (CpuTimer1RegsFile)

CpuTimer2RegsFile 
*          1    00000c10    00000008     UNINITIALIZED
                  00000c10    00000008     DSP2833x_GlobalVariableDefs.obj (CpuTimer2RegsFile)

PieCtrlRegsFile 
*          1    00000ce0    0000001a     UNINITIALIZED
                  00000ce0    0000001a     DSP2833x_GlobalVariableDefs.obj (PieCtrlRegsFile)

PieVectTableFile 
*          1    00000d00    00000100     UNINITIALIZED
                  00000d00    00000100     DSP2833x_GlobalVariableDefs.obj (PieVectTableFile)

DmaRegsFile 
*          1    00001000    000000e0     UNINITIALIZED
                  00001000    000000e0     DSP2833x_GlobalVariableDefs.obj (DmaRegsFile)

McbspaRegsFile 
*          1    00005000    00000025     UNINITIALIZED
                  00005000    00000025     DSP2833x_GlobalVariableDefs.obj (McbspaRegsFile)

McbspbRegsFile 
*          1    00005040    00000025     UNINITIALIZED
                  00005040    00000025     DSP2833x_GlobalVariableDefs.obj (McbspbRegsFile)

ECanaRegsFile 
*          1    00006000    00000034     UNINITIALIZED
                  00006000    00000034     DSP2833x_GlobalVariableDefs.obj (ECanaRegsFile)

ECanaLAMRegsFile 
*          1    00006040    00000040     UNINITIALIZED
                  00006040    00000040     DSP2833x_GlobalVariableDefs.obj (ECanaLAMRegsFile)

ECanaMOTSRegsFile 
*          1    00006080    00000040     UNINITIALIZED
                  00006080    00000040     DSP2833x_GlobalVariableDefs.obj (ECanaMOTSRegsFile)

ECanaMOTORegsFile 
*          1    000060c0    00000040     UNINITIALIZED
                  000060c0    00000040     DSP2833x_GlobalVariableDefs.obj (ECanaMOTORegsFile)

ECanaMboxesFile 
*          1    00006100    00000100     UNINITIALIZED
                  00006100    00000100     DSP2833x_GlobalVariableDefs.obj (ECanaMboxesFile)

ECanbRegsFile 
*          1    00006200    00000034     UNINITIALIZED
                  00006200    00000034     DSP2833x_GlobalVariableDefs.obj (ECanbRegsFile)

ECanbLAMRegsFile 
*          1    00006240    00000040     UNINITIALIZED
                  00006240    00000040     DSP2833x_GlobalVariableDefs.obj (ECanbLAMRegsFile)

ECanbMOTSRegsFile 
*          1    00006280    00000040     UNINITIALIZED
                  00006280    00000040     DSP2833x_GlobalVariableDefs.obj (ECanbMOTSRegsFile)

ECanbMOTORegsFile 
*          1    000062c0    00000040     UNINITIALIZED
                  000062c0    00000040     DSP2833x_GlobalVariableDefs.obj (ECanbMOTORegsFile)

ECanbMboxesFile 
*          1    00006300    00000100     UNINITIALIZED
                  00006300    00000100     DSP2833x_GlobalVariableDefs.obj (ECanbMboxesFile)

EPwm1RegsFile 
*          1    00006800    00000022     UNINITIALIZED
                  00006800    00000022     DSP2833x_GlobalVariableDefs.obj (EPwm1RegsFile)

EPwm2RegsFile 
*          1    00006840    00000022     UNINITIALIZED
                  00006840    00000022     DSP2833x_GlobalVariableDefs.obj (EPwm2RegsFile)

EPwm3RegsFile 
*          1    00006880    00000022     UNINITIALIZED
                  00006880    00000022     DSP2833x_GlobalVariableDefs.obj (EPwm3RegsFile)

EPwm4RegsFile 
*          1    000068c0    00000022     UNINITIALIZED
                  000068c0    00000022     DSP2833x_GlobalVariableDefs.obj (EPwm4RegsFile)

EPwm5RegsFile 
*          1    00006900    00000022     UNINITIALIZED
                  00006900    00000022     DSP2833x_GlobalVariableDefs.obj (EPwm5RegsFile)

EPwm6RegsFile 
*          1    00006940    00000022     UNINITIALIZED
                  00006940    00000022     DSP2833x_GlobalVariableDefs.obj (EPwm6RegsFile)

ECap1RegsFile 
*          1    00006a00    00000020     UNINITIALIZED
                  00006a00    00000020     DSP2833x_GlobalVariableDefs.obj (ECap1RegsFile)

ECap2RegsFile 
*          1    00006a20    00000020     UNINITIALIZED
                  00006a20    00000020     DSP2833x_GlobalVariableDefs.obj (ECap2RegsFile)

ECap3RegsFile 
*          1    00006a40    00000020     UNINITIALIZED
                  00006a40    00000020     DSP2833x_GlobalVariableDefs.obj (ECap3RegsFile)

ECap4RegsFile 
*          1    00006a60    00000020     UNINITIALIZED
                  00006a60    00000020     DSP2833x_GlobalVariableDefs.obj (ECap4RegsFile)

ECap5RegsFile 
*          1    00006a80    00000020     UNINITIALIZED
                  00006a80    00000020     DSP2833x_GlobalVariableDefs.obj (ECap5RegsFile)

ECap6RegsFile 
*          1    00006aa0    00000020     UNINITIALIZED
                  00006aa0    00000020     DSP2833x_GlobalVariableDefs.obj (ECap6RegsFile)

EQep1RegsFile 
*          1    00006b00    00000040     UNINITIALIZED
                  00006b00    00000040     DSP2833x_GlobalVariableDefs.obj (EQep1RegsFile)

EQep2RegsFile 
*          1    00006b40    00000040     UNINITIALIZED
                  00006b40    00000040     DSP2833x_GlobalVariableDefs.obj (EQep2RegsFile)

GpioCtrlRegsFile 
*          1    00006f80    0000002e     UNINITIALIZED
                  00006f80    0000002e     DSP2833x_GlobalVariableDefs.obj (GpioCtrlRegsFile)

GpioDataRegsFile 
*          1    00006fc0    00000020     UNINITIALIZED
                  00006fc0    00000020     DSP2833x_GlobalVariableDefs.obj (GpioDataRegsFile)

GpioIntRegsFile 
*          1    00006fe0    0000000a     UNINITIALIZED
                  00006fe0    0000000a     DSP2833x_GlobalVariableDefs.obj (GpioIntRegsFile)

SysCtrlRegsFile 
*          1    00007010    00000020     UNINITIALIZED
                  00007010    00000020     DSP2833x_GlobalVariableDefs.obj (SysCtrlRegsFile)

SpiaRegsFile 
*          1    00007040    00000010     UNINITIALIZED
                  00007040    00000010     DSP2833x_GlobalVariableDefs.obj (SpiaRegsFile)

SciaRegsFile 
*          1    00007050    00000010     UNINITIALIZED
                  00007050    00000010     DSP2833x_GlobalVariableDefs.obj (SciaRegsFile)

XIntruptRegsFile 
*          1    00007070    00000010     UNINITIALIZED
                  00007070    00000010     DSP2833x_GlobalVariableDefs.obj (XIntruptRegsFile)

AdcRegsFile 
*          1    00007100    0000001e     UNINITIALIZED
                  00007100    0000001e     DSP2833x_GlobalVariableDefs.obj (AdcRegsFile)

ScibRegsFile 
*          1    00007750    00000010     UNINITIALIZED
                  00007750    00000010     DSP2833x_GlobalVariableDefs.obj (ScibRegsFile)

ScicRegsFile 
*          1    00007770    00000010     UNINITIALIZED
                  00007770    00000010     DSP2833x_GlobalVariableDefs.obj (ScicRegsFile)

I2caRegsFile 
*          1    00007900    00000022     UNINITIALIZED
                  00007900    00000022     DSP2833x_GlobalVariableDefs.obj (I2caRegsFile)

DMARAML4   1    0000c000    00000400     UNINITIALIZED
                  0000c000    00000400     main.obj (DMARAML4)

.ebss      1    0000c400    00000033     UNINITIALIZED
                  0000c400    00000018     DSP2833x_CpuTimers.obj (.ebss)
                  0000c418    00000010     uart.obj (.ebss)
                  0000c428    00000004     rts2800_fpu32.lib : _lock.obj (.ebss)
                  0000c42c    00000004                       : exit.obj (.ebss)
                  0000c430    00000003     key.obj (.ebss)

DMARAML5   1    0000d000    00000400     UNINITIALIZED
                  0000d000    00000400     main.obj (DMARAML5)

.econst    1    0000d400    00000100     
                  0000d400    00000100     DSP2833x_PieVect.obj (.econst)

CsmPwlFile 
*          1    0033fff8    00000008     UNINITIALIZED
                  0033fff8    00000008     DSP2833x_GlobalVariableDefs.obj (CsmPwlFile)


GLOBAL DATA SYMBOLS: SORTED BY DATA PAGE

address     data page           name
--------    ----------------    ----
00000400      10 (00000400)     __stack

00000880      22 (00000880)     _DevEmuRegs

00000a80      2a (00000a80)     _FlashRegs

00000ae0      2b (00000ac0)     _CsmRegs

00000b00      2c (00000b00)     _AdcMirror
00000b20      2c (00000b00)     _XintfRegs

00000c00      30 (00000c00)     _CpuTimer0Regs
00000c08      30 (00000c00)     _CpuTimer1Regs
00000c10      30 (00000c00)     _CpuTimer2Regs

00000ce0      33 (00000cc0)     _PieCtrlRegs

00000d00      34 (00000d00)     _PieVectTable

00001000      40 (00001000)     _DmaRegs

00005000     140 (00005000)     _McbspaRegs

00005040     141 (00005040)     _McbspbRegs

00006000     180 (00006000)     _ECanaRegs

00006040     181 (00006040)     _ECanaLAMRegs

00006080     182 (00006080)     _ECanaMOTSRegs

000060c0     183 (000060c0)     _ECanaMOTORegs

00006100     184 (00006100)     _ECanaMboxes

00006200     188 (00006200)     _ECanbRegs

00006240     189 (00006240)     _ECanbLAMRegs

00006280     18a (00006280)     _ECanbMOTSRegs

000062c0     18b (000062c0)     _ECanbMOTORegs

00006300     18c (00006300)     _ECanbMboxes

00006800     1a0 (00006800)     _EPwm1Regs

00006840     1a1 (00006840)     _EPwm2Regs

00006880     1a2 (00006880)     _EPwm3Regs

000068c0     1a3 (000068c0)     _EPwm4Regs

00006900     1a4 (00006900)     _EPwm5Regs

00006940     1a5 (00006940)     _EPwm6Regs

00006a00     1a8 (00006a00)     _ECap1Regs
00006a20     1a8 (00006a00)     _ECap2Regs

00006a40     1a9 (00006a40)     _ECap3Regs
00006a60     1a9 (00006a40)     _ECap4Regs

00006a80     1aa (00006a80)     _ECap5Regs
00006aa0     1aa (00006a80)     _ECap6Regs

00006b00     1ac (00006b00)     _EQep1Regs

00006b40     1ad (00006b40)     _EQep2Regs

00006f80     1be (00006f80)     _GpioCtrlRegs

00006fc0     1bf (00006fc0)     _GpioDataRegs
00006fe0     1bf (00006fc0)     _GpioIntRegs

00007010     1c0 (00007000)     _SysCtrlRegs

00007040     1c1 (00007040)     _SpiaRegs
00007050     1c1 (00007040)     _SciaRegs
00007070     1c1 (00007040)     _XIntruptRegs

00007100     1c4 (00007100)     _AdcRegs

00007750     1dd (00007740)     _ScibRegs
00007770     1dd (00007740)     _ScicRegs

00007900     1e4 (00007900)     _I2caRegs

0000c000     300 (0000c000)     _DMABuf1

0000c400     310 (0000c400)     _CpuTimer1
0000c408     310 (0000c400)     _CpuTimer2
0000c410     310 (0000c400)     _CpuTimer0
0000c418     310 (0000c400)     _SendChar
0000c419     310 (0000c400)     _ReceivedAChar
0000c41a     310 (0000c400)     _ReceivedCount
0000c41b     310 (0000c400)     _BRRVal
0000c41c     310 (0000c400)     _ErrorCount
0000c41d     310 (0000c400)     _ReceivedBChar
0000c41e     310 (0000c400)     _Buff
0000c428     310 (0000c400)     __unlock
0000c42a     310 (0000c400)     __lock
0000c42c     310 (0000c400)     ___TI_cleanup_ptr
0000c42e     310 (0000c400)     ___TI_dtors_ptr

0000d000     340 (0000d000)     _DMABuf2

0000d400     350 (0000d400)     _PieVectTableInit

0033fff8    cfff (0033ffc0)     _CsmPwl


GLOBAL SYMBOLS: SORTED ALPHABETICALLY BY Name 

address    name
--------   ----
00009000   .text
0000a09c   C$$EXIT
000094da   _ADCINT_ISR
0000a023   _ADC_Init
00380080   _ADC_cal
00000b00   _AdcMirror
00007100   _AdcRegs
0000a0da   _BEEP_Init
0000c41b   _BRRVal
0000c41e   _Buff
00009db0   _ConfigCpuTimer
0000c410   _CpuTimer0
00000c00   _CpuTimer0Regs
0000c400   _CpuTimer1
00000c08   _CpuTimer1Regs
0000c408   _CpuTimer2
00000c10   _CpuTimer2Regs
0033fff8   _CsmPwl
00000ae0   _CsmRegs
00009b2b   _CsmUnlock
00009e76   _DAC_SetChannelData
00009408   _DATALOG_ISR
000095fc   _DINTCH1_ISR
00009606   _DINTCH2_ISR
00009610   _DINTCH3_ISR
0000961a   _DINTCH4_ISR
00009624   _DINTCH5_ISR
0000962e   _DINTCH6_ISR
0000c000   _DMABuf1
0000d000   _DMABuf2
0000900a   _DMACH1AddrConfig
0000901c   _DMACH1BurstConfig
0000904f   _DMACH1ModeConfig
0000902c   _DMACH1TransferConfig
0000903c   _DMACH1WrapConfig
00009bcc   _DMACH1_ADC_Init
00009b95   _DMACH1_Init
000090b1   _DMACH2AddrConfig
000090c3   _DMACH2BurstConfig
000090f6   _DMACH2ModeConfig
000090d3   _DMACH2TransferConfig
000090e3   _DMACH2WrapConfig
00009158   _DMACH3AddrConfig
0000916a   _DMACH3BurstConfig
0000919d   _DMACH3ModeConfig
0000917a   _DMACH3TransferConfig
0000918a   _DMACH3WrapConfig
000091ff   _DMACH4AddrConfig
00009211   _DMACH4BurstConfig
00009244   _DMACH4ModeConfig
00009221   _DMACH4TransferConfig
00009231   _DMACH4WrapConfig
000092a6   _DMACH5AddrConfig
000092b8   _DMACH5BurstConfig
000092eb   _DMACH5ModeConfig
000092c8   _DMACH5TransferConfig
000092d8   _DMACH5WrapConfig
0000934d   _DMACH6AddrConfig
0000935f   _DMACH6BurstConfig
00009392   _DMACH6ModeConfig
0000936f   _DMACH6TransferConfig
0000937f   _DMACH6WrapConfig
00009000   _DMAInitialize
0000804a   _DSP28x_usDelay
00000880   _DevEmuRegs
00009a7c   _DisableDog
00001000   _DmaRegs
00009688   _ECAN0INTA_ISR
0000969c   _ECAN0INTB_ISR
00009692   _ECAN1INTA_ISR
000096a6   _ECAN1INTB_ISR
00009570   _ECAP1_INT_ISR
0000957a   _ECAP2_INT_ISR
00009584   _ECAP3_INT_ISR
0000958e   _ECAP4_INT_ISR
00009598   _ECAP5_INT_ISR
000095a2   _ECAP6_INT_ISR
00006040   _ECanaLAMRegs
000060c0   _ECanaMOTORegs
00006080   _ECanaMOTSRegs
00006100   _ECanaMboxes
00006000   _ECanaRegs
00006240   _ECanbLAMRegs
000062c0   _ECanbMOTORegs
00006280   _ECanbMOTSRegs
00006300   _ECanbMboxes
00006200   _ECanbRegs
00006a00   _ECap1Regs
00006a20   _ECap2Regs
00006a40   _ECap3Regs
00006a60   _ECap4Regs
00006a80   _ECap5Regs
00006aa0   _ECap6Regs
000096f6   _EMPTY_ISR
0000941c   _EMUINT_ISR
00009534   _EPWM1_INT_ISR
000094f8   _EPWM1_TZINT_ISR
0000953e   _EPWM2_INT_ISR
00009502   _EPWM2_TZINT_ISR
00009548   _EPWM3_INT_ISR
0000950c   _EPWM3_TZINT_ISR
00009552   _EPWM4_INT_ISR
00009516   _EPWM4_TZINT_ISR
0000955c   _EPWM5_INT_ISR
00009520   _EPWM5_TZINT_ISR
00009566   _EPWM6_INT_ISR
0000952a   _EPWM6_TZINT_ISR
00006800   _EPwm1Regs
00006840   _EPwm2Regs
00006880   _EPwm3Regs
000068c0   _EPwm4Regs
00006900   _EPwm5Regs
00006940   _EPwm6Regs
000095ac   _EQEP1_INT_ISR
000095b6   _EQEP2_INT_ISR
00006b00   _EQep1Regs
00006b40   _EQep2Regs
0000a01a   _EnableInterrupts
0000c41c   _ErrorCount
00000a80   _FlashRegs
00006f80   _GpioCtrlRegs
00006fc0   _GpioDataRegs
00006fe0   _GpioIntRegs
00009638   _I2CINT1A_ISR
00009642   _I2CINT2A_ISR
00007900   _I2caRegs
00009430   _ILLEGAL_ISR
000093f4   _INT13_ISR
000093fe   _INT14_ISR
0000a0b5   _InitAdc
00009d6f   _InitCpuTimers
00009c1f   _InitEPwm
00009c2d   _InitEPwm1Gpio
00009c3f   _InitEPwm2Gpio
00009c51   _InitEPwm3Gpio
00009c65   _InitEPwm4Gpio
00009c79   _InitEPwm5Gpio
00009c8b   _InitEPwm6Gpio
00009c20   _InitEPwmGpio
00009c9d   _InitEPwmSyncGpio
0000802f   _InitFlash
0000a06a   _InitGpio
00009ad0   _InitPeripheralClocks
00009ffb   _InitPieCtrl
0000a04a   _InitPieVectTable
00009a84   _InitPll
00009fa0   _InitSci
00009fa1   _InitSciGpio
00009fa6   _InitSciaGpio
00009fbb   _InitScibGpio
00009fcf   _InitSpi
00009fd0   _InitSpiGpio
00009fd3   _InitSpiaGpio
00009a69   _InitSysCtrl
00009cb1   _InitTzGpio
0000996f   _InitXintf
00009a0f   _InitXintf16Gpio
000099c8   _InitXintf32Gpio
00009849   _KEY_Init
0000987b   _KEY_Scan
00009eec   _LED_Init
000096ec   _LUF_ISR
000096e2   _LVF_ISR
000095e8   _MRINTA_ISR
000095d4   _MRINTB_ISR
000095f2   _MXINTA_ISR
000095de   _MXINTB_ISR
00005000   _McbspaRegs
00005040   _McbspbRegs
00009426   _NMI_ISR
00009703   _PIE_RESERVED
00000ce0   _PieCtrlRegs
00000d00   _PieVectTable
0000d400   _PieVectTableInit
00009412   _RTOSINT_ISR
0000a041   _Read_ADCValue
0000c419   _ReceivedAChar
0000c41d   _ReceivedBChar
0000c41a   _ReceivedCount
00009660   _SCIRXINTA_ISR
00009674   _SCIRXINTB_ISR
0000964c   _SCIRXINTC_ISR
0000966a   _SCITXINTA_ISR
0000967e   _SCITXINTB_ISR
00009656   _SCITXINTC_ISR
000094b2   _SEQ1INT_ISR
000094bc   _SEQ2INT_ISR
000095c0   _SPIRXINTA_ISR
000095ca   _SPITXINTA_ISR
00007050   _SciaRegs
00007750   _ScibRegs
00007770   _ScicRegs
0000c418   _SendChar
00009a72   _ServiceDog
00007040   _SpiaRegs
000090a9   _StartDMACH1
00009150   _StartDMACH2
000091f7   _StartDMACH3
0000929e   _StartDMACH4
00009345   _StartDMACH5
000093ec   _StartDMACH6
00007010   _SysCtrlRegs
00009f2c   _TIM0_IRQn
00009cc9   _TIM0_Init
00009f49   _TIM1_IRQn
00009d03   _TIM1_Init
00009f56   _TIM2_IRQn
00009d39   _TIM2_Init
000094e4   _TINT0_ISR
00009e51   _TLV5620_Init
000097c9   _UART_AutoBaud_Test
00009717   _UARTa_Init
00009751   _UARTa_SendByte
0000975d   _UARTa_SendString
00009494   _USER10_ISR
0000949e   _USER11_ISR
000094a8   _USER12_ISR
0000943a   _USER1_ISR
00009444   _USER2_ISR
0000944e   _USER3_ISR
00009458   _USER4_ISR
00009462   _USER5_ISR
0000946c   _USER6_ISR
00009476   _USER7_ISR
00009480   _USER8_ISR
0000948a   _USER9_ISR
000094ee   _WAKEINT_ISR
000094c6   _XINT1_ISR
000094d0   _XINT2_ISR
000096b0   _XINT3_ISR
000096ba   _XINT4_ISR
000096c4   _XINT5_ISR
000096ce   _XINT6_ISR
000096d8   _XINT7_ISR
00007070   _XIntruptRegs
00000b20   _XintfRegs
00000700   __STACK_END
00000300   __STACK_SIZE
00000001   __TI_args_main
0000c42c   ___TI_cleanup_ptr
0000c42e   ___TI_dtors_ptr
ffffffff   ___binit__
ffffffff   ___c_args__
00008000   ___cinit__
0000a0fb   ___etext__
ffffffff   ___pinit__
00009000   ___text__
0000a083   __args_main
0000c42a   __lock
0000a0f2   __nop
0000a0ee   __register_lock
0000a0ea   __register_unlock
00000400   __stack
0000c428   __unlock
0000a09c   _abort
00009ea6   _c_int00
00009772   _error
0000a09e   _exit
00009b5c   _init_zone7
0000a0c9   _local_DINTCH1_ISR
00009f69   _main
0000970d   _rsvd_ISR
00009deb   _rxaint_isr
000097a4   _scia_AutobaudLock
00009779   _scia_init
00009794   _scia_xmit
00009788   _scib_init
0000979c   _scib_xmit
ffffffff   binit
00008000   cinit
00000000   code_start
0000a0fb   etext
ffffffff   pinit


GLOBAL SYMBOLS: SORTED BY Symbol Address 

address    name
--------   ----
00000000   code_start
00000001   __TI_args_main
00000300   __STACK_SIZE
00000400   __stack
00000700   __STACK_END
00000880   _DevEmuRegs
00000a80   _FlashRegs
00000ae0   _CsmRegs
00000b00   _AdcMirror
00000b20   _XintfRegs
00000c00   _CpuTimer0Regs
00000c08   _CpuTimer1Regs
00000c10   _CpuTimer2Regs
00000ce0   _PieCtrlRegs
00000d00   _PieVectTable
00001000   _DmaRegs
00005000   _McbspaRegs
00005040   _McbspbRegs
00006000   _ECanaRegs
00006040   _ECanaLAMRegs
00006080   _ECanaMOTSRegs
000060c0   _ECanaMOTORegs
00006100   _ECanaMboxes
00006200   _ECanbRegs
00006240   _ECanbLAMRegs
00006280   _ECanbMOTSRegs
000062c0   _ECanbMOTORegs
00006300   _ECanbMboxes
00006800   _EPwm1Regs
00006840   _EPwm2Regs
00006880   _EPwm3Regs
000068c0   _EPwm4Regs
00006900   _EPwm5Regs
00006940   _EPwm6Regs
00006a00   _ECap1Regs
00006a20   _ECap2Regs
00006a40   _ECap3Regs
00006a60   _ECap4Regs
00006a80   _ECap5Regs
00006aa0   _ECap6Regs
00006b00   _EQep1Regs
00006b40   _EQep2Regs
00006f80   _GpioCtrlRegs
00006fc0   _GpioDataRegs
00006fe0   _GpioIntRegs
00007010   _SysCtrlRegs
00007040   _SpiaRegs
00007050   _SciaRegs
00007070   _XIntruptRegs
00007100   _AdcRegs
00007750   _ScibRegs
00007770   _ScicRegs
00007900   _I2caRegs
00008000   ___cinit__
00008000   cinit
0000802f   _InitFlash
0000804a   _DSP28x_usDelay
00009000   .text
00009000   _DMAInitialize
00009000   ___text__
0000900a   _DMACH1AddrConfig
0000901c   _DMACH1BurstConfig
0000902c   _DMACH1TransferConfig
0000903c   _DMACH1WrapConfig
0000904f   _DMACH1ModeConfig
000090a9   _StartDMACH1
000090b1   _DMACH2AddrConfig
000090c3   _DMACH2BurstConfig
000090d3   _DMACH2TransferConfig
000090e3   _DMACH2WrapConfig
000090f6   _DMACH2ModeConfig
00009150   _StartDMACH2
00009158   _DMACH3AddrConfig
0000916a   _DMACH3BurstConfig
0000917a   _DMACH3TransferConfig
0000918a   _DMACH3WrapConfig
0000919d   _DMACH3ModeConfig
000091f7   _StartDMACH3
000091ff   _DMACH4AddrConfig
00009211   _DMACH4BurstConfig
00009221   _DMACH4TransferConfig
00009231   _DMACH4WrapConfig
00009244   _DMACH4ModeConfig
0000929e   _StartDMACH4
000092a6   _DMACH5AddrConfig
000092b8   _DMACH5BurstConfig
000092c8   _DMACH5TransferConfig
000092d8   _DMACH5WrapConfig
000092eb   _DMACH5ModeConfig
00009345   _StartDMACH5
0000934d   _DMACH6AddrConfig
0000935f   _DMACH6BurstConfig
0000936f   _DMACH6TransferConfig
0000937f   _DMACH6WrapConfig
00009392   _DMACH6ModeConfig
000093ec   _StartDMACH6
000093f4   _INT13_ISR
000093fe   _INT14_ISR
00009408   _DATALOG_ISR
00009412   _RTOSINT_ISR
0000941c   _EMUINT_ISR
00009426   _NMI_ISR
00009430   _ILLEGAL_ISR
0000943a   _USER1_ISR
00009444   _USER2_ISR
0000944e   _USER3_ISR
00009458   _USER4_ISR
00009462   _USER5_ISR
0000946c   _USER6_ISR
00009476   _USER7_ISR
00009480   _USER8_ISR
0000948a   _USER9_ISR
00009494   _USER10_ISR
0000949e   _USER11_ISR
000094a8   _USER12_ISR
000094b2   _SEQ1INT_ISR
000094bc   _SEQ2INT_ISR
000094c6   _XINT1_ISR
000094d0   _XINT2_ISR
000094da   _ADCINT_ISR
000094e4   _TINT0_ISR
000094ee   _WAKEINT_ISR
000094f8   _EPWM1_TZINT_ISR
00009502   _EPWM2_TZINT_ISR
0000950c   _EPWM3_TZINT_ISR
00009516   _EPWM4_TZINT_ISR
00009520   _EPWM5_TZINT_ISR
0000952a   _EPWM6_TZINT_ISR
00009534   _EPWM1_INT_ISR
0000953e   _EPWM2_INT_ISR
00009548   _EPWM3_INT_ISR
00009552   _EPWM4_INT_ISR
0000955c   _EPWM5_INT_ISR
00009566   _EPWM6_INT_ISR
00009570   _ECAP1_INT_ISR
0000957a   _ECAP2_INT_ISR
00009584   _ECAP3_INT_ISR
0000958e   _ECAP4_INT_ISR
00009598   _ECAP5_INT_ISR
000095a2   _ECAP6_INT_ISR
000095ac   _EQEP1_INT_ISR
000095b6   _EQEP2_INT_ISR
000095c0   _SPIRXINTA_ISR
000095ca   _SPITXINTA_ISR
000095d4   _MRINTB_ISR
000095de   _MXINTB_ISR
000095e8   _MRINTA_ISR
000095f2   _MXINTA_ISR
000095fc   _DINTCH1_ISR
00009606   _DINTCH2_ISR
00009610   _DINTCH3_ISR
0000961a   _DINTCH4_ISR
00009624   _DINTCH5_ISR
0000962e   _DINTCH6_ISR
00009638   _I2CINT1A_ISR
00009642   _I2CINT2A_ISR
0000964c   _SCIRXINTC_ISR
00009656   _SCITXINTC_ISR
00009660   _SCIRXINTA_ISR
0000966a   _SCITXINTA_ISR
00009674   _SCIRXINTB_ISR
0000967e   _SCITXINTB_ISR
00009688   _ECAN0INTA_ISR
00009692   _ECAN1INTA_ISR
0000969c   _ECAN0INTB_ISR
000096a6   _ECAN1INTB_ISR
000096b0   _XINT3_ISR
000096ba   _XINT4_ISR
000096c4   _XINT5_ISR
000096ce   _XINT6_ISR
000096d8   _XINT7_ISR
000096e2   _LVF_ISR
000096ec   _LUF_ISR
000096f6   _EMPTY_ISR
00009703   _PIE_RESERVED
0000970d   _rsvd_ISR
00009717   _UARTa_Init
00009751   _UARTa_SendByte
0000975d   _UARTa_SendString
00009772   _error
00009779   _scia_init
00009788   _scib_init
00009794   _scia_xmit
0000979c   _scib_xmit
000097a4   _scia_AutobaudLock
000097c9   _UART_AutoBaud_Test
00009849   _KEY_Init
0000987b   _KEY_Scan
0000996f   _InitXintf
000099c8   _InitXintf32Gpio
00009a0f   _InitXintf16Gpio
00009a69   _InitSysCtrl
00009a72   _ServiceDog
00009a7c   _DisableDog
00009a84   _InitPll
00009ad0   _InitPeripheralClocks
00009b2b   _CsmUnlock
00009b5c   _init_zone7
00009b95   _DMACH1_Init
00009bcc   _DMACH1_ADC_Init
00009c1f   _InitEPwm
00009c20   _InitEPwmGpio
00009c2d   _InitEPwm1Gpio
00009c3f   _InitEPwm2Gpio
00009c51   _InitEPwm3Gpio
00009c65   _InitEPwm4Gpio
00009c79   _InitEPwm5Gpio
00009c8b   _InitEPwm6Gpio
00009c9d   _InitEPwmSyncGpio
00009cb1   _InitTzGpio
00009cc9   _TIM0_Init
00009d03   _TIM1_Init
00009d39   _TIM2_Init
00009d6f   _InitCpuTimers
00009db0   _ConfigCpuTimer
00009deb   _rxaint_isr
00009e51   _TLV5620_Init
00009e76   _DAC_SetChannelData
00009ea6   _c_int00
00009eec   _LED_Init
00009f2c   _TIM0_IRQn
00009f49   _TIM1_IRQn
00009f56   _TIM2_IRQn
00009f69   _main
00009fa0   _InitSci
00009fa1   _InitSciGpio
00009fa6   _InitSciaGpio
00009fbb   _InitScibGpio
00009fcf   _InitSpi
00009fd0   _InitSpiGpio
00009fd3   _InitSpiaGpio
00009ffb   _InitPieCtrl
0000a01a   _EnableInterrupts
0000a023   _ADC_Init
0000a041   _Read_ADCValue
0000a04a   _InitPieVectTable
0000a06a   _InitGpio
0000a083   __args_main
0000a09c   C$$EXIT
0000a09c   _abort
0000a09e   _exit
0000a0b5   _InitAdc
0000a0c9   _local_DINTCH1_ISR
0000a0da   _BEEP_Init
0000a0ea   __register_unlock
0000a0ee   __register_lock
0000a0f2   __nop
0000a0fb   ___etext__
0000a0fb   etext
0000c000   _DMABuf1
0000c400   _CpuTimer1
0000c408   _CpuTimer2
0000c410   _CpuTimer0
0000c418   _SendChar
0000c419   _ReceivedAChar
0000c41a   _ReceivedCount
0000c41b   _BRRVal
0000c41c   _ErrorCount
0000c41d   _ReceivedBChar
0000c41e   _Buff
0000c428   __unlock
0000c42a   __lock
0000c42c   ___TI_cleanup_ptr
0000c42e   ___TI_dtors_ptr
0000d000   _DMABuf2
0000d400   _PieVectTableInit
0033fff8   _CsmPwl
00380080   _ADC_cal
ffffffff   ___binit__
ffffffff   ___c_args__
ffffffff   ___pinit__
ffffffff   binit
ffffffff   pinit

[273 symbols]
