******************************************************************************
             TMS320C2000 Linker PC v6.2.0                      
******************************************************************************
>> Linked Sat Apr 14 11:12:15 2018

OUTPUT FILE NAME:   <Example28_DSP2833x_SPI_8seg.out>
ENTRY POINT SYMBOL: "_c_int00"  address: 0000a15d


MEMORY CONFIGURATION

         name            origin    length      used     unused   attr    fill
----------------------  --------  ---------  --------  --------  ----  --------
PAGE 0:
  BEGIN                 00000000   00000002  00000002  00000000  RWIX
  RAMM0                 00000050   000003b0  00000000  000003b0  RWIX
  RAML0                 00008000   00001000  00000081  00000f7f  RWIX
  RAML1                 00009000   00002000  000013c2  00000c3e  RWIX
  RAML2                 0000b000   00001000  00000000  00001000  RWIX
  RAML3                 0000c000   00001000  00000000  00001000  RWIX
  ZONE7A                00200000   0000fc00  00000000  0000fc00  RWIX
  CSM_RSVD              0033ff80   00000076  00000000  00000076  RWIX
  CSM_PWL               0033fff8   00000008  00000000  00000008  RWIX
  ADC_CAL               00380080   00000009  00000007  00000002  RWIX
  IQTABLES              003fe000   00000b50  00000000  00000b50  RWIX
  IQTABLES2             003feb50   0000008c  00000000  0000008c  RWIX
  FPUTABLES             003febdc   000006a0  00000000  000006a0  RWIX
  BOOTROM               003ff27c   00000d44  00000000  00000d44  RWIX
  RESET                 003fffc0   00000002  00000000  00000002  RWIX

PAGE 1:
  BOOT_RSVD             00000002   0000004e  00000000  0000004e  RWIX
  RAMM1                 00000400   00000400  00000300  00000100  RWIX
  DEV_EMU               00000880   00000180  000000d0  000000b0  RWIX
  FLASH_REGS            00000a80   00000060  00000008  00000058  RWIX
  CSM                   00000ae0   00000010  00000010  00000000  RWIX
  ADC_MIRROR            00000b00   00000010  00000010  00000000  RWIX
  XINTF                 00000b20   00000020  0000001e  00000002  RWIX
  CPU_TIMER0            00000c00   00000008  00000008  00000000  RWIX
  CPU_TIMER1            00000c08   00000008  00000008  00000000  RWIX
  CPU_TIMER2            00000c10   00000008  00000008  00000000  RWIX
  PIE_CTRL              00000ce0   00000020  0000001a  00000006  RWIX
  PIE_VECT              00000d00   00000100  00000100  00000000  RWIX
  DMA                   00001000   00000200  000000e0  00000120  RWIX
  MCBSPA                00005000   00000040  00000025  0000001b  RWIX
  MCBSPB                00005040   00000040  00000025  0000001b  RWIX
  ECANA                 00006000   00000040  00000034  0000000c  RWIX
  ECANA_LAM             00006040   00000040  00000040  00000000  RWIX
  ECANA_MOTS            00006080   00000040  00000040  00000000  RWIX
  ECANA_MOTO            000060c0   00000040  00000040  00000000  RWIX
  ECANA_MBOX            00006100   00000100  00000100  00000000  RWIX
  ECANB                 00006200   00000040  00000034  0000000c  RWIX
  ECANB_LAM             00006240   00000040  00000040  00000000  RWIX
  ECANB_MOTS            00006280   00000040  00000040  00000000  RWIX
  ECANB_MOTO            000062c0   00000040  00000040  00000000  RWIX
  ECANB_MBOX            00006300   00000100  00000100  00000000  RWIX
  EPWM1                 00006800   00000022  00000022  00000000  RWIX
  EPWM2                 00006840   00000022  00000022  00000000  RWIX
  EPWM3                 00006880   00000022  00000022  00000000  RWIX
  EPWM4                 000068c0   00000022  00000022  00000000  RWIX
  EPWM5                 00006900   00000022  00000022  00000000  RWIX
  EPWM6                 00006940   00000022  00000022  00000000  RWIX
  ECAP1                 00006a00   00000020  00000020  00000000  RWIX
  ECAP2                 00006a20   00000020  00000020  00000000  RWIX
  ECAP3                 00006a40   00000020  00000020  00000000  RWIX
  ECAP4                 00006a60   00000020  00000020  00000000  RWIX
  ECAP5                 00006a80   00000020  00000020  00000000  RWIX
  ECAP6                 00006aa0   00000020  00000020  00000000  RWIX
  EQEP1                 00006b00   00000040  00000040  00000000  RWIX
  EQEP2                 00006b40   00000040  00000040  00000000  RWIX
  GPIOCTRL              00006f80   00000040  0000002e  00000012  RWIX
  GPIODAT               00006fc0   00000020  00000020  00000000  RWIX
  GPIOINT               00006fe0   00000020  0000000a  00000016  RWIX
  SYSTEM                00007010   00000020  00000020  00000000  RWIX
  SPIA                  00007040   00000010  00000010  00000000  RWIX
  SCIA                  00007050   00000010  00000010  00000000  RWIX
  XINTRUPT              00007070   00000010  00000010  00000000  RWIX
  ADC                   00007100   00000020  0000001e  00000002  RWIX
  SCIB                  00007750   00000010  00000010  00000000  RWIX
  SCIC                  00007770   00000010  00000010  00000000  RWIX
  I2CA                  00007900   00000040  00000022  0000001e  RWIX
  RAML4                 0000c000   00001000  0000006c  00000f94  RWIX
  RAML5                 0000d000   00001000  00000100  00000f00  RWIX
  RAML6                 0000e000   00001000  00000000  00001000  RWIX
  RAML7                 0000f000   00001000  00000000  00001000  RWIX
  ZONE7B                0020fc00   00000400  00000000  00000400  RWIX
  CSM_PWL               0033fff8   00000008  00000008  00000000  RWIX


SECTION ALLOCATION MAP

 output                                  attributes/
section   page    origin      length       input sections
--------  ----  ----------  ----------   ----------------
codestart 
*          0    00000000    00000002     
                  00000000    00000002     DSP2833x_CodeStartBranch.obj (codestart)

.pinit     0    00008000    00000000     UNINITIALIZED

.cinit     0    00008000    00000062     
                  00008000    00000013     smg.obj (.cinit)
                  00008013    0000000d     uart.obj (.cinit)
                  00008020    0000000c     dc_motor.obj (.cinit)
                  0000802c    0000000c     key.obj (.cinit)
                  00008038    0000000a     rts2800_fpu32.lib : _lock.obj (.cinit)
                  00008042    0000000a                       : exit.obj (.cinit)
                  0000804c    00000008     adc.obj (.cinit)
                  00008054    00000008     main.obj (.cinit)
                  0000805c    00000004     time.obj (.cinit)
                  00008060    00000002     --HOLE-- [fill = 0]

ramfuncs   0    00008062    0000001f     
                  00008062    0000001b     DSP2833x_SysCtrl.obj (ramfuncs)
                  0000807d    00000004     DSP2833x_usDelay.obj (ramfuncs)

.text      0    00009000    000013c2     
                  00009000    00000348     smg.obj (.text)
                  00009348    00000323     DSP2833x_DefaultIsr.obj (.text:retain)
                  0000966b    00000132     uart.obj (.text)
                  0000979d    00000126     key.obj (.text)
                  000098c3    000000fc     epwm.obj (.text)
                  000099bf    000000f3     DSP2833x_SysCtrl.obj (.text)
                  00009ab2    000000cd     adc.obj (.text)
                  00009b7f    000000ab     spi.obj (.text:retain)
                  00009c2a    000000aa     DSP2833x_EPwm.obj (.text)
                  00009cd4    000000a6     time.obj (.text)
                  00009d7a    0000008b     dc_motor.obj (.text:retain)
                  00009e05    0000007e     dc_motor.obj (.text)
                  00009e83    0000007c     DSP2833x_CpuTimers.obj (.text)
                  00009eff    0000007a     spi.obj (.text)
                  00009f79    0000006f     exti.obj (.text)
                  00009fe8    0000006d     secwatch.obj (.text)
                  0000a055    00000066     uart.obj (.text:retain)
                  0000a0bb    00000052     time.obj (.text:retain)
                  0000a10d    00000050     exti.obj (.text:retain)
                  0000a15d    00000046     rts2800_fpu32.lib : boot.obj (.text)
                  0000a1a3    00000040     leds.obj (.text)
                  0000a1e3    00000038     main.obj (.text)
                  0000a21b    00000030     adc.obj (.text:retain)
                  0000a24b    0000002f     DSP2833x_Sci.obj (.text)
                  0000a27a    0000002c     DSP2833x_Spi.obj (.text)
                  0000a2a6    00000028     DSP2833x_PieCtrl.obj (.text)
                  0000a2ce    00000020     DSP2833x_PieVect.obj (.text)
                  0000a2ee    00000020     step_motor.obj (.text)
                  0000a30e    00000019     DSP2833x_Gpio.obj (.text)
                  0000a327    00000019     epwm.obj (.text:retain)
                  0000a340    00000019     rts2800_fpu32.lib : args_main.obj (.text)
                  0000a359    00000019                       : exit.obj (.text)
                  0000a372    00000014     DSP2833x_Adc.obj (.text)
                  0000a386    00000010     beep.obj (.text)
                  0000a396    00000010     relay.obj (.text)
                  0000a3a6    0000000b     rts2800_fpu32.lib : u_div.obj (.text)
                  0000a3b1    00000009                       : _lock.obj (.text)
                  0000a3ba    00000008     DSP2833x_CodeStartBranch.obj (.text)

csm_rsvd   0    0033ff80    00000000     DSECT

csmpasswds 
*          0    0033fff8    00000000     DSECT

.adc_cal   0    00380080    00000007     NOLOAD SECTION
                  00380080    00000007     DSP2833x_ADC_cal.obj (.adc_cal)

.reset     0    003fffc0    00000002     DSECT
                  003fffc0    00000002     rts2800_fpu32.lib : boot.obj (.reset)

.stack     1    00000400    00000300     UNINITIALIZED
                  00000400    00000300     --HOLE--

DevEmuRegsFile 
*          1    00000880    000000d0     UNINITIALIZED
                  00000880    000000d0     DSP2833x_GlobalVariableDefs.obj (DevEmuRegsFile)

FlashRegsFile 
*          1    00000a80    00000008     UNINITIALIZED
                  00000a80    00000008     DSP2833x_GlobalVariableDefs.obj (FlashRegsFile)

CsmRegsFile 
*          1    00000ae0    00000010     UNINITIALIZED
                  00000ae0    00000010     DSP2833x_GlobalVariableDefs.obj (CsmRegsFile)

AdcMirrorFile 
*          1    00000b00    00000010     UNINITIALIZED
                  00000b00    00000010     DSP2833x_GlobalVariableDefs.obj (AdcMirrorFile)

XintfRegsFile 
*          1    00000b20    0000001e     UNINITIALIZED
                  00000b20    0000001e     DSP2833x_GlobalVariableDefs.obj (XintfRegsFile)

CpuTimer0RegsFile 
*          1    00000c00    00000008     UNINITIALIZED
                  00000c00    00000008     DSP2833x_GlobalVariableDefs.obj (CpuTimer0RegsFile)

CpuTimer1RegsFile 
*          1    00000c08    00000008     UNINITIALIZED
                  00000c08    00000008     DSP2833x_GlobalVariableDefs.obj (CpuTimer1RegsFile)

CpuTimer2RegsFile 
*          1    00000c10    00000008     UNINITIALIZED
                  00000c10    00000008     DSP2833x_GlobalVariableDefs.obj (CpuTimer2RegsFile)

PieCtrlRegsFile 
*          1    00000ce0    0000001a     UNINITIALIZED
                  00000ce0    0000001a     DSP2833x_GlobalVariableDefs.obj (PieCtrlRegsFile)

PieVectTableFile 
*          1    00000d00    00000100     UNINITIALIZED
                  00000d00    00000100     DSP2833x_GlobalVariableDefs.obj (PieVectTableFile)

DmaRegsFile 
*          1    00001000    000000e0     UNINITIALIZED
                  00001000    000000e0     DSP2833x_GlobalVariableDefs.obj (DmaRegsFile)

McbspaRegsFile 
*          1    00005000    00000025     UNINITIALIZED
                  00005000    00000025     DSP2833x_GlobalVariableDefs.obj (McbspaRegsFile)

McbspbRegsFile 
*          1    00005040    00000025     UNINITIALIZED
                  00005040    00000025     DSP2833x_GlobalVariableDefs.obj (McbspbRegsFile)

ECanaRegsFile 
*          1    00006000    00000034     UNINITIALIZED
                  00006000    00000034     DSP2833x_GlobalVariableDefs.obj (ECanaRegsFile)

ECanaLAMRegsFile 
*          1    00006040    00000040     UNINITIALIZED
                  00006040    00000040     DSP2833x_GlobalVariableDefs.obj (ECanaLAMRegsFile)

ECanaMOTSRegsFile 
*          1    00006080    00000040     UNINITIALIZED
                  00006080    00000040     DSP2833x_GlobalVariableDefs.obj (ECanaMOTSRegsFile)

ECanaMOTORegsFile 
*          1    000060c0    00000040     UNINITIALIZED
                  000060c0    00000040     DSP2833x_GlobalVariableDefs.obj (ECanaMOTORegsFile)

ECanaMboxesFile 
*          1    00006100    00000100     UNINITIALIZED
                  00006100    00000100     DSP2833x_GlobalVariableDefs.obj (ECanaMboxesFile)

ECanbRegsFile 
*          1    00006200    00000034     UNINITIALIZED
                  00006200    00000034     DSP2833x_GlobalVariableDefs.obj (ECanbRegsFile)

ECanbLAMRegsFile 
*          1    00006240    00000040     UNINITIALIZED
                  00006240    00000040     DSP2833x_GlobalVariableDefs.obj (ECanbLAMRegsFile)

ECanbMOTSRegsFile 
*          1    00006280    00000040     UNINITIALIZED
                  00006280    00000040     DSP2833x_GlobalVariableDefs.obj (ECanbMOTSRegsFile)

ECanbMOTORegsFile 
*          1    000062c0    00000040     UNINITIALIZED
                  000062c0    00000040     DSP2833x_GlobalVariableDefs.obj (ECanbMOTORegsFile)

ECanbMboxesFile 
*          1    00006300    00000100     UNINITIALIZED
                  00006300    00000100     DSP2833x_GlobalVariableDefs.obj (ECanbMboxesFile)

EPwm1RegsFile 
*          1    00006800    00000022     UNINITIALIZED
                  00006800    00000022     DSP2833x_GlobalVariableDefs.obj (EPwm1RegsFile)

EPwm2RegsFile 
*          1    00006840    00000022     UNINITIALIZED
                  00006840    00000022     DSP2833x_GlobalVariableDefs.obj (EPwm2RegsFile)

EPwm3RegsFile 
*          1    00006880    00000022     UNINITIALIZED
                  00006880    00000022     DSP2833x_GlobalVariableDefs.obj (EPwm3RegsFile)

EPwm4RegsFile 
*          1    000068c0    00000022     UNINITIALIZED
                  000068c0    00000022     DSP2833x_GlobalVariableDefs.obj (EPwm4RegsFile)

EPwm5RegsFile 
*          1    00006900    00000022     UNINITIALIZED
                  00006900    00000022     DSP2833x_GlobalVariableDefs.obj (EPwm5RegsFile)

EPwm6RegsFile 
*          1    00006940    00000022     UNINITIALIZED
                  00006940    00000022     DSP2833x_GlobalVariableDefs.obj (EPwm6RegsFile)

ECap1RegsFile 
*          1    00006a00    00000020     UNINITIALIZED
                  00006a00    00000020     DSP2833x_GlobalVariableDefs.obj (ECap1RegsFile)

ECap2RegsFile 
*          1    00006a20    00000020     UNINITIALIZED
                  00006a20    00000020     DSP2833x_GlobalVariableDefs.obj (ECap2RegsFile)

ECap3RegsFile 
*          1    00006a40    00000020     UNINITIALIZED
                  00006a40    00000020     DSP2833x_GlobalVariableDefs.obj (ECap3RegsFile)

ECap4RegsFile 
*          1    00006a60    00000020     UNINITIALIZED
                  00006a60    00000020     DSP2833x_GlobalVariableDefs.obj (ECap4RegsFile)

ECap5RegsFile 
*          1    00006a80    00000020     UNINITIALIZED
                  00006a80    00000020     DSP2833x_GlobalVariableDefs.obj (ECap5RegsFile)

ECap6RegsFile 
*          1    00006aa0    00000020     UNINITIALIZED
                  00006aa0    00000020     DSP2833x_GlobalVariableDefs.obj (ECap6RegsFile)

EQep1RegsFile 
*          1    00006b00    00000040     UNINITIALIZED
                  00006b00    00000040     DSP2833x_GlobalVariableDefs.obj (EQep1RegsFile)

EQep2RegsFile 
*          1    00006b40    00000040     UNINITIALIZED
                  00006b40    00000040     DSP2833x_GlobalVariableDefs.obj (EQep2RegsFile)

GpioCtrlRegsFile 
*          1    00006f80    0000002e     UNINITIALIZED
                  00006f80    0000002e     DSP2833x_GlobalVariableDefs.obj (GpioCtrlRegsFile)

GpioDataRegsFile 
*          1    00006fc0    00000020     UNINITIALIZED
                  00006fc0    00000020     DSP2833x_GlobalVariableDefs.obj (GpioDataRegsFile)

GpioIntRegsFile 
*          1    00006fe0    0000000a     UNINITIALIZED
                  00006fe0    0000000a     DSP2833x_GlobalVariableDefs.obj (GpioIntRegsFile)

SysCtrlRegsFile 
*          1    00007010    00000020     UNINITIALIZED
                  00007010    00000020     DSP2833x_GlobalVariableDefs.obj (SysCtrlRegsFile)

SpiaRegsFile 
*          1    00007040    00000010     UNINITIALIZED
                  00007040    00000010     DSP2833x_GlobalVariableDefs.obj (SpiaRegsFile)

SciaRegsFile 
*          1    00007050    00000010     UNINITIALIZED
                  00007050    00000010     DSP2833x_GlobalVariableDefs.obj (SciaRegsFile)

XIntruptRegsFile 
*          1    00007070    00000010     UNINITIALIZED
                  00007070    00000010     DSP2833x_GlobalVariableDefs.obj (XIntruptRegsFile)

AdcRegsFile 
*          1    00007100    0000001e     UNINITIALIZED
                  00007100    0000001e     DSP2833x_GlobalVariableDefs.obj (AdcRegsFile)

ScibRegsFile 
*          1    00007750    00000010     UNINITIALIZED
                  00007750    00000010     DSP2833x_GlobalVariableDefs.obj (ScibRegsFile)

ScicRegsFile 
*          1    00007770    00000010     UNINITIALIZED
                  00007770    00000010     DSP2833x_GlobalVariableDefs.obj (ScicRegsFile)

I2caRegsFile 
*          1    00007900    00000022     UNINITIALIZED
                  00007900    00000022     DSP2833x_GlobalVariableDefs.obj (I2caRegsFile)

.ebss      1    0000c000    0000006c     UNINITIALIZED
                  0000c000    00000018     DSP2833x_CpuTimers.obj (.ebss)
                  0000c018    00000012     spi.obj (.ebss)
                  0000c02a    00000011     adc.obj (.ebss)
                  0000c03b    00000001     time.obj (.ebss)
                  0000c03c    00000004     rts2800_fpu32.lib : _lock.obj (.ebss)
                  0000c040    00000010     smg.obj (.ebss)
                  0000c050    00000010     uart.obj (.ebss)
                  0000c060    00000004     rts2800_fpu32.lib : exit.obj (.ebss)
                  0000c064    00000003     dc_motor.obj (.ebss)
                  0000c067    00000003     key.obj (.ebss)
                  0000c06a    00000002     main.obj (.ebss)

.econst    1    0000d000    00000100     
                  0000d000    00000100     DSP2833x_PieVect.obj (.econst)

CsmPwlFile 
*          1    0033fff8    00000008     UNINITIALIZED
                  0033fff8    00000008     DSP2833x_GlobalVariableDefs.obj (CsmPwlFile)


GLOBAL DATA SYMBOLS: SORTED BY DATA PAGE

address     data page           name
--------    ----------------    ----
00000400      10 (00000400)     __stack

00000880      22 (00000880)     _DevEmuRegs

00000a80      2a (00000a80)     _FlashRegs

00000ae0      2b (00000ac0)     _CsmRegs

00000b00      2c (00000b00)     _AdcMirror
00000b20      2c (00000b00)     _XintfRegs

00000c00      30 (00000c00)     _CpuTimer0Regs
00000c08      30 (00000c00)     _CpuTimer1Regs
00000c10      30 (00000c00)     _CpuTimer2Regs

00000ce0      33 (00000cc0)     _PieCtrlRegs

00000d00      34 (00000d00)     _PieVectTable

00001000      40 (00001000)     _DmaRegs

00005000     140 (00005000)     _McbspaRegs

00005040     141 (00005040)     _McbspbRegs

00006000     180 (00006000)     _ECanaRegs

00006040     181 (00006040)     _ECanaLAMRegs

00006080     182 (00006080)     _ECanaMOTSRegs

000060c0     183 (000060c0)     _ECanaMOTORegs

00006100     184 (00006100)     _ECanaMboxes

00006200     188 (00006200)     _ECanbRegs

00006240     189 (00006240)     _ECanbLAMRegs

00006280     18a (00006280)     _ECanbMOTSRegs

000062c0     18b (000062c0)     _ECanbMOTORegs

00006300     18c (00006300)     _ECanbMboxes

00006800     1a0 (00006800)     _EPwm1Regs

00006840     1a1 (00006840)     _EPwm2Regs

00006880     1a2 (00006880)     _EPwm3Regs

000068c0     1a3 (000068c0)     _EPwm4Regs

00006900     1a4 (00006900)     _EPwm5Regs

00006940     1a5 (00006940)     _EPwm6Regs

00006a00     1a8 (00006a00)     _ECap1Regs
00006a20     1a8 (00006a00)     _ECap2Regs

00006a40     1a9 (00006a40)     _ECap3Regs
00006a60     1a9 (00006a40)     _ECap4Regs

00006a80     1aa (00006a80)     _ECap5Regs
00006aa0     1aa (00006a80)     _ECap6Regs

00006b00     1ac (00006b00)     _EQep1Regs

00006b40     1ad (00006b40)     _EQep2Regs

00006f80     1be (00006f80)     _GpioCtrlRegs

00006fc0     1bf (00006fc0)     _GpioDataRegs
00006fe0     1bf (00006fc0)     _GpioIntRegs

00007010     1c0 (00007000)     _SysCtrlRegs

00007040     1c1 (00007040)     _SpiaRegs
00007050     1c1 (00007040)     _SciaRegs
00007070     1c1 (00007040)     _XIntruptRegs

00007100     1c4 (00007100)     _AdcRegs

00007750     1dd (00007740)     _ScibRegs
00007770     1dd (00007740)     _ScicRegs

00007900     1e4 (00007900)     _I2caRegs

0000c000     300 (0000c000)     _CpuTimer1
0000c008     300 (0000c000)     _CpuTimer2
0000c010     300 (0000c000)     _CpuTimer0
0000c018     300 (0000c000)     _errcounter
0000c019     300 (0000c000)     _rdata_point
0000c01a     300 (0000c000)     _sdata
0000c022     300 (0000c000)     _rdata
0000c02b     300 (0000c000)     _SampleTable
0000c03c     300 (0000c000)     __unlock
0000c03e     300 (0000c000)     __lock

0000c040     301 (0000c040)     _smgduan
0000c050     301 (0000c040)     _SendChar
0000c051     301 (0000c040)     _ReceivedAChar
0000c052     301 (0000c040)     _ReceivedCount
0000c053     301 (0000c040)     _BRRVal
0000c054     301 (0000c040)     _ErrorCount
0000c055     301 (0000c040)     _ReceivedBChar
0000c056     301 (0000c040)     _Buff
0000c060     301 (0000c040)     ___TI_cleanup_ptr
0000c062     301 (0000c040)     ___TI_dtors_ptr
0000c064     301 (0000c040)     _pwm_stepValue
0000c066     301 (0000c040)     _Direction
0000c06a     301 (0000c040)     _sec
0000c06b     301 (0000c040)     _mms

0000d000     340 (0000d000)     _PieVectTableInit

0033fff8    cfff (0033ffc0)     _CsmPwl


GLOBAL SYMBOLS: SORTED ALPHABETICALLY BY Name 

address    name
--------   ----
00009000   .text
0000a359   C$$EXIT
0000a3a6   U$$DIV
0000a3ab   U$$MOD
0000942e   _ADCINT_ISR
00009ab2   _ADC_Init
00380080   _ADC_cal
00000b00   _AdcMirror
00007100   _AdcRegs
0000a386   _BEEP_Init
0000c053   _BRRVal
0000c056   _Buff
00009ec4   _ConfigCpuTimer
0000c010   _CpuTimer0
00000c00   _CpuTimer0Regs
0000c000   _CpuTimer1
00000c08   _CpuTimer1Regs
0000c008   _CpuTimer2
00000c10   _CpuTimer2Regs
0033fff8   _CsmPwl
00000ae0   _CsmRegs
00009a81   _CsmUnlock
0000935c   _DATALOG_ISR
00009e25   _DCMotor_ePWM2_Init
00009e05   _DC_Motor_Init
00009550   _DINTCH1_ISR
0000955a   _DINTCH2_ISR
00009564   _DINTCH3_ISR
0000956e   _DINTCH4_ISR
00009578   _DINTCH5_ISR
00009582   _DINTCH6_ISR
0000807d   _DSP28x_usDelay
00000880   _DevEmuRegs
0000c066   _Direction
000099d2   _DisableDog
00001000   _DmaRegs
000095dc   _ECAN0INTA_ISR
000095f0   _ECAN0INTB_ISR
000095e6   _ECAN1INTA_ISR
000095fa   _ECAN1INTB_ISR
000094c4   _ECAP1_INT_ISR
000094ce   _ECAP2_INT_ISR
000094d8   _ECAP3_INT_ISR
000094e2   _ECAP4_INT_ISR
000094ec   _ECAP5_INT_ISR
000094f6   _ECAP6_INT_ISR
00006040   _ECanaLAMRegs
000060c0   _ECanaMOTORegs
00006080   _ECanaMOTSRegs
00006100   _ECanaMboxes
00006000   _ECanaRegs
00006240   _ECanbLAMRegs
000062c0   _ECanbMOTORegs
00006280   _ECanbMOTSRegs
00006300   _ECanbMboxes
00006200   _ECanbRegs
00006a00   _ECap1Regs
00006a20   _ECap2Regs
00006a40   _ECap3Regs
00006a60   _ECap4Regs
00006a80   _ECap5Regs
00006aa0   _ECap6Regs
0000964a   _EMPTY_ISR
00009370   _EMUINT_ISR
00009488   _EPWM1_INT_ISR
000098c3   _EPWM1_Init
0000944c   _EPWM1_TZINT_ISR
00009492   _EPWM2_INT_ISR
00009456   _EPWM2_TZINT_ISR
0000949c   _EPWM3_INT_ISR
00009460   _EPWM3_TZINT_ISR
000094a6   _EPWM4_INT_ISR
0000946a   _EPWM4_TZINT_ISR
000094b0   _EPWM5_INT_ISR
00009474   _EPWM5_TZINT_ISR
000094ba   _EPWM6_INT_ISR
00009960   _EPWM6_Init
0000947e   _EPWM6_TZINT_ISR
00009952   _EPwm1A_SetCompare
00009959   _EPwm1B_SetCompare
00006800   _EPwm1Regs
00006840   _EPwm2Regs
00006880   _EPwm3Regs
000068c0   _EPwm4Regs
00006900   _EPwm5Regs
000099b1   _EPwm6A_SetCompare
000099b8   _EPwm6B_SetCompare
00006940   _EPwm6Regs
00009500   _EQEP1_INT_ISR
0000950a   _EQEP2_INT_ISR
00006b00   _EQep1Regs
00006b40   _EQep2Regs
0000a10d   _EXTI1_IRQn
00009f79   _EXTI1_Init
0000a135   _EXTI2_IRQn
00009fae   _EXTI2_Init
0000a2c5   _EnableInterrupts
0000c054   _ErrorCount
00000a80   _FlashRegs
00006f80   _GpioCtrlRegs
00006fc0   _GpioDataRegs
00006fe0   _GpioIntRegs
00009034   _HC164SendData
0000958c   _I2CINT1A_ISR
00009596   _I2CINT2A_ISR
00007900   _I2caRegs
00009384   _ILLEGAL_ISR
00009348   _INT13_ISR
00009352   _INT14_ISR
0000a372   _InitAdc
00009e83   _InitCpuTimers
00009c2a   _InitEPwm
00009c38   _InitEPwm1Gpio
00009c4a   _InitEPwm2Gpio
00009c5c   _InitEPwm3Gpio
00009c70   _InitEPwm4Gpio
00009c84   _InitEPwm5Gpio
00009c96   _InitEPwm6Gpio
00009c2b   _InitEPwmGpio
00009ca8   _InitEPwmSyncGpio
00008062   _InitFlash
0000a30e   _InitGpio
00009a26   _InitPeripheralClocks
0000a2a6   _InitPieCtrl
0000a2ce   _InitPieVectTable
000099da   _InitPll
0000a24b   _InitSci
0000a24c   _InitSciGpio
0000a251   _InitSciaGpio
0000a266   _InitScibGpio
0000a27a   _InitSpi
0000a27b   _InitSpiGpio
0000a27e   _InitSpiaGpio
000099bf   _InitSysCtrl
00009cbc   _InitTzGpio
0000979d   _KEY_Init
000097cf   _KEY_Scan
0000a1a3   _LED_Init
00009640   _LUF_ISR
00009636   _LVF_ISR
0000953c   _MRINTA_ISR
00009528   _MRINTB_ISR
00009546   _MXINTA_ISR
00009532   _MXINTB_ISR
00005000   _McbspaRegs
00005040   _McbspbRegs
0000937a   _NMI_ISR
00009657   _PIE_RESERVED
00000ce0   _PieCtrlRegs
00000d00   _PieVectTable
0000d000   _PieVectTableInit
00009366   _RTOSINT_ISR
00009afa   _Read_ADC_CH0_Value
00009b03   _Read_ADC_SEQ1_Value_OVD
0000c051   _ReceivedAChar
0000c055   _ReceivedBChar
0000c052   _ReceivedCount
0000a396   _Relay_Init
000095b4   _SCIRXINTA_ISR
000095c8   _SCIRXINTB_ISR
000095a0   _SCIRXINTC_ISR
000095be   _SCITXINTA_ISR
000095d2   _SCITXINTB_ISR
000095aa   _SCITXINTC_ISR
00009fe8   _SECWatch_Display
00009406   _SEQ1INT_ISR
00009410   _SEQ2INT_ISR
000091b6   _SMGBitSelectionGPIO_Init
00009258   _SMGSPIA_DisplayFloat
000091e3   _SMGSPIA_DisplayInt
000091de   _SMGSPIA_Init
000090c6   _SMG_DisplayFloat
00009051   _SMG_DisplayInt
00009000   _SMG_Init
00009f64   _SPIA_INTFIFO_Test
00009f2c   _SPIA_INT_Init
00009eff   _SPIA_Init
00009f1a   _SPIA_SendReciveData
00009514   _SPIRXINTA_ISR
0000951e   _SPITXINTA_ISR
0000c02b   _SampleTable
00007050   _SciaRegs
00007750   _ScibRegs
00007770   _ScicRegs
0000c050   _SendChar
000099c8   _ServiceDog
00007040   _SpiaRegs
0000a2ee   _Step_Motor_Init
00007010   _SysCtrlRegs
0000a0bb   _TIM0_IRQn
00009cd4   _TIM0_Init
0000a0d8   _TIM1_IRQn
00009d0e   _TIM1_Init
0000a0fa   _TIM2_IRQn
00009d44   _TIM2_Init
00009438   _TINT0_ISR
0000971d   _UART_AutoBaud_Test
0000966b   _UARTa_Init
000096a5   _UARTa_SendByte
000096b1   _UARTa_SendString
000093e8   _USER10_ISR
000093f2   _USER11_ISR
000093fc   _USER12_ISR
0000938e   _USER1_ISR
00009398   _USER2_ISR
000093a2   _USER3_ISR
000093ac   _USER4_ISR
000093b6   _USER5_ISR
000093c0   _USER6_ISR
000093ca   _USER7_ISR
000093d4   _USER8_ISR
000093de   _USER9_ISR
00009442   _WAKEINT_ISR
0000941a   _XINT1_ISR
00009424   _XINT2_ISR
00009604   _XINT3_ISR
0000960e   _XINT4_ISR
00009618   _XINT5_ISR
00009622   _XINT6_ISR
0000962c   _XINT7_ISR
00007070   _XIntruptRegs
00000b20   _XintfRegs
00000700   __STACK_END
00000300   __STACK_SIZE
00000001   __TI_args_main
0000c060   ___TI_cleanup_ptr
0000c062   ___TI_dtors_ptr
ffffffff   ___binit__
ffffffff   ___c_args__
00008000   ___cinit__
0000a3c2   ___etext__
ffffffff   ___pinit__
00009000   ___text__
0000a340   __args_main
0000c03e   __lock
0000a3b9   __nop
0000a3b5   __register_lock
0000a3b1   __register_unlock
00000400   __stack
0000c03c   __unlock
0000a359   _abort
0000a21b   _adc_isr
0000a15d   _c_int00
0000a1e3   _delay
0000a327   _epwm1_tzint_isr
00009d7a   _epwm2_isr
0000c018   _errcounter
000096c6   _error
0000a35b   _exit
0000a1f0   _main
0000c06b   _mms
0000c064   _pwm_stepValue
0000c022   _rdata
0000c019   _rdata_point
00009661   _rsvd_ISR
0000a055   _rxaint_isr
000096f8   _scia_AutobaudLock
000096cd   _scia_init
000096e8   _scia_xmit
000096dc   _scib_init
000096f0   _scib_xmit
0000c01a   _sdata
0000c06a   _sec
0000c040   _smgduan
00009bd0   _spiRxFifoIsr
00009b7f   _spiTxFifoIsr
00009f27   _spi_error
ffffffff   binit
00008000   cinit
00000000   code_start
0000a3c2   etext
ffffffff   pinit


GLOBAL SYMBOLS: SORTED BY Symbol Address 

address    name
--------   ----
00000000   code_start
00000001   __TI_args_main
00000300   __STACK_SIZE
00000400   __stack
00000700   __STACK_END
00000880   _DevEmuRegs
00000a80   _FlashRegs
00000ae0   _CsmRegs
00000b00   _AdcMirror
00000b20   _XintfRegs
00000c00   _CpuTimer0Regs
00000c08   _CpuTimer1Regs
00000c10   _CpuTimer2Regs
00000ce0   _PieCtrlRegs
00000d00   _PieVectTable
00001000   _DmaRegs
00005000   _McbspaRegs
00005040   _McbspbRegs
00006000   _ECanaRegs
00006040   _ECanaLAMRegs
00006080   _ECanaMOTSRegs
000060c0   _ECanaMOTORegs
00006100   _ECanaMboxes
00006200   _ECanbRegs
00006240   _ECanbLAMRegs
00006280   _ECanbMOTSRegs
000062c0   _ECanbMOTORegs
00006300   _ECanbMboxes
00006800   _EPwm1Regs
00006840   _EPwm2Regs
00006880   _EPwm3Regs
000068c0   _EPwm4Regs
00006900   _EPwm5Regs
00006940   _EPwm6Regs
00006a00   _ECap1Regs
00006a20   _ECap2Regs
00006a40   _ECap3Regs
00006a60   _ECap4Regs
00006a80   _ECap5Regs
00006aa0   _ECap6Regs
00006b00   _EQep1Regs
00006b40   _EQep2Regs
00006f80   _GpioCtrlRegs
00006fc0   _GpioDataRegs
00006fe0   _GpioIntRegs
00007010   _SysCtrlRegs
00007040   _SpiaRegs
00007050   _SciaRegs
00007070   _XIntruptRegs
00007100   _AdcRegs
00007750   _ScibRegs
00007770   _ScicRegs
00007900   _I2caRegs
00008000   ___cinit__
00008000   cinit
00008062   _InitFlash
0000807d   _DSP28x_usDelay
00009000   .text
00009000   _SMG_Init
00009000   ___text__
00009034   _HC164SendData
00009051   _SMG_DisplayInt
000090c6   _SMG_DisplayFloat
000091b6   _SMGBitSelectionGPIO_Init
000091de   _SMGSPIA_Init
000091e3   _SMGSPIA_DisplayInt
00009258   _SMGSPIA_DisplayFloat
00009348   _INT13_ISR
00009352   _INT14_ISR
0000935c   _DATALOG_ISR
00009366   _RTOSINT_ISR
00009370   _EMUINT_ISR
0000937a   _NMI_ISR
00009384   _ILLEGAL_ISR
0000938e   _USER1_ISR
00009398   _USER2_ISR
000093a2   _USER3_ISR
000093ac   _USER4_ISR
000093b6   _USER5_ISR
000093c0   _USER6_ISR
000093ca   _USER7_ISR
000093d4   _USER8_ISR
000093de   _USER9_ISR
000093e8   _USER10_ISR
000093f2   _USER11_ISR
000093fc   _USER12_ISR
00009406   _SEQ1INT_ISR
00009410   _SEQ2INT_ISR
0000941a   _XINT1_ISR
00009424   _XINT2_ISR
0000942e   _ADCINT_ISR
00009438   _TINT0_ISR
00009442   _WAKEINT_ISR
0000944c   _EPWM1_TZINT_ISR
00009456   _EPWM2_TZINT_ISR
00009460   _EPWM3_TZINT_ISR
0000946a   _EPWM4_TZINT_ISR
00009474   _EPWM5_TZINT_ISR
0000947e   _EPWM6_TZINT_ISR
00009488   _EPWM1_INT_ISR
00009492   _EPWM2_INT_ISR
0000949c   _EPWM3_INT_ISR
000094a6   _EPWM4_INT_ISR
000094b0   _EPWM5_INT_ISR
000094ba   _EPWM6_INT_ISR
000094c4   _ECAP1_INT_ISR
000094ce   _ECAP2_INT_ISR
000094d8   _ECAP3_INT_ISR
000094e2   _ECAP4_INT_ISR
000094ec   _ECAP5_INT_ISR
000094f6   _ECAP6_INT_ISR
00009500   _EQEP1_INT_ISR
0000950a   _EQEP2_INT_ISR
00009514   _SPIRXINTA_ISR
0000951e   _SPITXINTA_ISR
00009528   _MRINTB_ISR
00009532   _MXINTB_ISR
0000953c   _MRINTA_ISR
00009546   _MXINTA_ISR
00009550   _DINTCH1_ISR
0000955a   _DINTCH2_ISR
00009564   _DINTCH3_ISR
0000956e   _DINTCH4_ISR
00009578   _DINTCH5_ISR
00009582   _DINTCH6_ISR
0000958c   _I2CINT1A_ISR
00009596   _I2CINT2A_ISR
000095a0   _SCIRXINTC_ISR
000095aa   _SCITXINTC_ISR
000095b4   _SCIRXINTA_ISR
000095be   _SCITXINTA_ISR
000095c8   _SCIRXINTB_ISR
000095d2   _SCITXINTB_ISR
000095dc   _ECAN0INTA_ISR
000095e6   _ECAN1INTA_ISR
000095f0   _ECAN0INTB_ISR
000095fa   _ECAN1INTB_ISR
00009604   _XINT3_ISR
0000960e   _XINT4_ISR
00009618   _XINT5_ISR
00009622   _XINT6_ISR
0000962c   _XINT7_ISR
00009636   _LVF_ISR
00009640   _LUF_ISR
0000964a   _EMPTY_ISR
00009657   _PIE_RESERVED
00009661   _rsvd_ISR
0000966b   _UARTa_Init
000096a5   _UARTa_SendByte
000096b1   _UARTa_SendString
000096c6   _error
000096cd   _scia_init
000096dc   _scib_init
000096e8   _scia_xmit
000096f0   _scib_xmit
000096f8   _scia_AutobaudLock
0000971d   _UART_AutoBaud_Test
0000979d   _KEY_Init
000097cf   _KEY_Scan
000098c3   _EPWM1_Init
00009952   _EPwm1A_SetCompare
00009959   _EPwm1B_SetCompare
00009960   _EPWM6_Init
000099b1   _EPwm6A_SetCompare
000099b8   _EPwm6B_SetCompare
000099bf   _InitSysCtrl
000099c8   _ServiceDog
000099d2   _DisableDog
000099da   _InitPll
00009a26   _InitPeripheralClocks
00009a81   _CsmUnlock
00009ab2   _ADC_Init
00009afa   _Read_ADC_CH0_Value
00009b03   _Read_ADC_SEQ1_Value_OVD
00009b7f   _spiTxFifoIsr
00009bd0   _spiRxFifoIsr
00009c2a   _InitEPwm
00009c2b   _InitEPwmGpio
00009c38   _InitEPwm1Gpio
00009c4a   _InitEPwm2Gpio
00009c5c   _InitEPwm3Gpio
00009c70   _InitEPwm4Gpio
00009c84   _InitEPwm5Gpio
00009c96   _InitEPwm6Gpio
00009ca8   _InitEPwmSyncGpio
00009cbc   _InitTzGpio
00009cd4   _TIM0_Init
00009d0e   _TIM1_Init
00009d44   _TIM2_Init
00009d7a   _epwm2_isr
00009e05   _DC_Motor_Init
00009e25   _DCMotor_ePWM2_Init
00009e83   _InitCpuTimers
00009ec4   _ConfigCpuTimer
00009eff   _SPIA_Init
00009f1a   _SPIA_SendReciveData
00009f27   _spi_error
00009f2c   _SPIA_INT_Init
00009f64   _SPIA_INTFIFO_Test
00009f79   _EXTI1_Init
00009fae   _EXTI2_Init
00009fe8   _SECWatch_Display
0000a055   _rxaint_isr
0000a0bb   _TIM0_IRQn
0000a0d8   _TIM1_IRQn
0000a0fa   _TIM2_IRQn
0000a10d   _EXTI1_IRQn
0000a135   _EXTI2_IRQn
0000a15d   _c_int00
0000a1a3   _LED_Init
0000a1e3   _delay
0000a1f0   _main
0000a21b   _adc_isr
0000a24b   _InitSci
0000a24c   _InitSciGpio
0000a251   _InitSciaGpio
0000a266   _InitScibGpio
0000a27a   _InitSpi
0000a27b   _InitSpiGpio
0000a27e   _InitSpiaGpio
0000a2a6   _InitPieCtrl
0000a2c5   _EnableInterrupts
0000a2ce   _InitPieVectTable
0000a2ee   _Step_Motor_Init
0000a30e   _InitGpio
0000a327   _epwm1_tzint_isr
0000a340   __args_main
0000a359   C$$EXIT
0000a359   _abort
0000a35b   _exit
0000a372   _InitAdc
0000a386   _BEEP_Init
0000a396   _Relay_Init
0000a3a6   U$$DIV
0000a3ab   U$$MOD
0000a3b1   __register_unlock
0000a3b5   __register_lock
0000a3b9   __nop
0000a3c2   ___etext__
0000a3c2   etext
0000c000   _CpuTimer1
0000c008   _CpuTimer2
0000c010   _CpuTimer0
0000c018   _errcounter
0000c019   _rdata_point
0000c01a   _sdata
0000c022   _rdata
0000c02b   _SampleTable
0000c03c   __unlock
0000c03e   __lock
0000c040   _smgduan
0000c050   _SendChar
0000c051   _ReceivedAChar
0000c052   _ReceivedCount
0000c053   _BRRVal
0000c054   _ErrorCount
0000c055   _ReceivedBChar
0000c056   _Buff
0000c060   ___TI_cleanup_ptr
0000c062   ___TI_dtors_ptr
0000c064   _pwm_stepValue
0000c066   _Direction
0000c06a   _sec
0000c06b   _mms
0000d000   _PieVectTableInit
0033fff8   _CsmPwl
00380080   _ADC_cal
ffffffff   ___binit__
ffffffff   ___c_args__
ffffffff   ___pinit__
ffffffff   binit
ffffffff   pinit

[272 symbols]
