******************************************************************************
             TMS320C2000 Linker PC v15.12.1                    
******************************************************************************
>> Linked Tue May 29 15:07:38 2018

OUTPUT FILE NAME:   <Example37_DSP2833x_DMA_xintf_to_ram.out>
ENTRY POINT SYMBOL: "_c_int00"  address: 00009c8c


MEMORY CONFIGURATION

         name            origin    length      used     unused   attr    fill
----------------------  --------  ---------  --------  --------  ----  --------
PAGE 0:
  BEGIN                 00000000   00000002  00000002  00000000  RWIX
  RAMM0                 00000050   000003b0  00000000  000003b0  RWIX
  RAML0                 00008000   00001000  0000015d  00000ea3  RWIX
  RAML1                 00009000   00002000  00000f54  000010ac  RWIX
  RAML2                 0000b000   00001000  00000000  00001000  RWIX
  RAML3                 0000c000   00001000  00000000  00001000  RWIX
  ZONE7A                00200000   0000fc00  00000000  0000fc00  RWIX
  CSM_RSVD              0033ff80   00000076  00000000  00000076  RWIX
  CSM_PWL               0033fff8   00000008  00000000  00000008  RWIX
  ADC_CAL               00380080   00000009  00000007  00000002  RWIX
  IQTABLES              003fe000   00000b50  00000000  00000b50  RWIX
  IQTABLES2             003feb50   0000008c  00000000  0000008c  RWIX
  FPUTABLES             003febdc   000006a0  00000000  000006a0  RWIX
  BOOTROM               003ff27c   00000d44  00000000  00000d44  RWIX
  RESET                 003fffc0   00000002  00000000  00000002  RWIX

PAGE 1:
  BOOT_RSVD             00000002   0000004e  00000000  0000004e  RWIX
  RAMM1                 00000400   00000400  00000300  00000100  RWIX
  DEV_EMU               00000880   00000180  000000d0  000000b0  RWIX
  FLASH_REGS            00000a80   00000060  00000008  00000058  RWIX
  CSM                   00000ae0   00000010  00000010  00000000  RWIX
  ADC_MIRROR            00000b00   00000010  00000010  00000000  RWIX
  XINTF                 00000b20   00000020  0000001e  00000002  RWIX
  CPU_TIMER0            00000c00   00000008  00000008  00000000  RWIX
  CPU_TIMER1            00000c08   00000008  00000008  00000000  RWIX
  CPU_TIMER2            00000c10   00000008  00000008  00000000  RWIX
  PIE_CTRL              00000ce0   00000020  0000001a  00000006  RWIX
  PIE_VECT              00000d00   00000100  00000100  00000000  RWIX
  DMA                   00001000   00000200  000000e0  00000120  RWIX
  MCBSPA                00005000   00000040  00000025  0000001b  RWIX
  MCBSPB                00005040   00000040  00000025  0000001b  RWIX
  ECANA                 00006000   00000040  00000034  0000000c  RWIX
  ECANA_LAM             00006040   00000040  00000040  00000000  RWIX
  ECANA_MOTS            00006080   00000040  00000040  00000000  RWIX
  ECANA_MOTO            000060c0   00000040  00000040  00000000  RWIX
  ECANA_MBOX            00006100   00000100  00000100  00000000  RWIX
  ECANB                 00006200   00000040  00000034  0000000c  RWIX
  ECANB_LAM             00006240   00000040  00000040  00000000  RWIX
  ECANB_MOTS            00006280   00000040  00000040  00000000  RWIX
  ECANB_MOTO            000062c0   00000040  00000040  00000000  RWIX
  ECANB_MBOX            00006300   00000100  00000100  00000000  RWIX
  EPWM1                 00006800   00000022  00000022  00000000  RWIX
  EPWM2                 00006840   00000022  00000022  00000000  RWIX
  EPWM3                 00006880   00000022  00000022  00000000  RWIX
  EPWM4                 000068c0   00000022  00000022  00000000  RWIX
  EPWM5                 00006900   00000022  00000022  00000000  RWIX
  EPWM6                 00006940   00000022  00000022  00000000  RWIX
  ECAP1                 00006a00   00000020  00000020  00000000  RWIX
  ECAP2                 00006a20   00000020  00000020  00000000  RWIX
  ECAP3                 00006a40   00000020  00000020  00000000  RWIX
  ECAP4                 00006a60   00000020  00000020  00000000  RWIX
  ECAP5                 00006a80   00000020  00000020  00000000  RWIX
  ECAP6                 00006aa0   00000020  00000020  00000000  RWIX
  EQEP1                 00006b00   00000040  00000040  00000000  RWIX
  EQEP2                 00006b40   00000040  00000040  00000000  RWIX
  GPIOCTRL              00006f80   00000040  0000002e  00000012  RWIX
  GPIODAT               00006fc0   00000020  00000020  00000000  RWIX
  GPIOINT               00006fe0   00000020  0000000a  00000016  RWIX
  SYSTEM                00007010   00000020  00000020  00000000  RWIX
  SPIA                  00007040   00000010  00000010  00000000  RWIX
  SCIA                  00007050   00000010  00000010  00000000  RWIX
  XINTRUPT              00007070   00000010  00000010  00000000  RWIX
  ADC                   00007100   00000020  0000001e  00000002  RWIX
  SCIB                  00007750   00000010  00000010  00000000  RWIX
  SCIC                  00007770   00000010  00000010  00000000  RWIX
  I2CA                  00007900   00000040  00000022  0000001e  RWIX
  RAML4                 0000c000   00001000  00000556  00000aaa  RWIX
  RAML5                 0000d000   00001000  00000100  00000f00  RWIX
  RAML6                 0000e000   00001000  00000000  00001000  RWIX
  RAML7                 0000f000   00001000  00000000  00001000  RWIX
  ZONE7B                0020fc00   00000400  00000400  00000000  RWIX
  CSM_PWL               0033fff8   00000008  00000008  00000000  RWIX


SECTION ALLOCATION MAP

 output                                  attributes/
section   page    origin      length       input sections
--------  ----  ----------  ----------   ----------------
codestart 
*          0    00000000    00000002     
                  00000000    00000002     DSP2833x_CodeStartBranch.obj (codestart)

.cinit     0    00008000    00000159     
                  00008000    00000113     lcd12864.obj (.cinit)
                  00008113    00000013     smg.obj (.cinit)
                  00008126    0000000e     rts2800_fpu32.lib : exit.obj (.cinit)
                  00008134    0000000d     uart.obj (.cinit)
                  00008141    0000000c     key.obj (.cinit)
                  0000814d    00000005     rts2800_fpu32.lib : _lock.obj (.cinit:__lock)
                  00008152    00000005                       : _lock.obj (.cinit:__unlock)
                  00008157    00000002     --HOLE-- [fill = 0]

ramfuncs   0    00008159    00000004     
                  00008159    00000004     DSP2833x_usDelay.obj (ramfuncs)

.text      0    00009000    00000f54     
                  00009000    000003e8     DSP2833x_DMA.obj (.text)
                  000093e8    00000323     DSP2833x_DefaultIsr.obj (.text:retain)
                  0000970b    00000130     uart.obj (.text)
                  0000983b    000000fa     DSP2833x_Xintf.obj (.text)
                  00009935    000000f8     DSP2833x_SysCtrl.obj (.text)
                  00009a2d    000000d7     dma.obj (.text)
                  00009b04    000000a6     time.obj (.text)
                  00009baa    0000007b     DSP2833x_CpuTimers.obj (.text)
                  00009c25    00000067     uart.obj (.text:retain)
                  00009c8c    00000056     rts2800_fpu32.lib : boot.obj (.text)
                  00009ce2    00000050     exti.obj (.text:retain)
                  00009d32    00000046     rts2800_fpu32.lib : cpy_tbl.obj (.text)
                  00009d78    00000044     leds.obj (.text)
                  00009dbc    00000044     main.obj (.text)
                  00009e00    0000003d     time.obj (.text:retain)
                  00009e3d    0000002f     DSP2833x_Sci.obj (.text)
                  00009e6c    00000029     rts2800_fpu32.lib : exit.obj (.text)
                  00009e95    00000028     DSP2833x_PieCtrl.obj (.text)
                  00009ebd    00000020     DSP2833x_PieVect.obj (.text)
                  00009edd    0000001a     rts2800_fpu32.lib : cpy_utils.obj (.text)
                  00009ef7    00000019                       : args_main.obj (.text)
                  00009f10    00000014     DSP2833x_Adc.obj (.text)
                  00009f24    00000011     dma.obj (.text:retain)
                  00009f35    0000000b     rts2800_fpu32.lib : u_div.obj (.text)
                  00009f40    00000009                       : _lock.obj (.text)
                  00009f49    00000008     DSP2833x_CodeStartBranch.obj (.text)
                  00009f51    00000002     rts2800_fpu32.lib : pre_init.obj (.text)
                  00009f53    00000001                       : startup.obj (.text)

.pinit     0    00008000    00000000     UNINITIALIZED

.adc_cal   0    00380080    00000007     NOLOAD SECTION
                  00380080    00000007     DSP2833x_ADC_cal.obj (.adc_cal)

.stack     1    00000400    00000300     UNINITIALIZED
                  00000400    00000300     --HOLE--

DevEmuRegsFile 
*          1    00000880    000000d0     UNINITIALIZED
                  00000880    000000d0     DSP2833x_GlobalVariableDefs.obj (DevEmuRegsFile)

FlashRegsFile 
*          1    00000a80    00000008     UNINITIALIZED
                  00000a80    00000008     DSP2833x_GlobalVariableDefs.obj (FlashRegsFile)

CsmRegsFile 
*          1    00000ae0    00000010     UNINITIALIZED
                  00000ae0    00000010     DSP2833x_GlobalVariableDefs.obj (CsmRegsFile)

AdcMirrorFile 
*          1    00000b00    00000010     UNINITIALIZED
                  00000b00    00000010     DSP2833x_GlobalVariableDefs.obj (AdcMirrorFile)

XintfRegsFile 
*          1    00000b20    0000001e     UNINITIALIZED
                  00000b20    0000001e     DSP2833x_GlobalVariableDefs.obj (XintfRegsFile)

CpuTimer0RegsFile 
*          1    00000c00    00000008     UNINITIALIZED
                  00000c00    00000008     DSP2833x_GlobalVariableDefs.obj (CpuTimer0RegsFile)

CpuTimer1RegsFile 
*          1    00000c08    00000008     UNINITIALIZED
                  00000c08    00000008     DSP2833x_GlobalVariableDefs.obj (CpuTimer1RegsFile)

CpuTimer2RegsFile 
*          1    00000c10    00000008     UNINITIALIZED
                  00000c10    00000008     DSP2833x_GlobalVariableDefs.obj (CpuTimer2RegsFile)

PieCtrlRegsFile 
*          1    00000ce0    0000001a     UNINITIALIZED
                  00000ce0    0000001a     DSP2833x_GlobalVariableDefs.obj (PieCtrlRegsFile)

PieVectTableFile 
*          1    00000d00    00000100     UNINITIALIZED
                  00000d00    00000100     DSP2833x_GlobalVariableDefs.obj (PieVectTableFile)

DmaRegsFile 
*          1    00001000    000000e0     UNINITIALIZED
                  00001000    000000e0     DSP2833x_GlobalVariableDefs.obj (DmaRegsFile)

McbspaRegsFile 
*          1    00005000    00000025     UNINITIALIZED
                  00005000    00000025     DSP2833x_GlobalVariableDefs.obj (McbspaRegsFile)

McbspbRegsFile 
*          1    00005040    00000025     UNINITIALIZED
                  00005040    00000025     DSP2833x_GlobalVariableDefs.obj (McbspbRegsFile)

ECanaRegsFile 
*          1    00006000    00000034     UNINITIALIZED
                  00006000    00000034     DSP2833x_GlobalVariableDefs.obj (ECanaRegsFile)

ECanaLAMRegsFile 
*          1    00006040    00000040     UNINITIALIZED
                  00006040    00000040     DSP2833x_GlobalVariableDefs.obj (ECanaLAMRegsFile)

ECanaMOTSRegsFile 
*          1    00006080    00000040     UNINITIALIZED
                  00006080    00000040     DSP2833x_GlobalVariableDefs.obj (ECanaMOTSRegsFile)

ECanaMOTORegsFile 
*          1    000060c0    00000040     UNINITIALIZED
                  000060c0    00000040     DSP2833x_GlobalVariableDefs.obj (ECanaMOTORegsFile)

ECanaMboxesFile 
*          1    00006100    00000100     UNINITIALIZED
                  00006100    00000100     DSP2833x_GlobalVariableDefs.obj (ECanaMboxesFile)

ECanbRegsFile 
*          1    00006200    00000034     UNINITIALIZED
                  00006200    00000034     DSP2833x_GlobalVariableDefs.obj (ECanbRegsFile)

ECanbLAMRegsFile 
*          1    00006240    00000040     UNINITIALIZED
                  00006240    00000040     DSP2833x_GlobalVariableDefs.obj (ECanbLAMRegsFile)

ECanbMOTSRegsFile 
*          1    00006280    00000040     UNINITIALIZED
                  00006280    00000040     DSP2833x_GlobalVariableDefs.obj (ECanbMOTSRegsFile)

ECanbMOTORegsFile 
*          1    000062c0    00000040     UNINITIALIZED
                  000062c0    00000040     DSP2833x_GlobalVariableDefs.obj (ECanbMOTORegsFile)

ECanbMboxesFile 
*          1    00006300    00000100     UNINITIALIZED
                  00006300    00000100     DSP2833x_GlobalVariableDefs.obj (ECanbMboxesFile)

EPwm1RegsFile 
*          1    00006800    00000022     UNINITIALIZED
                  00006800    00000022     DSP2833x_GlobalVariableDefs.obj (EPwm1RegsFile)

EPwm2RegsFile 
*          1    00006840    00000022     UNINITIALIZED
                  00006840    00000022     DSP2833x_GlobalVariableDefs.obj (EPwm2RegsFile)

EPwm3RegsFile 
*          1    00006880    00000022     UNINITIALIZED
                  00006880    00000022     DSP2833x_GlobalVariableDefs.obj (EPwm3RegsFile)

EPwm4RegsFile 
*          1    000068c0    00000022     UNINITIALIZED
                  000068c0    00000022     DSP2833x_GlobalVariableDefs.obj (EPwm4RegsFile)

EPwm5RegsFile 
*          1    00006900    00000022     UNINITIALIZED
                  00006900    00000022     DSP2833x_GlobalVariableDefs.obj (EPwm5RegsFile)

EPwm6RegsFile 
*          1    00006940    00000022     UNINITIALIZED
                  00006940    00000022     DSP2833x_GlobalVariableDefs.obj (EPwm6RegsFile)

ECap1RegsFile 
*          1    00006a00    00000020     UNINITIALIZED
                  00006a00    00000020     DSP2833x_GlobalVariableDefs.obj (ECap1RegsFile)

ECap2RegsFile 
*          1    00006a20    00000020     UNINITIALIZED
                  00006a20    00000020     DSP2833x_GlobalVariableDefs.obj (ECap2RegsFile)

ECap3RegsFile 
*          1    00006a40    00000020     UNINITIALIZED
                  00006a40    00000020     DSP2833x_GlobalVariableDefs.obj (ECap3RegsFile)

ECap4RegsFile 
*          1    00006a60    00000020     UNINITIALIZED
                  00006a60    00000020     DSP2833x_GlobalVariableDefs.obj (ECap4RegsFile)

ECap5RegsFile 
*          1    00006a80    00000020     UNINITIALIZED
                  00006a80    00000020     DSP2833x_GlobalVariableDefs.obj (ECap5RegsFile)

ECap6RegsFile 
*          1    00006aa0    00000020     UNINITIALIZED
                  00006aa0    00000020     DSP2833x_GlobalVariableDefs.obj (ECap6RegsFile)

EQep1RegsFile 
*          1    00006b00    00000040     UNINITIALIZED
                  00006b00    00000040     DSP2833x_GlobalVariableDefs.obj (EQep1RegsFile)

EQep2RegsFile 
*          1    00006b40    00000040     UNINITIALIZED
                  00006b40    00000040     DSP2833x_GlobalVariableDefs.obj (EQep2RegsFile)

GpioCtrlRegsFile 
*          1    00006f80    0000002e     UNINITIALIZED
                  00006f80    0000002e     DSP2833x_GlobalVariableDefs.obj (GpioCtrlRegsFile)

GpioDataRegsFile 
*          1    00006fc0    00000020     UNINITIALIZED
                  00006fc0    00000020     DSP2833x_GlobalVariableDefs.obj (GpioDataRegsFile)

GpioIntRegsFile 
*          1    00006fe0    0000000a     UNINITIALIZED
                  00006fe0    0000000a     DSP2833x_GlobalVariableDefs.obj (GpioIntRegsFile)

SysCtrlRegsFile 
*          1    00007010    00000020     UNINITIALIZED
                  00007010    00000020     DSP2833x_GlobalVariableDefs.obj (SysCtrlRegsFile)

SpiaRegsFile 
*          1    00007040    00000010     UNINITIALIZED
                  00007040    00000010     DSP2833x_GlobalVariableDefs.obj (SpiaRegsFile)

SciaRegsFile 
*          1    00007050    00000010     UNINITIALIZED
                  00007050    00000010     DSP2833x_GlobalVariableDefs.obj (SciaRegsFile)

XIntruptRegsFile 
*          1    00007070    00000010     UNINITIALIZED
                  00007070    00000010     DSP2833x_GlobalVariableDefs.obj (XIntruptRegsFile)

AdcRegsFile 
*          1    00007100    0000001e     UNINITIALIZED
                  00007100    0000001e     DSP2833x_GlobalVariableDefs.obj (AdcRegsFile)

ScibRegsFile 
*          1    00007750    00000010     UNINITIALIZED
                  00007750    00000010     DSP2833x_GlobalVariableDefs.obj (ScibRegsFile)

ScicRegsFile 
*          1    00007770    00000010     UNINITIALIZED
                  00007770    00000010     DSP2833x_GlobalVariableDefs.obj (ScicRegsFile)

I2caRegsFile 
*          1    00007900    00000022     UNINITIALIZED
                  00007900    00000022     DSP2833x_GlobalVariableDefs.obj (I2caRegsFile)

DMARAML4   1    0000c000    00000400     UNINITIALIZED
                  0000c000    00000400     main.obj (DMARAML4)

.ebss      1    0000c400    00000156     UNINITIALIZED
                  0000c400    00000110     lcd12864.obj (.ebss)
                  0000c510    00000018     DSP2833x_CpuTimers.obj (.ebss)
                  0000c528    00000010     smg.obj (.ebss)
                  0000c538    00000006     rts2800_fpu32.lib : exit.obj (.ebss)
                  0000c53e    00000002                       : _lock.obj (.ebss:__lock)
                  0000c540    00000010     uart.obj (.ebss)
                  0000c550    00000003     key.obj (.ebss)
                  0000c553    00000001     --HOLE--
                  0000c554    00000002     rts2800_fpu32.lib : _lock.obj (.ebss:__unlock)

.econst    1    0000d000    00000100     
                  0000d000    00000100     DSP2833x_PieVect.obj (.econst:_PieVectTableInit)

ZONE7DATA 
*          1    0020fc00    00000400     UNINITIALIZED
                  0020fc00    00000400     main.obj (ZONE7DATA)

.reset     0    003fffc0    00000002     DSECT
                  003fffc0    00000002     rts2800_fpu32.lib : boot.obj (.reset)

csm_rsvd   0    0033ff80    00000000     DSECT

csmpasswds 
*          0    0033fff8    00000000     DSECT

CsmPwlFile 
*          1    0033fff8    00000008     UNINITIALIZED
                  0033fff8    00000008     DSP2833x_GlobalVariableDefs.obj (CsmPwlFile)

MODULE SUMMARY

       Module                            code   ro data   rw data
       ------                            ----   -------   -------
    .\APP\dma\
       dma.obj                           232    0         0      
    +--+---------------------------------+------+---------+---------+
       Total:                            232    0         0      
                                                                 
    .\APP\exti\
       exti.obj                          80     0         0      
    +--+---------------------------------+------+---------+---------+
       Total:                            80     0         0      
                                                                 
    .\APP\key\
       key.obj                           0      0         15     
    +--+---------------------------------+------+---------+---------+
       Total:                            0      0         15     
                                                                 
    .\APP\lcd12864\
       lcd12864.obj                      0      0         547    
    +--+---------------------------------+------+---------+---------+
       Total:                            0      0         547    
                                                                 
    .\APP\leds\
       leds.obj                          68     0         0      
    +--+---------------------------------+------+---------+---------+
       Total:                            68     0         0      
                                                                 
    .\APP\smg\
       smg.obj                           0      0         35     
    +--+---------------------------------+------+---------+---------+
       Total:                            0      0         35     
                                                                 
    .\APP\time\
       time.obj                          227    0         0      
    +--+---------------------------------+------+---------+---------+
       Total:                            227    0         0      
                                                                 
    .\APP\uart\
       uart.obj                          407    0         29     
    +--+---------------------------------+------+---------+---------+
       Total:                            407    0         29     
                                                                 
    .\DSP2833x_Libraries\
       DSP2833x_GlobalVariableDefs.obj   0      0         2678   
       DSP2833x_DMA.obj                  1000   0         0      
       DSP2833x_DefaultIsr.obj           803    0         0      
       DSP2833x_PieVect.obj              32     0         256    
       DSP2833x_Xintf.obj                250    0         0      
       DSP2833x_SysCtrl.obj              248    0         0      
       DSP2833x_CpuTimers.obj            123    0         24     
       DSP2833x_Sci.obj                  47     0         0      
       DSP2833x_PieCtrl.obj              40     0         0      
       DSP2833x_Adc.obj                  20     0         0      
       DSP2833x_CodeStartBranch.obj      10     0         0      
       DSP2833x_ADC_cal.obj              7      0         0      
       DSP2833x_usDelay.obj              4      0         0      
    +--+---------------------------------+------+---------+---------+
       Total:                            2584   0         2958   
                                                                 
    .\User\
       main.obj                          68     0         2048   
    +--+---------------------------------+------+---------+---------+
       Total:                            68     0         2048   
                                                                 
    C:\ti\ccsv6\tools\compiler\ti-cgt-c2000_15.12.1.LTS\lib\rts2800_fpu32.lib
       boot.obj                          86     0         0      
       cpy_tbl.obj                       70     0         0      
       exit.obj                          41     0         20     
       cpy_utils.obj                     26     0         0      
       args_main.obj                     25     0         0      
       _lock.obj                         9      0         14     
       u_div.obj                         11     0         0      
       pre_init.obj                      2      0         0      
       startup.obj                       1      0         0      
    +--+---------------------------------+------+---------+---------+
       Total:                            271    0         34     
                                                                 
       Stack:                            0      0         768    
    +--+---------------------------------+------+---------+---------+
       Grand Total:                      3937   0         6434   


GLOBAL DATA SYMBOLS: SORTED BY DATA PAGE

address     data page           name
--------    ----------------    ----
00000400      10 (00000400)     __stack

00000880      22 (00000880)     _DevEmuRegs

00000a80      2a (00000a80)     _FlashRegs

00000ae0      2b (00000ac0)     _CsmRegs

00000b00      2c (00000b00)     _AdcMirror
00000b20      2c (00000b00)     _XintfRegs

00000c00      30 (00000c00)     _CpuTimer0Regs
00000c08      30 (00000c00)     _CpuTimer1Regs
00000c10      30 (00000c00)     _CpuTimer2Regs

00000ce0      33 (00000cc0)     _PieCtrlRegs

00000d00      34 (00000d00)     _PieVectTable

00001000      40 (00001000)     _DmaRegs

00005000     140 (00005000)     _McbspaRegs

00005040     141 (00005040)     _McbspbRegs

00006000     180 (00006000)     _ECanaRegs

00006040     181 (00006040)     _ECanaLAMRegs

00006080     182 (00006080)     _ECanaMOTSRegs

000060c0     183 (000060c0)     _ECanaMOTORegs

00006100     184 (00006100)     _ECanaMboxes

00006200     188 (00006200)     _ECanbRegs

00006240     189 (00006240)     _ECanbLAMRegs

00006280     18a (00006280)     _ECanbMOTSRegs

000062c0     18b (000062c0)     _ECanbMOTORegs

00006300     18c (00006300)     _ECanbMboxes

00006800     1a0 (00006800)     _EPwm1Regs

00006840     1a1 (00006840)     _EPwm2Regs

00006880     1a2 (00006880)     _EPwm3Regs

000068c0     1a3 (000068c0)     _EPwm4Regs

00006900     1a4 (00006900)     _EPwm5Regs

00006940     1a5 (00006940)     _EPwm6Regs

00006a00     1a8 (00006a00)     _ECap1Regs
00006a20     1a8 (00006a00)     _ECap2Regs

00006a40     1a9 (00006a40)     _ECap3Regs
00006a60     1a9 (00006a40)     _ECap4Regs

00006a80     1aa (00006a80)     _ECap5Regs
00006aa0     1aa (00006a80)     _ECap6Regs

00006b00     1ac (00006b00)     _EQep1Regs

00006b40     1ad (00006b40)     _EQep2Regs

00006f80     1be (00006f80)     _GpioCtrlRegs

00006fc0     1bf (00006fc0)     _GpioDataRegs
00006fe0     1bf (00006fc0)     _GpioIntRegs

00007010     1c0 (00007000)     _SysCtrlRegs

00007040     1c1 (00007040)     _SpiaRegs
00007050     1c1 (00007040)     _SciaRegs
00007070     1c1 (00007040)     _XIntruptRegs

00007100     1c4 (00007100)     _AdcRegs

00007750     1dd (00007740)     _ScibRegs
00007770     1dd (00007740)     _ScicRegs

00007900     1e4 (00007900)     _I2caRegs

0000c000     300 (0000c000)     _DMABuf1

0000c400     310 (0000c400)     _CN16CHAR

0000c510     314 (0000c500)     _CpuTimer1
0000c518     314 (0000c500)     _CpuTimer2
0000c520     314 (0000c500)     _CpuTimer0
0000c528     314 (0000c500)     _smgduan
0000c538     314 (0000c500)     ___TI_enable_exit_profile_output
0000c53a     314 (0000c500)     ___TI_cleanup_ptr
0000c53c     314 (0000c500)     ___TI_dtors_ptr
0000c53e     314 (0000c500)     __lock

0000c540     315 (0000c540)     _SendChar
0000c541     315 (0000c540)     _ReceivedAChar
0000c542     315 (0000c540)     _ReceivedCount
0000c543     315 (0000c540)     _BRRVal
0000c544     315 (0000c540)     _ErrorCount
0000c545     315 (0000c540)     _ReceivedBChar
0000c546     315 (0000c540)     _Buff
0000c554     315 (0000c540)     __unlock

0000d000     340 (0000d000)     _PieVectTableInit

0020fc00    83f0 (0020fc00)     _DMABuf2

0033fff8    cfff (0033ffc0)     _CsmPwl


GLOBAL SYMBOLS: SORTED ALPHABETICALLY BY Name 

page  address   name                            
----  -------   ----                            
0     00009000  .text                           
0     00009e6c  C$$EXIT                         
0     00009f35  U$$DIV                          
0     00009f3a  U$$MOD                          
0     000094ce  _ADCINT_ISR                     
0     00380080  _ADC_cal                        
1     00000b00  _AdcMirror                      
1     00007100  _AdcRegs                        
1     0000c543  _BRRVal                         
1     0000c546  _Buff                           
1     0000c400  _CN16CHAR                       
0     00009beb  _ConfigCpuTimer                 
1     0000c520  _CpuTimer0                      
1     00000c00  _CpuTimer0Regs                  
1     0000c510  _CpuTimer1                      
1     00000c08  _CpuTimer1Regs                  
1     0000c518  _CpuTimer2                      
1     00000c10  _CpuTimer2Regs                  
1     0033fff8  _CsmPwl                         
1     00000ae0  _CsmRegs                        
0     000099fc  _CsmUnlock                      
0     000093fc  _DATALOG_ISR                    
0     000095f0  _DINTCH1_ISR                    
0     000095fa  _DINTCH2_ISR                    
0     00009604  _DINTCH3_ISR                    
0     0000960e  _DINTCH4_ISR                    
0     00009618  _DINTCH5_ISR                    
0     00009622  _DINTCH6_ISR                    
1     0000c000  _DMABuf1                        
1     0020fc00  _DMABuf2                        
0     0000900a  _DMACH1AddrConfig               
0     0000901a  _DMACH1BurstConfig              
0     0000904d  _DMACH1ModeConfig               
0     0000902a  _DMACH1TransferConfig           
0     0000903a  _DMACH1WrapConfig               
0     00009ab1  _DMACH1_ADC_Init                
0     00009a66  _DMACH1_Init                    
0     000090af  _DMACH2AddrConfig               
0     000090bf  _DMACH2BurstConfig              
0     000090f2  _DMACH2ModeConfig               
0     000090cf  _DMACH2TransferConfig           
0     000090df  _DMACH2WrapConfig               
0     00009154  _DMACH3AddrConfig               
0     00009164  _DMACH3BurstConfig              
0     00009197  _DMACH3ModeConfig               
0     00009174  _DMACH3TransferConfig           
0     00009184  _DMACH3WrapConfig               
0     000091f9  _DMACH4AddrConfig               
0     00009209  _DMACH4BurstConfig              
0     0000923c  _DMACH4ModeConfig               
0     00009219  _DMACH4TransferConfig           
0     00009229  _DMACH4WrapConfig               
0     0000929e  _DMACH5AddrConfig               
0     000092ae  _DMACH5BurstConfig              
0     000092e1  _DMACH5ModeConfig               
0     000092be  _DMACH5TransferConfig           
0     000092ce  _DMACH5WrapConfig               
0     00009343  _DMACH6AddrConfig               
0     00009353  _DMACH6BurstConfig              
0     00009386  _DMACH6ModeConfig               
0     00009363  _DMACH6TransferConfig           
0     00009373  _DMACH6WrapConfig               
0     00009000  _DMAInitialize                  
0     00008159  _DSP28x_usDelay                 
1     00000880  _DevEmuRegs                     
0     00009948  _DisableDog                     
1     00001000  _DmaRegs                        
0     0000967c  _ECAN0INTA_ISR                  
0     00009690  _ECAN0INTB_ISR                  
0     00009686  _ECAN1INTA_ISR                  
0     0000969a  _ECAN1INTB_ISR                  
0     00009564  _ECAP1_INT_ISR                  
0     0000956e  _ECAP2_INT_ISR                  
0     00009578  _ECAP3_INT_ISR                  
0     00009582  _ECAP4_INT_ISR                  
0     0000958c  _ECAP5_INT_ISR                  
0     00009596  _ECAP6_INT_ISR                  
1     00006040  _ECanaLAMRegs                   
1     000060c0  _ECanaMOTORegs                  
1     00006080  _ECanaMOTSRegs                  
1     00006100  _ECanaMboxes                    
1     00006000  _ECanaRegs                      
1     00006240  _ECanbLAMRegs                   
1     000062c0  _ECanbMOTORegs                  
1     00006280  _ECanbMOTSRegs                  
1     00006300  _ECanbMboxes                    
1     00006200  _ECanbRegs                      
1     00006a00  _ECap1Regs                      
1     00006a20  _ECap2Regs                      
1     00006a40  _ECap3Regs                      
1     00006a60  _ECap4Regs                      
1     00006a80  _ECap5Regs                      
1     00006aa0  _ECap6Regs                      
0     000096ea  _EMPTY_ISR                      
0     00009410  _EMUINT_ISR                     
0     00009528  _EPWM1_INT_ISR                  
0     000094ec  _EPWM1_TZINT_ISR                
0     00009532  _EPWM2_INT_ISR                  
0     000094f6  _EPWM2_TZINT_ISR                
0     0000953c  _EPWM3_INT_ISR                  
0     00009500  _EPWM3_TZINT_ISR                
0     00009546  _EPWM4_INT_ISR                  
0     0000950a  _EPWM4_TZINT_ISR                
0     00009550  _EPWM5_INT_ISR                  
0     00009514  _EPWM5_TZINT_ISR                
0     0000955a  _EPWM6_INT_ISR                  
0     0000951e  _EPWM6_TZINT_ISR                
1     00006800  _EPwm1Regs                      
1     00006840  _EPwm2Regs                      
1     00006880  _EPwm3Regs                      
1     000068c0  _EPwm4Regs                      
1     00006900  _EPwm5Regs                      
1     00006940  _EPwm6Regs                      
0     000095a0  _EQEP1_INT_ISR                  
0     000095aa  _EQEP2_INT_ISR                  
1     00006b00  _EQep1Regs                      
1     00006b40  _EQep2Regs                      
0     00009ce2  _EXTI1_IRQn                     
0     00009d0a  _EXTI2_IRQn                     
0     00009eb4  _EnableInterrupts               
1     0000c544  _ErrorCount                     
1     00000a80  _FlashRegs                      
1     00006f80  _GpioCtrlRegs                   
1     00006fc0  _GpioDataRegs                   
1     00006fe0  _GpioIntRegs                    
0     0000962c  _I2CINT1A_ISR                   
0     00009636  _I2CINT2A_ISR                   
1     00007900  _I2caRegs                       
0     00009424  _ILLEGAL_ISR                    
0     000093e8  _INT13_ISR                      
0     000093f2  _INT14_ISR                      
0     00009f10  _InitAdc                        
0     00009baa  _InitCpuTimers                  
0     000099a1  _InitPeripheralClocks           
0     00009e95  _InitPieCtrl                    
0     00009ebd  _InitPieVectTable               
0     00009950  _InitPll                        
0     00009e3d  _InitSci                        
0     00009e3e  _InitSciGpio                    
0     00009e43  _InitSciaGpio                   
0     00009e58  _InitScibGpio                   
0     00009935  _InitSysCtrl                    
0     0000983b  _InitXintf                      
0     000098db  _InitXintf16Gpio                
0     00009894  _InitXintf32Gpio                
0     00009d78  _LED_Init                       
0     000096e0  _LUF_ISR                        
0     000096d6  _LVF_ISR                        
0     000095dc  _MRINTA_ISR                     
0     000095c8  _MRINTB_ISR                     
0     000095e6  _MXINTA_ISR                     
0     000095d2  _MXINTB_ISR                     
1     00005000  _McbspaRegs                     
1     00005040  _McbspbRegs                     
0     0000941a  _NMI_ISR                        
0     000096f7  _PIE_RESERVED                   
1     00000ce0  _PieCtrlRegs                    
1     00000d00  _PieVectTable                   
1     0000d000  _PieVectTableInit               
0     00009406  _RTOSINT_ISR                    
1     0000c541  _ReceivedAChar                  
1     0000c545  _ReceivedBChar                  
1     0000c542  _ReceivedCount                  
0     00009654  _SCIRXINTA_ISR                  
0     00009668  _SCIRXINTB_ISR                  
0     00009640  _SCIRXINTC_ISR                  
0     0000965e  _SCITXINTA_ISR                  
0     00009672  _SCITXINTB_ISR                  
0     0000964a  _SCITXINTC_ISR                  
0     000094a6  _SEQ1INT_ISR                    
0     000094b0  _SEQ2INT_ISR                    
0     000095b4  _SPIRXINTA_ISR                  
0     000095be  _SPITXINTA_ISR                  
1     00007050  _SciaRegs                       
1     00007750  _ScibRegs                       
1     00007770  _ScicRegs                       
1     0000c540  _SendChar                       
0     0000993e  _ServiceDog                     
1     00007040  _SpiaRegs                       
0     000090a7  _StartDMACH1                    
0     0000914c  _StartDMACH2                    
0     000091f1  _StartDMACH3                    
0     00009296  _StartDMACH4                    
0     0000933b  _StartDMACH5                    
0     000093e0  _StartDMACH6                    
1     00007010  _SysCtrlRegs                    
0     00009e00  _TIM0_IRQn                      
0     00009b04  _TIM0_Init                      
0     00009e1d  _TIM1_IRQn                      
0     00009b3e  _TIM1_Init                      
0     00009e2a  _TIM2_IRQn                      
0     00009b74  _TIM2_Init                      
0     000094d8  _TINT0_ISR                      
0     000097ba  _UART_AutoBaud_Test             
0     0000970b  _UARTa_Init                     
0     00009744  _UARTa_SendByte                 
0     00009750  _UARTa_SendString               
0     00009488  _USER10_ISR                     
0     00009492  _USER11_ISR                     
0     0000949c  _USER12_ISR                     
0     0000942e  _USER1_ISR                      
0     00009438  _USER2_ISR                      
0     00009442  _USER3_ISR                      
0     0000944c  _USER4_ISR                      
0     00009456  _USER5_ISR                      
0     00009460  _USER6_ISR                      
0     0000946a  _USER7_ISR                      
0     00009474  _USER8_ISR                      
0     0000947e  _USER9_ISR                      
0     000094e2  _WAKEINT_ISR                    
0     000094ba  _XINT1_ISR                      
0     000094c4  _XINT2_ISR                      
0     000096a4  _XINT3_ISR                      
0     000096ae  _XINT4_ISR                      
0     000096b8  _XINT5_ISR                      
0     000096c2  _XINT6_ISR                      
0     000096cc  _XINT7_ISR                      
1     00007070  _XIntruptRegs                   
1     00000b20  _XintfRegs                      
1     00000700  __STACK_END                     
abs   00000300  __STACK_SIZE                    
1     0000c53a  ___TI_cleanup_ptr               
1     0000c53c  ___TI_dtors_ptr                 
1     0000c538  ___TI_enable_exit_profile_output
abs   ffffffff  ___TI_pprof_out_hndl            
abs   ffffffff  ___TI_prof_data_size            
abs   ffffffff  ___TI_prof_data_start           
abs   ffffffff  ___binit__                      
abs   ffffffff  ___c_args__                     
0     00008000  ___cinit__                      
0     00009f54  ___etext__                      
abs   ffffffff  ___pinit__                      
0     00009000  ___text__                       
0     00009ef7  __args_main                     
1     0000c53e  __lock                          
0     00009f48  __nop                           
0     00009f44  __register_lock                 
0     00009f40  __register_unlock               
1     00000400  __stack                         
0     00009f53  __system_post_cinit             
0     00009f51  __system_pre_init               
1     0000c554  __unlock                        
0     00009e6c  _abort                          
0     00009c8c  _c_int00                        
0     00009d32  _copy_in                        
0     00009edd  _ddcopy                         
0     00009edd  _dpcopy                         
0     00009763  _error                          
0     00009e6e  _exit                           
0     00009a2d  _init_zone7                     
0     00009f24  _local_DINTCH1_ISR              
0     00009dbc  _main                           
0     00009edd  _pdcopy                         
0     00009edd  _ppcopy                         
0     00009701  _rsvd_ISR                       
0     00009c25  _rxaint_isr                     
0     00009795  _scia_AutobaudLock              
0     0000976a  _scia_init                      
0     00009785  _scia_xmit                      
0     00009779  _scib_init                      
0     0000978d  _scib_xmit                      
1     0000c528  _smgduan                        
abs   ffffffff  binit                           
0     00008000  cinit                           
0     00000000  code_start                      
0     00009f54  etext                           
abs   ffffffff  pinit                           


GLOBAL SYMBOLS: SORTED BY Symbol Address 

page  address   name                            
----  -------   ----                            
0     00000000  code_start                      
0     00008000  ___cinit__                      
0     00008000  cinit                           
0     00008159  _DSP28x_usDelay                 
0     00009000  .text                           
0     00009000  _DMAInitialize                  
0     00009000  ___text__                       
0     0000900a  _DMACH1AddrConfig               
0     0000901a  _DMACH1BurstConfig              
0     0000902a  _DMACH1TransferConfig           
0     0000903a  _DMACH1WrapConfig               
0     0000904d  _DMACH1ModeConfig               
0     000090a7  _StartDMACH1                    
0     000090af  _DMACH2AddrConfig               
0     000090bf  _DMACH2BurstConfig              
0     000090cf  _DMACH2TransferConfig           
0     000090df  _DMACH2WrapConfig               
0     000090f2  _DMACH2ModeConfig               
0     0000914c  _StartDMACH2                    
0     00009154  _DMACH3AddrConfig               
0     00009164  _DMACH3BurstConfig              
0     00009174  _DMACH3TransferConfig           
0     00009184  _DMACH3WrapConfig               
0     00009197  _DMACH3ModeConfig               
0     000091f1  _StartDMACH3                    
0     000091f9  _DMACH4AddrConfig               
0     00009209  _DMACH4BurstConfig              
0     00009219  _DMACH4TransferConfig           
0     00009229  _DMACH4WrapConfig               
0     0000923c  _DMACH4ModeConfig               
0     00009296  _StartDMACH4                    
0     0000929e  _DMACH5AddrConfig               
0     000092ae  _DMACH5BurstConfig              
0     000092be  _DMACH5TransferConfig           
0     000092ce  _DMACH5WrapConfig               
0     000092e1  _DMACH5ModeConfig               
0     0000933b  _StartDMACH5                    
0     00009343  _DMACH6AddrConfig               
0     00009353  _DMACH6BurstConfig              
0     00009363  _DMACH6TransferConfig           
0     00009373  _DMACH6WrapConfig               
0     00009386  _DMACH6ModeConfig               
0     000093e0  _StartDMACH6                    
0     000093e8  _INT13_ISR                      
0     000093f2  _INT14_ISR                      
0     000093fc  _DATALOG_ISR                    
0     00009406  _RTOSINT_ISR                    
0     00009410  _EMUINT_ISR                     
0     0000941a  _NMI_ISR                        
0     00009424  _ILLEGAL_ISR                    
0     0000942e  _USER1_ISR                      
0     00009438  _USER2_ISR                      
0     00009442  _USER3_ISR                      
0     0000944c  _USER4_ISR                      
0     00009456  _USER5_ISR                      
0     00009460  _USER6_ISR                      
0     0000946a  _USER7_ISR                      
0     00009474  _USER8_ISR                      
0     0000947e  _USER9_ISR                      
0     00009488  _USER10_ISR                     
0     00009492  _USER11_ISR                     
0     0000949c  _USER12_ISR                     
0     000094a6  _SEQ1INT_ISR                    
0     000094b0  _SEQ2INT_ISR                    
0     000094ba  _XINT1_ISR                      
0     000094c4  _XINT2_ISR                      
0     000094ce  _ADCINT_ISR                     
0     000094d8  _TINT0_ISR                      
0     000094e2  _WAKEINT_ISR                    
0     000094ec  _EPWM1_TZINT_ISR                
0     000094f6  _EPWM2_TZINT_ISR                
0     00009500  _EPWM3_TZINT_ISR                
0     0000950a  _EPWM4_TZINT_ISR                
0     00009514  _EPWM5_TZINT_ISR                
0     0000951e  _EPWM6_TZINT_ISR                
0     00009528  _EPWM1_INT_ISR                  
0     00009532  _EPWM2_INT_ISR                  
0     0000953c  _EPWM3_INT_ISR                  
0     00009546  _EPWM4_INT_ISR                  
0     00009550  _EPWM5_INT_ISR                  
0     0000955a  _EPWM6_INT_ISR                  
0     00009564  _ECAP1_INT_ISR                  
0     0000956e  _ECAP2_INT_ISR                  
0     00009578  _ECAP3_INT_ISR                  
0     00009582  _ECAP4_INT_ISR                  
0     0000958c  _ECAP5_INT_ISR                  
0     00009596  _ECAP6_INT_ISR                  
0     000095a0  _EQEP1_INT_ISR                  
0     000095aa  _EQEP2_INT_ISR                  
0     000095b4  _SPIRXINTA_ISR                  
0     000095be  _SPITXINTA_ISR                  
0     000095c8  _MRINTB_ISR                     
0     000095d2  _MXINTB_ISR                     
0     000095dc  _MRINTA_ISR                     
0     000095e6  _MXINTA_ISR                     
0     000095f0  _DINTCH1_ISR                    
0     000095fa  _DINTCH2_ISR                    
0     00009604  _DINTCH3_ISR                    
0     0000960e  _DINTCH4_ISR                    
0     00009618  _DINTCH5_ISR                    
0     00009622  _DINTCH6_ISR                    
0     0000962c  _I2CINT1A_ISR                   
0     00009636  _I2CINT2A_ISR                   
0     00009640  _SCIRXINTC_ISR                  
0     0000964a  _SCITXINTC_ISR                  
0     00009654  _SCIRXINTA_ISR                  
0     0000965e  _SCITXINTA_ISR                  
0     00009668  _SCIRXINTB_ISR                  
0     00009672  _SCITXINTB_ISR                  
0     0000967c  _ECAN0INTA_ISR                  
0     00009686  _ECAN1INTA_ISR                  
0     00009690  _ECAN0INTB_ISR                  
0     0000969a  _ECAN1INTB_ISR                  
0     000096a4  _XINT3_ISR                      
0     000096ae  _XINT4_ISR                      
0     000096b8  _XINT5_ISR                      
0     000096c2  _XINT6_ISR                      
0     000096cc  _XINT7_ISR                      
0     000096d6  _LVF_ISR                        
0     000096e0  _LUF_ISR                        
0     000096ea  _EMPTY_ISR                      
0     000096f7  _PIE_RESERVED                   
0     00009701  _rsvd_ISR                       
0     0000970b  _UARTa_Init                     
0     00009744  _UARTa_SendByte                 
0     00009750  _UARTa_SendString               
0     00009763  _error                          
0     0000976a  _scia_init                      
0     00009779  _scib_init                      
0     00009785  _scia_xmit                      
0     0000978d  _scib_xmit                      
0     00009795  _scia_AutobaudLock              
0     000097ba  _UART_AutoBaud_Test             
0     0000983b  _InitXintf                      
0     00009894  _InitXintf32Gpio                
0     000098db  _InitXintf16Gpio                
0     00009935  _InitSysCtrl                    
0     0000993e  _ServiceDog                     
0     00009948  _DisableDog                     
0     00009950  _InitPll                        
0     000099a1  _InitPeripheralClocks           
0     000099fc  _CsmUnlock                      
0     00009a2d  _init_zone7                     
0     00009a66  _DMACH1_Init                    
0     00009ab1  _DMACH1_ADC_Init                
0     00009b04  _TIM0_Init                      
0     00009b3e  _TIM1_Init                      
0     00009b74  _TIM2_Init                      
0     00009baa  _InitCpuTimers                  
0     00009beb  _ConfigCpuTimer                 
0     00009c25  _rxaint_isr                     
0     00009c8c  _c_int00                        
0     00009ce2  _EXTI1_IRQn                     
0     00009d0a  _EXTI2_IRQn                     
0     00009d32  _copy_in                        
0     00009d78  _LED_Init                       
0     00009dbc  _main                           
0     00009e00  _TIM0_IRQn                      
0     00009e1d  _TIM1_IRQn                      
0     00009e2a  _TIM2_IRQn                      
0     00009e3d  _InitSci                        
0     00009e3e  _InitSciGpio                    
0     00009e43  _InitSciaGpio                   
0     00009e58  _InitScibGpio                   
0     00009e6c  C$$EXIT                         
0     00009e6c  _abort                          
0     00009e6e  _exit                           
0     00009e95  _InitPieCtrl                    
0     00009eb4  _EnableInterrupts               
0     00009ebd  _InitPieVectTable               
0     00009edd  _ddcopy                         
0     00009edd  _dpcopy                         
0     00009edd  _pdcopy                         
0     00009edd  _ppcopy                         
0     00009ef7  __args_main                     
0     00009f10  _InitAdc                        
0     00009f24  _local_DINTCH1_ISR              
0     00009f35  U$$DIV                          
0     00009f3a  U$$MOD                          
0     00009f40  __register_unlock               
0     00009f44  __register_lock                 
0     00009f48  __nop                           
0     00009f51  __system_pre_init               
0     00009f53  __system_post_cinit             
0     00009f54  ___etext__                      
0     00009f54  etext                           
0     00380080  _ADC_cal                        
1     00000400  __stack                         
1     00000700  __STACK_END                     
1     00000880  _DevEmuRegs                     
1     00000a80  _FlashRegs                      
1     00000ae0  _CsmRegs                        
1     00000b00  _AdcMirror                      
1     00000b20  _XintfRegs                      
1     00000c00  _CpuTimer0Regs                  
1     00000c08  _CpuTimer1Regs                  
1     00000c10  _CpuTimer2Regs                  
1     00000ce0  _PieCtrlRegs                    
1     00000d00  _PieVectTable                   
1     00001000  _DmaRegs                        
1     00005000  _McbspaRegs                     
1     00005040  _McbspbRegs                     
1     00006000  _ECanaRegs                      
1     00006040  _ECanaLAMRegs                   
1     00006080  _ECanaMOTSRegs                  
1     000060c0  _ECanaMOTORegs                  
1     00006100  _ECanaMboxes                    
1     00006200  _ECanbRegs                      
1     00006240  _ECanbLAMRegs                   
1     00006280  _ECanbMOTSRegs                  
1     000062c0  _ECanbMOTORegs                  
1     00006300  _ECanbMboxes                    
1     00006800  _EPwm1Regs                      
1     00006840  _EPwm2Regs                      
1     00006880  _EPwm3Regs                      
1     000068c0  _EPwm4Regs                      
1     00006900  _EPwm5Regs                      
1     00006940  _EPwm6Regs                      
1     00006a00  _ECap1Regs                      
1     00006a20  _ECap2Regs                      
1     00006a40  _ECap3Regs                      
1     00006a60  _ECap4Regs                      
1     00006a80  _ECap5Regs                      
1     00006aa0  _ECap6Regs                      
1     00006b00  _EQep1Regs                      
1     00006b40  _EQep2Regs                      
1     00006f80  _GpioCtrlRegs                   
1     00006fc0  _GpioDataRegs                   
1     00006fe0  _GpioIntRegs                    
1     00007010  _SysCtrlRegs                    
1     00007040  _SpiaRegs                       
1     00007050  _SciaRegs                       
1     00007070  _XIntruptRegs                   
1     00007100  _AdcRegs                        
1     00007750  _ScibRegs                       
1     00007770  _ScicRegs                       
1     00007900  _I2caRegs                       
1     0000c000  _DMABuf1                        
1     0000c400  _CN16CHAR                       
1     0000c510  _CpuTimer1                      
1     0000c518  _CpuTimer2                      
1     0000c520  _CpuTimer0                      
1     0000c528  _smgduan                        
1     0000c538  ___TI_enable_exit_profile_output
1     0000c53a  ___TI_cleanup_ptr               
1     0000c53c  ___TI_dtors_ptr                 
1     0000c53e  __lock                          
1     0000c540  _SendChar                       
1     0000c541  _ReceivedAChar                  
1     0000c542  _ReceivedCount                  
1     0000c543  _BRRVal                         
1     0000c544  _ErrorCount                     
1     0000c545  _ReceivedBChar                  
1     0000c546  _Buff                           
1     0000c554  __unlock                        
1     0000d000  _PieVectTableInit               
1     0020fc00  _DMABuf2                        
1     0033fff8  _CsmPwl                         
abs   00000300  __STACK_SIZE                    
abs   ffffffff  ___TI_pprof_out_hndl            
abs   ffffffff  ___TI_prof_data_size            
abs   ffffffff  ___TI_prof_data_start           
abs   ffffffff  ___binit__                      
abs   ffffffff  ___c_args__                     
abs   ffffffff  ___pinit__                      
abs   ffffffff  binit                           
abs   ffffffff  pinit                           

[267 symbols]
